Module for Miniforge3, version 25.3.0-3 unloaded
Module for Miniforge3, version 25.3.0-3 loaded
/bigwork/nhwpseis/.conda/envs/dyrf/lib/python3.13/site-packages/ConfigSpace/configuration_space.py:1038: UserWarning: The field 'default' should be 'default_value' !
Found in item {'name': 'NetworkSelectorDatasetInfo_COLON_darts_COLON_edge_normal_0', 'choices': ['max_pool_3x3', 'avg_pool_3x3', 'skip_connect', 'sep_conv_3x3', 'sep_conv_5x5', 'dil_conv_3x3', 'dil_conv_5x5'], 'probabilities': None}
  return decoder(item, cs, _dec)
/bigwork/nhwpseis/.conda/envs/dyrf/lib/python3.13/site-packages/ConfigSpace/configuration_space.py:1038: UserWarning: The field 'default' should be 'default_value' !
Found in item {'name': 'NetworkSelectorDatasetInfo_COLON_darts_COLON_edge_normal_1', 'choices': ['max_pool_3x3', 'avg_pool_3x3', 'skip_connect', 'sep_conv_3x3', 'sep_conv_5x5', 'dil_conv_3x3', 'dil_conv_5x5'], 'probabilities': None}
  return decoder(item, cs, _dec)
/bigwork/nhwpseis/.conda/envs/dyrf/lib/python3.13/site-packages/ConfigSpace/configuration_space.py:1038: UserWarning: The field 'default' should be 'default_value' !
Found in item {'name': 'NetworkSelectorDatasetInfo_COLON_darts_COLON_edge_reduce_0', 'choices': ['max_pool_3x3', 'avg_pool_3x3', 'skip_connect', 'sep_conv_3x3', 'sep_conv_5x5', 'dil_conv_3x3', 'dil_conv_5x5'], 'probabilities': None}
  return decoder(item, cs, _dec)
/bigwork/nhwpseis/.conda/envs/dyrf/lib/python3.13/site-packages/ConfigSpace/configuration_space.py:1038: UserWarning: The field 'default' should be 'default_value' !
Found in item {'name': 'NetworkSelectorDatasetInfo_COLON_darts_COLON_edge_reduce_1', 'choices': ['max_pool_3x3', 'avg_pool_3x3', 'skip_connect', 'sep_conv_3x3', 'sep_conv_5x5', 'dil_conv_3x3', 'dil_conv_5x5'], 'probabilities': None}
  return decoder(item, cs, _dec)
/bigwork/nhwpseis/.conda/envs/dyrf/lib/python3.13/site-packages/ConfigSpace/configuration_space.py:1038: UserWarning: The field 'default' should be 'default_value' !
Found in item {'name': 'NetworkSelectorDatasetInfo_COLON_darts_COLON_inputs_node_normal_3', 'choices': ['0_1', '0_2', '1_2'], 'probabilities': None}
  return decoder(item, cs, _dec)
/bigwork/nhwpseis/.conda/envs/dyrf/lib/python3.13/site-packages/ConfigSpace/configuration_space.py:1038: UserWarning: The field 'default' should be 'default_value' !
Found in item {'name': 'NetworkSelectorDatasetInfo_COLON_darts_COLON_inputs_node_normal_4', 'choices': ['0_1', '0_2', '0_3', '1_2', '1_3', '2_3'], 'probabilities': None}
  return decoder(item, cs, _dec)
/bigwork/nhwpseis/.conda/envs/dyrf/lib/python3.13/site-packages/ConfigSpace/configuration_space.py:1038: UserWarning: The field 'default' should be 'default_value' !
Found in item {'name': 'NetworkSelectorDatasetInfo_COLON_darts_COLON_inputs_node_normal_5', 'choices': ['0_1', '0_2', '0_3', '0_4', '1_2', '1_3', '1_4', '2_3', '2_4', '3_4'], 'probabilities': None}
  return decoder(item, cs, _dec)
/bigwork/nhwpseis/.conda/envs/dyrf/lib/python3.13/site-packages/ConfigSpace/configuration_space.py:1038: UserWarning: The field 'default' should be 'default_value' !
Found in item {'name': 'NetworkSelectorDatasetInfo_COLON_darts_COLON_inputs_node_reduce_3', 'choices': ['0_1', '0_2', '1_2'], 'probabilities': None}
  return decoder(item, cs, _dec)
/bigwork/nhwpseis/.conda/envs/dyrf/lib/python3.13/site-packages/ConfigSpace/configuration_space.py:1038: UserWarning: The field 'default' should be 'default_value' !
Found in item {'name': 'NetworkSelectorDatasetInfo_COLON_darts_COLON_inputs_node_reduce_4', 'choices': ['0_1', '0_2', '0_3', '1_2', '1_3', '2_3'], 'probabilities': None}
  return decoder(item, cs, _dec)
/bigwork/nhwpseis/.conda/envs/dyrf/lib/python3.13/site-packages/ConfigSpace/configuration_space.py:1038: UserWarning: The field 'default' should be 'default_value' !
Found in item {'name': 'NetworkSelectorDatasetInfo_COLON_darts_COLON_inputs_node_reduce_5', 'choices': ['0_1', '0_2', '0_3', '0_4', '1_2', '1_3', '1_4', '2_3', '2_4', '3_4'], 'probabilities': None}
  return decoder(item, cs, _dec)
/bigwork/nhwpseis/.conda/envs/dyrf/lib/python3.13/site-packages/ConfigSpace/configuration_space.py:1038: UserWarning: The field 'default' should be 'default_value' !
Found in item {'name': 'epoch', 'log': False, 'lower': 1, 'upper': 98}
  return decoder(item, cs, _dec)
/bigwork/nhwpseis/.conda/envs/dyrf/lib/python3.13/site-packages/ConfigSpace/configuration_space.py:1038: UserWarning: The field 'default' should be 'default_value' !
Found in item {'name': 'NetworkSelectorDatasetInfo_COLON_darts_COLON_edge_normal_10', 'choices': ['max_pool_3x3', 'avg_pool_3x3', 'skip_connect', 'sep_conv_3x3', 'sep_conv_5x5', 'dil_conv_3x3', 'dil_conv_5x5'], 'probabilities': None}
  return decoder(item, cs, _dec)
/bigwork/nhwpseis/.conda/envs/dyrf/lib/python3.13/site-packages/ConfigSpace/configuration_space.py:1038: UserWarning: The field 'default' should be 'default_value' !
Found in item {'name': 'NetworkSelectorDatasetInfo_COLON_darts_COLON_edge_normal_11', 'choices': ['max_pool_3x3', 'avg_pool_3x3', 'skip_connect', 'sep_conv_3x3', 'sep_conv_5x5', 'dil_conv_3x3', 'dil_conv_5x5'], 'probabilities': None}
  return decoder(item, cs, _dec)
/bigwork/nhwpseis/.conda/envs/dyrf/lib/python3.13/site-packages/ConfigSpace/configuration_space.py:1038: UserWarning: The field 'default' should be 'default_value' !
Found in item {'name': 'NetworkSelectorDatasetInfo_COLON_darts_COLON_edge_normal_12', 'choices': ['max_pool_3x3', 'avg_pool_3x3', 'skip_connect', 'sep_conv_3x3', 'sep_conv_5x5', 'dil_conv_3x3', 'dil_conv_5x5'], 'probabilities': None}
  return decoder(item, cs, _dec)
/bigwork/nhwpseis/.conda/envs/dyrf/lib/python3.13/site-packages/ConfigSpace/configuration_space.py:1038: UserWarning: The field 'default' should be 'default_value' !
Found in item {'name': 'NetworkSelectorDatasetInfo_COLON_darts_COLON_edge_normal_13', 'choices': ['max_pool_3x3', 'avg_pool_3x3', 'skip_connect', 'sep_conv_3x3', 'sep_conv_5x5', 'dil_conv_3x3', 'dil_conv_5x5'], 'probabilities': None}
  return decoder(item, cs, _dec)
/bigwork/nhwpseis/.conda/envs/dyrf/lib/python3.13/site-packages/ConfigSpace/configuration_space.py:1038: UserWarning: The field 'default' should be 'default_value' !
Found in item {'name': 'NetworkSelectorDatasetInfo_COLON_darts_COLON_edge_normal_2', 'choices': ['max_pool_3x3', 'avg_pool_3x3', 'skip_connect', 'sep_conv_3x3', 'sep_conv_5x5', 'dil_conv_3x3', 'dil_conv_5x5'], 'probabilities': None}
  return decoder(item, cs, _dec)
/bigwork/nhwpseis/.conda/envs/dyrf/lib/python3.13/site-packages/ConfigSpace/configuration_space.py:1038: UserWarning: The field 'default' should be 'default_value' !
Found in item {'name': 'NetworkSelectorDatasetInfo_COLON_darts_COLON_edge_normal_3', 'choices': ['max_pool_3x3', 'avg_pool_3x3', 'skip_connect', 'sep_conv_3x3', 'sep_conv_5x5', 'dil_conv_3x3', 'dil_conv_5x5'], 'probabilities': None}
  return decoder(item, cs, _dec)
/bigwork/nhwpseis/.conda/envs/dyrf/lib/python3.13/site-packages/ConfigSpace/configuration_space.py:1038: UserWarning: The field 'default' should be 'default_value' !
Found in item {'name': 'NetworkSelectorDatasetInfo_COLON_darts_COLON_edge_normal_4', 'choices': ['max_pool_3x3', 'avg_pool_3x3', 'skip_connect', 'sep_conv_3x3', 'sep_conv_5x5', 'dil_conv_3x3', 'dil_conv_5x5'], 'probabilities': None}
  return decoder(item, cs, _dec)
/bigwork/nhwpseis/.conda/envs/dyrf/lib/python3.13/site-packages/ConfigSpace/configuration_space.py:1038: UserWarning: The field 'default' should be 'default_value' !
Found in item {'name': 'NetworkSelectorDatasetInfo_COLON_darts_COLON_edge_normal_5', 'choices': ['max_pool_3x3', 'avg_pool_3x3', 'skip_connect', 'sep_conv_3x3', 'sep_conv_5x5', 'dil_conv_3x3', 'dil_conv_5x5'], 'probabilities': None}
  return decoder(item, cs, _dec)
/bigwork/nhwpseis/.conda/envs/dyrf/lib/python3.13/site-packages/ConfigSpace/configuration_space.py:1038: UserWarning: The field 'default' should be 'default_value' !
Found in item {'name': 'NetworkSelectorDatasetInfo_COLON_darts_COLON_edge_normal_6', 'choices': ['max_pool_3x3', 'avg_pool_3x3', 'skip_connect', 'sep_conv_3x3', 'sep_conv_5x5', 'dil_conv_3x3', 'dil_conv_5x5'], 'probabilities': None}
  return decoder(item, cs, _dec)
/bigwork/nhwpseis/.conda/envs/dyrf/lib/python3.13/site-packages/ConfigSpace/configuration_space.py:1038: UserWarning: The field 'default' should be 'default_value' !
Found in item {'name': 'NetworkSelectorDatasetInfo_COLON_darts_COLON_edge_normal_7', 'choices': ['max_pool_3x3', 'avg_pool_3x3', 'skip_connect', 'sep_conv_3x3', 'sep_conv_5x5', 'dil_conv_3x3', 'dil_conv_5x5'], 'probabilities': None}
  return decoder(item, cs, _dec)
/bigwork/nhwpseis/.conda/envs/dyrf/lib/python3.13/site-packages/ConfigSpace/configuration_space.py:1038: UserWarning: The field 'default' should be 'default_value' !
Found in item {'name': 'NetworkSelectorDatasetInfo_COLON_darts_COLON_edge_normal_8', 'choices': ['max_pool_3x3', 'avg_pool_3x3', 'skip_connect', 'sep_conv_3x3', 'sep_conv_5x5', 'dil_conv_3x3', 'dil_conv_5x5'], 'probabilities': None}
  return decoder(item, cs, _dec)
/bigwork/nhwpseis/.conda/envs/dyrf/lib/python3.13/site-packages/ConfigSpace/configuration_space.py:1038: UserWarning: The field 'default' should be 'default_value' !
Found in item {'name': 'NetworkSelectorDatasetInfo_COLON_darts_COLON_edge_normal_9', 'choices': ['max_pool_3x3', 'avg_pool_3x3', 'skip_connect', 'sep_conv_3x3', 'sep_conv_5x5', 'dil_conv_3x3', 'dil_conv_5x5'], 'probabilities': None}
  return decoder(item, cs, _dec)
/bigwork/nhwpseis/.conda/envs/dyrf/lib/python3.13/site-packages/ConfigSpace/configuration_space.py:1038: UserWarning: The field 'default' should be 'default_value' !
Found in item {'name': 'NetworkSelectorDatasetInfo_COLON_darts_COLON_edge_reduce_10', 'choices': ['max_pool_3x3', 'avg_pool_3x3', 'skip_connect', 'sep_conv_3x3', 'sep_conv_5x5', 'dil_conv_3x3', 'dil_conv_5x5'], 'probabilities': None}
  return decoder(item, cs, _dec)
/bigwork/nhwpseis/.conda/envs/dyrf/lib/python3.13/site-packages/ConfigSpace/configuration_space.py:1038: UserWarning: The field 'default' should be 'default_value' !
Found in item {'name': 'NetworkSelectorDatasetInfo_COLON_darts_COLON_edge_reduce_11', 'choices': ['max_pool_3x3', 'avg_pool_3x3', 'skip_connect', 'sep_conv_3x3', 'sep_conv_5x5', 'dil_conv_3x3', 'dil_conv_5x5'], 'probabilities': None}
  return decoder(item, cs, _dec)
/bigwork/nhwpseis/.conda/envs/dyrf/lib/python3.13/site-packages/ConfigSpace/configuration_space.py:1038: UserWarning: The field 'default' should be 'default_value' !
Found in item {'name': 'NetworkSelectorDatasetInfo_COLON_darts_COLON_edge_reduce_12', 'choices': ['max_pool_3x3', 'avg_pool_3x3', 'skip_connect', 'sep_conv_3x3', 'sep_conv_5x5', 'dil_conv_3x3', 'dil_conv_5x5'], 'probabilities': None}
  return decoder(item, cs, _dec)
/bigwork/nhwpseis/.conda/envs/dyrf/lib/python3.13/site-packages/ConfigSpace/configuration_space.py:1038: UserWarning: The field 'default' should be 'default_value' !
Found in item {'name': 'NetworkSelectorDatasetInfo_COLON_darts_COLON_edge_reduce_13', 'choices': ['max_pool_3x3', 'avg_pool_3x3', 'skip_connect', 'sep_conv_3x3', 'sep_conv_5x5', 'dil_conv_3x3', 'dil_conv_5x5'], 'probabilities': None}
  return decoder(item, cs, _dec)
/bigwork/nhwpseis/.conda/envs/dyrf/lib/python3.13/site-packages/ConfigSpace/configuration_space.py:1038: UserWarning: The field 'default' should be 'default_value' !
Found in item {'name': 'NetworkSelectorDatasetInfo_COLON_darts_COLON_edge_reduce_2', 'choices': ['max_pool_3x3', 'avg_pool_3x3', 'skip_connect', 'sep_conv_3x3', 'sep_conv_5x5', 'dil_conv_3x3', 'dil_conv_5x5'], 'probabilities': None}
  return decoder(item, cs, _dec)
/bigwork/nhwpseis/.conda/envs/dyrf/lib/python3.13/site-packages/ConfigSpace/configuration_space.py:1038: UserWarning: The field 'default' should be 'default_value' !
Found in item {'name': 'NetworkSelectorDatasetInfo_COLON_darts_COLON_edge_reduce_3', 'choices': ['max_pool_3x3', 'avg_pool_3x3', 'skip_connect', 'sep_conv_3x3', 'sep_conv_5x5', 'dil_conv_3x3', 'dil_conv_5x5'], 'probabilities': None}
  return decoder(item, cs, _dec)
/bigwork/nhwpseis/.conda/envs/dyrf/lib/python3.13/site-packages/ConfigSpace/configuration_space.py:1038: UserWarning: The field 'default' should be 'default_value' !
Found in item {'name': 'NetworkSelectorDatasetInfo_COLON_darts_COLON_edge_reduce_4', 'choices': ['max_pool_3x3', 'avg_pool_3x3', 'skip_connect', 'sep_conv_3x3', 'sep_conv_5x5', 'dil_conv_3x3', 'dil_conv_5x5'], 'probabilities': None}
  return decoder(item, cs, _dec)
/bigwork/nhwpseis/.conda/envs/dyrf/lib/python3.13/site-packages/ConfigSpace/configuration_space.py:1038: UserWarning: The field 'default' should be 'default_value' !
Found in item {'name': 'NetworkSelectorDatasetInfo_COLON_darts_COLON_edge_reduce_5', 'choices': ['max_pool_3x3', 'avg_pool_3x3', 'skip_connect', 'sep_conv_3x3', 'sep_conv_5x5', 'dil_conv_3x3', 'dil_conv_5x5'], 'probabilities': None}
  return decoder(item, cs, _dec)
/bigwork/nhwpseis/.conda/envs/dyrf/lib/python3.13/site-packages/ConfigSpace/configuration_space.py:1038: UserWarning: The field 'default' should be 'default_value' !
Found in item {'name': 'NetworkSelectorDatasetInfo_COLON_darts_COLON_edge_reduce_6', 'choices': ['max_pool_3x3', 'avg_pool_3x3', 'skip_connect', 'sep_conv_3x3', 'sep_conv_5x5', 'dil_conv_3x3', 'dil_conv_5x5'], 'probabilities': None}
  return decoder(item, cs, _dec)
/bigwork/nhwpseis/.conda/envs/dyrf/lib/python3.13/site-packages/ConfigSpace/configuration_space.py:1038: UserWarning: The field 'default' should be 'default_value' !
Found in item {'name': 'NetworkSelectorDatasetInfo_COLON_darts_COLON_edge_reduce_7', 'choices': ['max_pool_3x3', 'avg_pool_3x3', 'skip_connect', 'sep_conv_3x3', 'sep_conv_5x5', 'dil_conv_3x3', 'dil_conv_5x5'], 'probabilities': None}
  return decoder(item, cs, _dec)
/bigwork/nhwpseis/.conda/envs/dyrf/lib/python3.13/site-packages/ConfigSpace/configuration_space.py:1038: UserWarning: The field 'default' should be 'default_value' !
Found in item {'name': 'NetworkSelectorDatasetInfo_COLON_darts_COLON_edge_reduce_8', 'choices': ['max_pool_3x3', 'avg_pool_3x3', 'skip_connect', 'sep_conv_3x3', 'sep_conv_5x5', 'dil_conv_3x3', 'dil_conv_5x5'], 'probabilities': None}
  return decoder(item, cs, _dec)
/bigwork/nhwpseis/.conda/envs/dyrf/lib/python3.13/site-packages/ConfigSpace/configuration_space.py:1038: UserWarning: The field 'default' should be 'default_value' !
Found in item {'name': 'NetworkSelectorDatasetInfo_COLON_darts_COLON_edge_reduce_9', 'choices': ['max_pool_3x3', 'avg_pool_3x3', 'skip_connect', 'sep_conv_3x3', 'sep_conv_5x5', 'dil_conv_3x3', 'dil_conv_5x5'], 'probabilities': None}
  return decoder(item, cs, _dec)
/bigwork/nhwpseis/.conda/envs/dyrf/lib/python3.13/site-packages/numpy/_core/fromnumeric.py:3862: RuntimeWarning: Mean of empty slice
  return _methods._mean(a, axis=axis, dtype=dtype,
/bigwork/nhwpseis/.conda/envs/dyrf/lib/python3.13/site-packages/numpy/_core/_methods.py:142: RuntimeWarning: invalid value encountered in scalar divide
  ret = ret.dtype.type(ret / rcount)
/bigwork/nhwpseis/.conda/envs/dyrf/lib/python3.13/site-packages/numpy/_core/fromnumeric.py:3862: RuntimeWarning: Mean of empty slice
  return _methods._mean(a, axis=axis, dtype=dtype,
/bigwork/nhwpseis/.conda/envs/dyrf/lib/python3.13/site-packages/numpy/_core/_methods.py:142: RuntimeWarning: invalid value encountered in scalar divide
  ret = ret.dtype.type(ret / rcount)
/bigwork/nhwpseis/.conda/envs/dyrf/lib/python3.13/site-packages/numpy/_core/fromnumeric.py:3862: RuntimeWarning: Mean of empty slice
  return _methods._mean(a, axis=axis, dtype=dtype,
/bigwork/nhwpseis/.conda/envs/dyrf/lib/python3.13/site-packages/numpy/_core/_methods.py:142: RuntimeWarning: invalid value encountered in scalar divide
  ret = ret.dtype.type(ret / rcount)
/bigwork/nhwpseis/.conda/envs/dyrf/lib/python3.13/site-packages/numpy/_core/fromnumeric.py:3862: RuntimeWarning: Mean of empty slice
  return _methods._mean(a, axis=axis, dtype=dtype,
/bigwork/nhwpseis/.conda/envs/dyrf/lib/python3.13/site-packages/numpy/_core/_methods.py:142: RuntimeWarning: invalid value encountered in scalar divide
  ret = ret.dtype.type(ret / rcount)
/bigwork/nhwpseis/.conda/envs/dyrf/lib/python3.13/site-packages/numpy/_core/fromnumeric.py:3862: RuntimeWarning: Mean of empty slice
  return _methods._mean(a, axis=axis, dtype=dtype,
/bigwork/nhwpseis/.conda/envs/dyrf/lib/python3.13/site-packages/numpy/_core/_methods.py:142: RuntimeWarning: invalid value encountered in scalar divide
  ret = ret.dtype.type(ret / rcount)
