==================================================
Array Job ID: 7547051 | Task Index: 2
Running arguments: +optimizer=dyrf_epistemic_hpobench optimizer.extractor_name=standard_disagreement +task/HPOBench/blackbox/tabular/ml=cfg_ml_svm_3 task.optimization_resources.n_trials=50 seed=2 optimizer.telemetry_path=results/telemetry_standard_disagreement_cfg_ml_svm_3_seed2.json
==================================================
==================================================
Running CARP-S HPOBench Dynamic BO Benchmark Sweep
Using python: python3
==================================================
[[36m2026-07-16 20:01:40,410[0m][[34m/bigwork/nhwpseis/.conda/envs/dyrf/lib/python3.13/site-packages/carps/run.py[0m][[32mINFO[0m] - Runcommand: `python -m carps.run +optimizer=dyrf_epistemic_hpobench optimizer.extractor_name=standard_disagreement +task/HPOBench/blackbox/tabular/ml=cfg_ml_svm_3 task.optimization_resources.n_trials=50 seed=2 optimizer.telemetry_path=results/telemetry_standard_disagreement_cfg_ml_svm_3_seed2.json`[0m
{
    'seed': 2,
    'task': {
        '_target_': 'carps.utils.task.Task',
        'name': 'hpobench/blackbox/tabular/ml/svm/3',
        'seed': 2,
        'objective_function': {
            '_target_': 
'carps.objective_functions.hpo_bench.HPOBenchObjectiveFunction',
            'model': 'svm',
            'task_id': 3,
            'budget_type': None,
            'benchmark_client': None,
            'seed': 2,
            'metric': ['function_value']
        },
        'input_space': {
            '_target_': 'carps.utils.task.InputSpace',
            'configuration_space': {
                '_target_': 
'ConfigSpace.configuration_space.ConfigurationSpace.from_serialized_dict',
                '_convert_': 'object',
                'd': {
                    'name': None,
                    'hyperparameters': [
                        {
                            'type': 'ordinal',
                            'name': 'C',
                            'sequence': [
                                0.0009765625,
                                0.001953125,
                                0.00390625,
                                0.0078125,
                                0.015625,
                                0.03125,
                                0.0625,
                                0.125,
                                0.25,
                                0.5,
                                1.0,
                                2.0,
                                4.0,
                                8.0,
                                16.0,
                                32.0,
                                64.0,
                                128.0,
                                256.0,
                                512.0,
                                1024.0
                            ],
                            'default_value': 0.0009765625,
                            'meta': None
                        },
                        {
                            'type': 'ordinal',
                            'name': 'gamma',
                            'sequence': [
                                0.0009765625,
                                0.001953125,
                                0.00390625,
                                0.0078125,
                                0.015625,
                                0.03125,
                                0.0625,
                                0.125,
                                0.25,
                                0.5,
                                1.0,
                                2.0,
                                4.0,
                                8.0,
                                16.0,
                                32.0,
                                64.0,
                                128.0,
                                256.0,
                                512.0,
                                1024.0
                            ],
                            'default_value': 0.0009765625,
                            'meta': None
                        }
                    ],
                    'conditions': [],
                    'forbiddens': [],
                    'python_module_version': '1.2.0',
                    'format_version': 0.4
                }
            },
            'fidelity_space': {
                '_target_': 'carps.utils.task.FidelitySpace',
                'is_multifidelity': False,
                'fidelity_type': None,
                'min_fidelity': None,
                'max_fidelity': None
            },
            'instance_space': None
        },
        'output_space': {
            '_target_': 'carps.utils.task.OutputSpace',
            'n_objectives': 1,
            'objectives': ['function_value']
        },
        'optimization_resources': {
            '_target_': 'carps.utils.task.OptimizationResources',
            'n_trials': 50,
            'time_budget': None,
            'n_workers': 1
        },
        'metadata': {
            '_target_': 'carps.utils.task.TaskMetadata',
            'has_constraints': False,
            'domain': 'ML',
            'objective_function_approximation': 'tabular',
            'has_virtual_time': False,
            'deterministic': False,
            'dimensions': 2,
            'search_space_n_categoricals': 0,
            'search_space_n_ordinals': 2,
            'search_space_n_integers': 0,
            'search_space_n_floats': 0,
            'search_space_has_conditionals': False,
            'search_space_has_forbiddens': False,
            'search_space_has_priors': False
        }
    },
    'benchmark_id': 'HPOBench',
    'task_id': 'hpobench/blackbox/tabular/ml/svm/3',
    'optimizer': {
        '_target_': 'carps_integration.optimizer.CARPSDynamicRFOptimizer',
        '_partial_': True,
        'extractor_name': 'standard_disagreement',
        'n_init': 10,
        'kappa': 1.96,
        'telemetry_path': 
'results/telemetry_standard_disagreement_cfg_ml_svm_3_seed2.json',
        'window_size': 5,
        'min_samples_leaf_base': 2,
        'min_samples_leaf_min': 1,
        'min_samples_leaf_max': 15,
        'alpha': 1.0,
        'max_features_base': 0.5,
        'max_features_min': 0.1,
        'max_features_max': 0.8,
        'eta': 0.5
    },
    'optimizer_id': 'CARPSDynamicRF',
    'optimizer_container_id': 'CARPSDynamicRF',
    'pyexperimenter_configuration_file_path': None,
    'database_credential_file_path': None,
    'use_special_conda_env': False,
    'conda_env_name': 'carps_HPOBench_CARPSDynamicRF',
    'timestamp': '2026-07-16/20-01-39',
    'baserundir': 'runs',
    'outdir': 
'runs/CARPSDynamicRF/HPOBench/hpobench/blackbox/tabular/ml/svm/3/2',
    'loggers': [
        {
            '_target_': 'carps.loggers.file_logger.FileLogger',
            '_partial_': True,
            'overwrite': True
        },
        {
            '_target_': 'carps.loggers.database_logger.DatabaseLogger',
            '_partial_': True
        }
    ]
}
[[36m2026-07-16 20:01:41,458[0m][[34mFileLogger[0m][[32mINFO[0m] - Found previous run. Removing 'runs/CARPSDynamicRF/HPOBench/hpobench/blackbox/tabular/ml/svm/3/2'.[0m
==================================================
Array Task Index 2 Finished
==================================================
