
======================================================================
EPISTEMIC UNCERTAINTY QUANTIFICATION - COMPREHENSIVE TEST SUITE
Started: 2026-07-10 01:38:19
Config: RF Config=5, K Neighbors=20, Gap Type=sparse, Multiplier=5, Scaling Law=leaf, Runs=5, Topological Decay Lambda=None
======================================================================

[SETUP SUMMARY]
  * Functions: 36 total (5 1D, 5 2D, 5 3D, 3 4D, 3 5D, 3 6D, 3 7D, 3 8D, 3 9D, 3 10D)
  * Runs: 5 (total evaluations: 180)
  * Approaches: Proximity_Baseline, Proximity_Method_A, Proximity_Method_B, Proximity_Method_C, Proximity_Method_B_C
  * Metrics: AUROC, FPR@95TPR, Spearman, Brier, MI, JSD
  * Statistical tests: Friedman + Bonferroni-corrected Wilcoxon (alpha=0.05)
  * Proximity Device: GPU (CuPy)


######################################################################
# UNIFIED TEST: All Functions (aggregated by dimension)
######################################################################
Running 36 functions x 5 seeds = 180 evaluations (single pass)

[RUN 1/5]  [OK] (1092.2s, ETA: 72m remaining)
[RUN 2/5]  [OK] (669.9s, ETA: 33m remaining)
[RUN 3/5]  [OK] (676.1s, ETA: 22m remaining)
[RUN 4/5]  [OK] (720.2s, ETA: 12m remaining)
[RUN 5/5]  [OK] (1168.0s, ETA: 0m remaining)

[SUCCESS] Unified test completed in 72.1 minutes


######################################################################
# TEST 1: ALL FUNCTIONS TOGETHER
######################################################################

======================================================================
ALL FUNCTIONS (36 x 5 = 180 tests)
======================================================================

--- AUROC ---
Proximity_Baseline: Mean = 0.3488, Std = 0.1837
Proximity_Method_A: Mean = 0.3492, Std = 0.1839
Proximity_Method_B: Mean = 0.3103, Std = 0.2246
Proximity_Method_C: Mean = 0.3558, Std = 0.1928
Proximity_Method_B_C: Mean = 0.3251, Std = 0.2274

--- FPR95 ---
Proximity_Baseline: Mean = 0.9277, Std = 0.1322
Proximity_Method_A: Mean = 0.9270, Std = 0.1334
Proximity_Method_B: Mean = 0.8856, Std = 0.1820
Proximity_Method_C: Mean = 0.9266, Std = 0.1438
Proximity_Method_B_C: Mean = 0.8920, Std = 0.1729

--- SPEARMAN ---
Proximity_Baseline: Mean = 0.0827, Std = 0.1612
Proximity_Method_A: Mean = 0.0826, Std = 0.1608
Proximity_Method_B: Mean = 0.1006, Std = 0.1864
Proximity_Method_C: Mean = 0.0822, Std = 0.1596
Proximity_Method_B_C: Mean = 0.0953, Std = 0.1816

--- BRIER ---
Proximity_Baseline: Mean = 0.2367, Std = 0.0619
Proximity_Method_A: Mean = 0.2368, Std = 0.0615
Proximity_Method_B: Mean = 0.2085, Std = 0.0697
Proximity_Method_C: Mean = 0.2342, Std = 0.0650
Proximity_Method_B_C: Mean = 0.2119, Std = 0.0692

--- MI ---
Proximity_Baseline: Mean = 0.2409, Std = 0.2010
Proximity_Method_A: Mean = 0.2421, Std = 0.2014
Proximity_Method_B: Mean = 0.3964, Std = 0.2225
Proximity_Method_C: Mean = 0.2408, Std = 0.2071
Proximity_Method_B_C: Mean = 0.3513, Std = 0.2117

--- JSD ---
Proximity_Baseline: Mean = 0.2538, Std = 0.2022
Proximity_Method_A: Mean = 0.2549, Std = 0.2027
Proximity_Method_B: Mean = 0.4203, Std = 0.2234
Proximity_Method_C: Mean = 0.2532, Std = 0.2077
Proximity_Method_B_C: Mean = 0.3725, Std = 0.2120

--- NAURC ---
Proximity_Baseline: Mean = 0.7470, Std = 0.2647
Proximity_Method_A: Mean = 0.7465, Std = 0.2643
Proximity_Method_B: Mean = 0.6867, Std = 0.2535
Proximity_Method_C: Mean = 0.7521, Std = 0.2650
Proximity_Method_B_C: Mean = 0.6997, Std = 0.2573

--- Statistical Validation (alpha = 0.05) ---

AUROC:
  Friedman Test: chi2 = 6.2444, p = 1.8162e-01
  Result: NOT SIGNIFICANT (p >= 0.05)

FPR95:
  Friedman Test: chi2 = 6.7291, p = 1.5092e-01
  Result: NOT SIGNIFICANT (p >= 0.05)

SPEARMAN:
  Friedman Test: chi2 = 15.0222, p = 4.6553e-03
  Result: SIGNIFICANT (p < 0.05)
  Bonferroni-corrected alpha = 5.0000e-03
    Proximity_Baseline vs Proximity_Method_A: p = 8.8281e-01 ([NS])
    Proximity_Baseline vs Proximity_Method_B: p = 2.7160e-02 ([NS])
    Proximity_Baseline vs Proximity_Method_C: p = 3.7917e-01 ([NS])
    Proximity_Baseline vs Proximity_Method_B_C: p = 7.1754e-02 ([NS])
    Proximity_Method_A vs Proximity_Method_B: p = 3.4831e-02 ([NS])
    Proximity_Method_A vs Proximity_Method_C: p = 7.3857e-01 ([NS])
    Proximity_Method_A vs Proximity_Method_B_C: p = 5.3552e-02 ([NS])
    Proximity_Method_B vs Proximity_Method_C: p = 2.0960e-02 ([NS])
    Proximity_Method_B vs Proximity_Method_B_C: p = 8.4619e-01 ([NS])
    Proximity_Method_C vs Proximity_Method_B_C: p = 4.9644e-02 ([NS])

BRIER:
  Friedman Test: chi2 = 28.7111, p = 8.9480e-06
  Result: SIGNIFICANT (p < 0.05)
  Bonferroni-corrected alpha = 5.0000e-03
    Proximity_Baseline vs Proximity_Method_A: p = 8.5837e-01 ([NS])
    Proximity_Baseline vs Proximity_Method_B: p = 2.4800e-03 ([SIG])
    Proximity_Baseline vs Proximity_Method_C: p = 5.5598e-02 ([NS])
    Proximity_Baseline vs Proximity_Method_B_C: p = 6.3211e-03 ([NS])
    Proximity_Method_A vs Proximity_Method_B: p = 2.3394e-03 ([SIG])
    Proximity_Method_A vs Proximity_Method_C: p = 3.2095e-02 ([NS])
    Proximity_Method_A vs Proximity_Method_B_C: p = 5.9996e-03 ([NS])
    Proximity_Method_B vs Proximity_Method_C: p = 5.3993e-03 ([NS])
    Proximity_Method_B vs Proximity_Method_B_C: p = 5.2908e-01 ([NS])
    Proximity_Method_C vs Proximity_Method_B_C: p = 4.5976e-03 ([SIG])

MI:
  Friedman Test: chi2 = 54.4444, p = 4.2475e-11
  Result: SIGNIFICANT (p < 0.05)
  Bonferroni-corrected alpha = 5.0000e-03
    Proximity_Baseline vs Proximity_Method_A: p = 8.0990e-01 ([NS])
    Proximity_Baseline vs Proximity_Method_B: p = 3.9585e-06 ([SIG])
    Proximity_Baseline vs Proximity_Method_C: p = 7.3857e-01 ([NS])
    Proximity_Baseline vs Proximity_Method_B_C: p = 3.3327e-05 ([SIG])
    Proximity_Method_A vs Proximity_Method_B: p = 3.5575e-06 ([SIG])
    Proximity_Method_A vs Proximity_Method_C: p = 9.3199e-01 ([NS])
    Proximity_Method_A vs Proximity_Method_B_C: p = 2.7887e-05 ([SIG])
    Proximity_Method_B vs Proximity_Method_C: p = 3.1940e-06 ([SIG])
    Proximity_Method_B vs Proximity_Method_B_C: p = 2.1586e-04 ([SIG])
    Proximity_Method_C vs Proximity_Method_B_C: p = 4.7211e-05 ([SIG])

JSD:
  Friedman Test: chi2 = 57.4444, p = 9.9811e-12
  Result: SIGNIFICANT (p < 0.05)
  Bonferroni-corrected alpha = 5.0000e-03
    Proximity_Baseline vs Proximity_Method_A: p = 7.0368e-01 ([NS])
    Proximity_Baseline vs Proximity_Method_B: p = 1.1537e-06 ([SIG])
    Proximity_Baseline vs Proximity_Method_C: p = 7.8592e-01 ([NS])
    Proximity_Baseline vs Proximity_Method_B_C: p = 1.7639e-05 ([SIG])
    Proximity_Method_A vs Proximity_Method_B: p = 9.0827e-07 ([SIG])
    Proximity_Method_A vs Proximity_Method_C: p = 9.3199e-01 ([NS])
    Proximity_Method_A vs Proximity_Method_B_C: p = 1.7639e-05 ([SIG])
    Proximity_Method_B vs Proximity_Method_C: p = 1.1537e-06 ([SIG])
    Proximity_Method_B vs Proximity_Method_B_C: p = 9.9569e-05 ([SIG])
    Proximity_Method_C vs Proximity_Method_B_C: p = 2.1233e-05 ([SIG])

NAURC:
  Friedman Test: chi2 = 56.8222, p = 1.3481e-11
  Result: SIGNIFICANT (p < 0.05)
  Bonferroni-corrected alpha = 5.0000e-03
    Proximity_Baseline vs Proximity_Method_A: p = 2.4508e-01 ([NS])
    Proximity_Baseline vs Proximity_Method_B: p = 2.0540e-06 ([SIG])
    Proximity_Baseline vs Proximity_Method_C: p = 9.8143e-01 ([NS])
    Proximity_Baseline vs Proximity_Method_B_C: p = 1.3280e-05 ([SIG])
    Proximity_Method_A vs Proximity_Method_B: p = 1.8344e-06 ([SIG])
    Proximity_Method_A vs Proximity_Method_C: p = 9.1966e-01 ([NS])
    Proximity_Method_A vs Proximity_Method_B_C: p = 1.4610e-05 ([SIG])
    Proximity_Method_B vs Proximity_Method_C: p = 1.0243e-06 ([SIG])
    Proximity_Method_B vs Proximity_Method_B_C: p = 3.3473e-04 ([SIG])
    Proximity_Method_C vs Proximity_Method_B_C: p = 2.8647e-06 ([SIG])


######################################################################
# TEST 2: BY DIMENSION
######################################################################


[DIMENSION] 1D Functions
----------------------------------------------------------------------

======================================================================
1D Functions (runs = 5)
======================================================================

--- AUROC ---
Proximity_Baseline: Mean = 0.6215, Std = 0.1870
Proximity_Method_A: Mean = 0.6231, Std = 0.1891
Proximity_Method_B: Mean = 0.6818, Std = 0.1967
Proximity_Method_C: Mean = 0.6520, Std = 0.1820
Proximity_Method_B_C: Mean = 0.6961, Std = 0.1882

--- FPR95 ---
Proximity_Baseline: Mean = 0.7143, Std = 0.2483
Proximity_Method_A: Mean = 0.7083, Std = 0.2477
Proximity_Method_B: Mean = 0.5884, Std = 0.2773
Proximity_Method_C: Mean = 0.7183, Std = 0.2919
Proximity_Method_B_C: Mean = 0.6281, Std = 0.2739

--- SPEARMAN ---
Proximity_Baseline: Mean = 0.1127, Std = 0.1281
Proximity_Method_A: Mean = 0.1118, Std = 0.1257
Proximity_Method_B: Mean = 0.1205, Std = 0.1219
Proximity_Method_C: Mean = 0.1159, Std = 0.1157
Proximity_Method_B_C: Mean = 0.1155, Std = 0.1150

--- BRIER ---
Proximity_Baseline: Mean = 0.2457, Std = 0.0499
Proximity_Method_A: Mean = 0.2454, Std = 0.0500
Proximity_Method_B: Mean = 0.2252, Std = 0.0568
Proximity_Method_C: Mean = 0.2336, Std = 0.0732
Proximity_Method_B_C: Mean = 0.2171, Std = 0.0819

--- MI ---
Proximity_Baseline: Mean = 0.4885, Std = 0.1301
Proximity_Method_A: Mean = 0.4986, Std = 0.1308
Proximity_Method_B: Mean = 0.7137, Std = 0.1107
Proximity_Method_C: Mean = 0.5042, Std = 0.1511
Proximity_Method_B_C: Mean = 0.6551, Std = 0.1239

--- JSD ---
Proximity_Baseline: Mean = 0.5108, Std = 0.1273
Proximity_Method_A: Mean = 0.5206, Std = 0.1281
Proximity_Method_B: Mean = 0.7352, Std = 0.1015
Proximity_Method_C: Mean = 0.5241, Std = 0.1455
Proximity_Method_B_C: Mean = 0.6700, Std = 0.1180

--- NAURC ---
Proximity_Baseline: Mean = 0.7498, Std = 0.2255
Proximity_Method_A: Mean = 0.7485, Std = 0.2240
Proximity_Method_B: Mean = 0.6984, Std = 0.2193
Proximity_Method_C: Mean = 0.7717, Std = 0.2256
Proximity_Method_B_C: Mean = 0.7255, Std = 0.2120

--- Statistical Validation (alpha = 0.05) ---

AUROC:
  Friedman Test: chi2 = 5.9200, p = 2.0520e-01
  Result: NOT SIGNIFICANT (p >= 0.05)

FPR95:
  Friedman Test: chi2 = 2.4000, p = 6.6263e-01
  Result: NOT SIGNIFICANT (p >= 0.05)

SPEARMAN:
  Friedman Test: chi2 = 0.4800, p = 9.7542e-01
  Result: NOT SIGNIFICANT (p >= 0.05)

BRIER:
  Friedman Test: chi2 = 9.1200, p = 5.8169e-02
  Result: NOT SIGNIFICANT (p >= 0.05)

MI:
  Friedman Test: chi2 = 15.6800, p = 3.4800e-03
  Result: SIGNIFICANT (p < 0.05)
  Bonferroni-corrected alpha = 5.0000e-03
    Proximity_Baseline vs Proximity_Method_A: p = 4.3750e-01 ([NS])
    Proximity_Baseline vs Proximity_Method_B: p = 6.2500e-02 ([NS])
    Proximity_Baseline vs Proximity_Method_C: p = 4.3750e-01 ([NS])
    Proximity_Baseline vs Proximity_Method_B_C: p = 6.2500e-02 ([NS])
    Proximity_Method_A vs Proximity_Method_B: p = 6.2500e-02 ([NS])
    Proximity_Method_A vs Proximity_Method_C: p = 8.1250e-01 ([NS])
    Proximity_Method_A vs Proximity_Method_B_C: p = 6.2500e-02 ([NS])
    Proximity_Method_B vs Proximity_Method_C: p = 6.2500e-02 ([NS])
    Proximity_Method_B vs Proximity_Method_B_C: p = 3.1250e-01 ([NS])
    Proximity_Method_C vs Proximity_Method_B_C: p = 6.2500e-02 ([NS])

JSD:
  Friedman Test: chi2 = 16.0000, p = 3.0192e-03
  Result: SIGNIFICANT (p < 0.05)
  Bonferroni-corrected alpha = 5.0000e-03
    Proximity_Baseline vs Proximity_Method_A: p = 4.3750e-01 ([NS])
    Proximity_Baseline vs Proximity_Method_B: p = 6.2500e-02 ([NS])
    Proximity_Baseline vs Proximity_Method_C: p = 4.3750e-01 ([NS])
    Proximity_Baseline vs Proximity_Method_B_C: p = 6.2500e-02 ([NS])
    Proximity_Method_A vs Proximity_Method_B: p = 6.2500e-02 ([NS])
    Proximity_Method_A vs Proximity_Method_C: p = 8.1250e-01 ([NS])
    Proximity_Method_A vs Proximity_Method_B_C: p = 6.2500e-02 ([NS])
    Proximity_Method_B vs Proximity_Method_C: p = 6.2500e-02 ([NS])
    Proximity_Method_B vs Proximity_Method_B_C: p = 1.8750e-01 ([NS])
    Proximity_Method_C vs Proximity_Method_B_C: p = 6.2500e-02 ([NS])

NAURC:
  Friedman Test: chi2 = 5.2800, p = 2.5976e-01
  Result: NOT SIGNIFICANT (p >= 0.05)

[DIMENSION] 2D Functions
----------------------------------------------------------------------

======================================================================
2D Functions (runs = 5)
======================================================================

--- AUROC ---
Proximity_Baseline: Mean = 0.3699, Std = 0.1111
Proximity_Method_A: Mean = 0.3695, Std = 0.1108
Proximity_Method_B: Mean = 0.3633, Std = 0.1688
Proximity_Method_C: Mean = 0.4092, Std = 0.1228
Proximity_Method_B_C: Mean = 0.4258, Std = 0.1861

--- FPR95 ---
Proximity_Baseline: Mean = 0.9305, Std = 0.0544
Proximity_Method_A: Mean = 0.9308, Std = 0.0550
Proximity_Method_B: Mean = 0.8691, Std = 0.1338
Proximity_Method_C: Mean = 0.9177, Std = 0.0607
Proximity_Method_B_C: Mean = 0.8398, Std = 0.1535

--- SPEARMAN ---
Proximity_Baseline: Mean = 0.1452, Std = 0.2205
Proximity_Method_A: Mean = 0.1419, Std = 0.2212
Proximity_Method_B: Mean = 0.1574, Std = 0.2525
Proximity_Method_C: Mean = 0.1367, Std = 0.2161
Proximity_Method_B_C: Mean = 0.1269, Std = 0.2282

--- BRIER ---
Proximity_Baseline: Mean = 0.2650, Std = 0.0274
Proximity_Method_A: Mean = 0.2649, Std = 0.0274
Proximity_Method_B: Mean = 0.2466, Std = 0.0470
Proximity_Method_C: Mean = 0.2677, Std = 0.0249
Proximity_Method_B_C: Mean = 0.2541, Std = 0.0354

--- MI ---
Proximity_Baseline: Mean = 0.1863, Std = 0.0534
Proximity_Method_A: Mean = 0.1853, Std = 0.0540
Proximity_Method_B: Mean = 0.3264, Std = 0.1229
Proximity_Method_C: Mean = 0.1645, Std = 0.0471
Proximity_Method_B_C: Mean = 0.2588, Std = 0.0738

--- JSD ---
Proximity_Baseline: Mean = 0.2047, Std = 0.0587
Proximity_Method_A: Mean = 0.2035, Std = 0.0592
Proximity_Method_B: Mean = 0.3568, Std = 0.1302
Proximity_Method_C: Mean = 0.1820, Std = 0.0537
Proximity_Method_B_C: Mean = 0.2862, Std = 0.0798

--- NAURC ---
Proximity_Baseline: Mean = 0.8462, Std = 0.1187
Proximity_Method_A: Mean = 0.8473, Std = 0.1197
Proximity_Method_B: Mean = 0.7384, Std = 0.1905
Proximity_Method_C: Mean = 0.8636, Std = 0.1026
Proximity_Method_B_C: Mean = 0.7761, Std = 0.1661

--- Statistical Validation (alpha = 0.05) ---

AUROC:
  Friedman Test: chi2 = 4.8000, p = 3.0844e-01
  Result: NOT SIGNIFICANT (p >= 0.05)

FPR95:
  Friedman Test: chi2 = 8.8000, p = 6.6298e-02
  Result: NOT SIGNIFICANT (p >= 0.05)

SPEARMAN:
  Friedman Test: chi2 = 3.6800, p = 4.5104e-01
  Result: NOT SIGNIFICANT (p >= 0.05)

BRIER:
  Friedman Test: chi2 = 7.2000, p = 1.2569e-01
  Result: NOT SIGNIFICANT (p >= 0.05)

MI:
  Friedman Test: chi2 = 18.4000, p = 1.0306e-03
  Result: SIGNIFICANT (p < 0.05)
  Bonferroni-corrected alpha = 5.0000e-03
    Proximity_Baseline vs Proximity_Method_A: p = 6.2500e-01 ([NS])
    Proximity_Baseline vs Proximity_Method_B: p = 6.2500e-02 ([NS])
    Proximity_Baseline vs Proximity_Method_C: p = 6.2500e-02 ([NS])
    Proximity_Baseline vs Proximity_Method_B_C: p = 6.2500e-02 ([NS])
    Proximity_Method_A vs Proximity_Method_B: p = 6.2500e-02 ([NS])
    Proximity_Method_A vs Proximity_Method_C: p = 6.2500e-02 ([NS])
    Proximity_Method_A vs Proximity_Method_B_C: p = 6.2500e-02 ([NS])
    Proximity_Method_B vs Proximity_Method_C: p = 6.2500e-02 ([NS])
    Proximity_Method_B vs Proximity_Method_B_C: p = 1.2500e-01 ([NS])
    Proximity_Method_C vs Proximity_Method_B_C: p = 6.2500e-02 ([NS])

JSD:
  Friedman Test: chi2 = 16.4800, p = 2.4383e-03
  Result: SIGNIFICANT (p < 0.05)
  Bonferroni-corrected alpha = 5.0000e-03
    Proximity_Baseline vs Proximity_Method_A: p = 6.2500e-01 ([NS])
    Proximity_Baseline vs Proximity_Method_B: p = 6.2500e-02 ([NS])
    Proximity_Baseline vs Proximity_Method_C: p = 1.2500e-01 ([NS])
    Proximity_Baseline vs Proximity_Method_B_C: p = 6.2500e-02 ([NS])
    Proximity_Method_A vs Proximity_Method_B: p = 6.2500e-02 ([NS])
    Proximity_Method_A vs Proximity_Method_C: p = 1.2500e-01 ([NS])
    Proximity_Method_A vs Proximity_Method_B_C: p = 6.2500e-02 ([NS])
    Proximity_Method_B vs Proximity_Method_C: p = 6.2500e-02 ([NS])
    Proximity_Method_B vs Proximity_Method_B_C: p = 1.2500e-01 ([NS])
    Proximity_Method_C vs Proximity_Method_B_C: p = 6.2500e-02 ([NS])

NAURC:
  Friedman Test: chi2 = 16.4800, p = 2.4383e-03
  Result: SIGNIFICANT (p < 0.05)
  Bonferroni-corrected alpha = 5.0000e-03
    Proximity_Baseline vs Proximity_Method_A: p = 8.1250e-01 ([NS])
    Proximity_Baseline vs Proximity_Method_B: p = 6.2500e-02 ([NS])
    Proximity_Baseline vs Proximity_Method_C: p = 3.1250e-01 ([NS])
    Proximity_Baseline vs Proximity_Method_B_C: p = 6.2500e-02 ([NS])
    Proximity_Method_A vs Proximity_Method_B: p = 6.2500e-02 ([NS])
    Proximity_Method_A vs Proximity_Method_C: p = 8.1250e-01 ([NS])
    Proximity_Method_A vs Proximity_Method_B_C: p = 6.2500e-02 ([NS])
    Proximity_Method_B vs Proximity_Method_C: p = 6.2500e-02 ([NS])
    Proximity_Method_B vs Proximity_Method_B_C: p = 6.2500e-02 ([NS])
    Proximity_Method_C vs Proximity_Method_B_C: p = 6.2500e-02 ([NS])

[DIMENSION] 3D Functions
----------------------------------------------------------------------

======================================================================
3D Functions (runs = 5)
======================================================================

--- AUROC ---
Proximity_Baseline: Mean = 0.2786, Std = 0.1329
Proximity_Method_A: Mean = 0.2774, Std = 0.1316
Proximity_Method_B: Mean = 0.2776, Std = 0.1354
Proximity_Method_C: Mean = 0.2814, Std = 0.1401
Proximity_Method_B_C: Mean = 0.2864, Std = 0.1136

--- FPR95 ---
Proximity_Baseline: Mean = 0.9704, Std = 0.0285
Proximity_Method_A: Mean = 0.9710, Std = 0.0278
Proximity_Method_B: Mean = 0.9226, Std = 0.0864
Proximity_Method_C: Mean = 0.9674, Std = 0.0366
Proximity_Method_B_C: Mean = 0.9251, Std = 0.0690

--- SPEARMAN ---
Proximity_Baseline: Mean = 0.1198, Std = 0.1805
Proximity_Method_A: Mean = 0.1201, Std = 0.1803
Proximity_Method_B: Mean = 0.1478, Std = 0.2386
Proximity_Method_C: Mean = 0.1168, Std = 0.1794
Proximity_Method_B_C: Mean = 0.1445, Std = 0.2293

--- BRIER ---
Proximity_Baseline: Mean = 0.2289, Std = 0.0511
Proximity_Method_A: Mean = 0.2287, Std = 0.0512
Proximity_Method_B: Mean = 0.2251, Std = 0.0536
Proximity_Method_C: Mean = 0.2284, Std = 0.0504
Proximity_Method_B_C: Mean = 0.2346, Std = 0.0392

--- MI ---
Proximity_Baseline: Mean = 0.2235, Std = 0.1172
Proximity_Method_A: Mean = 0.2268, Std = 0.1156
Proximity_Method_B: Mean = 0.3117, Std = 0.1551
Proximity_Method_C: Mean = 0.2167, Std = 0.1207
Proximity_Method_B_C: Mean = 0.2505, Std = 0.0997

--- JSD ---
Proximity_Baseline: Mean = 0.2388, Std = 0.1195
Proximity_Method_A: Mean = 0.2425, Std = 0.1184
Proximity_Method_B: Mean = 0.3399, Std = 0.1614
Proximity_Method_C: Mean = 0.2317, Std = 0.1230
Proximity_Method_B_C: Mean = 0.2787, Std = 0.1080

--- NAURC ---
Proximity_Baseline: Mean = 0.6066, Std = 0.3259
Proximity_Method_A: Mean = 0.6050, Std = 0.3256
Proximity_Method_B: Mean = 0.5454, Std = 0.3056
Proximity_Method_C: Mean = 0.6112, Std = 0.3279
Proximity_Method_B_C: Mean = 0.5555, Std = 0.3174

--- Statistical Validation (alpha = 0.05) ---

AUROC:
  Friedman Test: chi2 = 2.0800, p = 7.2105e-01
  Result: NOT SIGNIFICANT (p >= 0.05)

FPR95:
  Friedman Test: chi2 = 2.4000, p = 6.6263e-01
  Result: NOT SIGNIFICANT (p >= 0.05)

SPEARMAN:
  Friedman Test: chi2 = 0.6400, p = 9.5852e-01
  Result: NOT SIGNIFICANT (p >= 0.05)

BRIER:
  Friedman Test: chi2 = 1.1200, p = 8.9109e-01
  Result: NOT SIGNIFICANT (p >= 0.05)

MI:
  Friedman Test: chi2 = 4.3200, p = 3.6443e-01
  Result: NOT SIGNIFICANT (p >= 0.05)

JSD:
  Friedman Test: chi2 = 4.9600, p = 2.9143e-01
  Result: NOT SIGNIFICANT (p >= 0.05)

NAURC:
  Friedman Test: chi2 = 6.8800, p = 1.4237e-01
  Result: NOT SIGNIFICANT (p >= 0.05)

[DIMENSION] 4D Functions
----------------------------------------------------------------------

======================================================================
4D Functions (runs = 5)
======================================================================

--- AUROC ---
Proximity_Baseline: Mean = 0.3307, Std = 0.0791
Proximity_Method_A: Mean = 0.3298, Std = 0.0781
Proximity_Method_B: Mean = 0.3286, Std = 0.1452
Proximity_Method_C: Mean = 0.3252, Std = 0.0774
Proximity_Method_B_C: Mean = 0.3205, Std = 0.1263

--- FPR95 ---
Proximity_Baseline: Mean = 0.9264, Std = 0.0693
Proximity_Method_A: Mean = 0.9267, Std = 0.0686
Proximity_Method_B: Mean = 0.8736, Std = 0.1531
Proximity_Method_C: Mean = 0.9289, Std = 0.0663
Proximity_Method_B_C: Mean = 0.8908, Std = 0.1270

--- SPEARMAN ---
Proximity_Baseline: Mean = 0.0983, Std = 0.2259
Proximity_Method_A: Mean = 0.1006, Std = 0.2276
Proximity_Method_B: Mean = 0.1261, Std = 0.2664
Proximity_Method_C: Mean = 0.1015, Std = 0.2266
Proximity_Method_B_C: Mean = 0.1323, Std = 0.2663

--- BRIER ---
Proximity_Baseline: Mean = 0.2525, Std = 0.0204
Proximity_Method_A: Mean = 0.2524, Std = 0.0203
Proximity_Method_B: Mean = 0.2424, Std = 0.0426
Proximity_Method_C: Mean = 0.2512, Std = 0.0209
Proximity_Method_B_C: Mean = 0.2437, Std = 0.0372

--- MI ---
Proximity_Baseline: Mean = 0.1598, Std = 0.0699
Proximity_Method_A: Mean = 0.1611, Std = 0.0725
Proximity_Method_B: Mean = 0.2508, Std = 0.0940
Proximity_Method_C: Mean = 0.1604, Std = 0.0735
Proximity_Method_B_C: Mean = 0.2278, Std = 0.0825

--- JSD ---
Proximity_Baseline: Mean = 0.1774, Std = 0.0790
Proximity_Method_A: Mean = 0.1790, Std = 0.0815
Proximity_Method_B: Mean = 0.2791, Std = 0.1021
Proximity_Method_C: Mean = 0.1781, Std = 0.0828
Proximity_Method_B_C: Mean = 0.2543, Std = 0.0909

--- NAURC ---
Proximity_Baseline: Mean = 0.4755, Std = 0.3715
Proximity_Method_A: Mean = 0.4748, Std = 0.3708
Proximity_Method_B: Mean = 0.4180, Std = 0.3260
Proximity_Method_C: Mean = 0.4709, Std = 0.3671
Proximity_Method_B_C: Mean = 0.4145, Std = 0.3274

--- Statistical Validation (alpha = 0.05) ---

AUROC:
  Friedman Test: chi2 = 2.9333, p = 5.6904e-01
  Result: NOT SIGNIFICANT (p >= 0.05)

FPR95:
  Friedman Test: chi2 = 2.9333, p = 5.6904e-01
  Result: NOT SIGNIFICANT (p >= 0.05)

SPEARMAN:
  Friedman Test: chi2 = 3.4667, p = 4.8296e-01
  Result: NOT SIGNIFICANT (p >= 0.05)

BRIER:
  Friedman Test: chi2 = 2.9333, p = 5.6904e-01
  Result: NOT SIGNIFICANT (p >= 0.05)

MI:
  Friedman Test: chi2 = 1.6000, p = 8.0879e-01
  Result: NOT SIGNIFICANT (p >= 0.05)

JSD:
  Friedman Test: chi2 = 1.6000, p = 8.0879e-01
  Result: NOT SIGNIFICANT (p >= 0.05)

NAURC:
  Friedman Test: chi2 = 8.2667, p = 8.2284e-02
  Result: NOT SIGNIFICANT (p >= 0.05)

[DIMENSION] 5D Functions
----------------------------------------------------------------------

======================================================================
5D Functions (runs = 5)
======================================================================

--- AUROC ---
Proximity_Baseline: Mean = 0.3937, Std = 0.0873
Proximity_Method_A: Mean = 0.3943, Std = 0.0882
Proximity_Method_B: Mean = 0.3063, Std = 0.1424
Proximity_Method_C: Mean = 0.3842, Std = 0.0897
Proximity_Method_B_C: Mean = 0.3013, Std = 0.1536

--- FPR95 ---
Proximity_Baseline: Mean = 0.9628, Std = 0.0267
Proximity_Method_A: Mean = 0.9635, Std = 0.0264
Proximity_Method_B: Mean = 0.9295, Std = 0.0696
Proximity_Method_C: Mean = 0.9647, Std = 0.0285
Proximity_Method_B_C: Mean = 0.9392, Std = 0.0579

--- SPEARMAN ---
Proximity_Baseline: Mean = 0.1067, Std = 0.1543
Proximity_Method_A: Mean = 0.1072, Std = 0.1554
Proximity_Method_B: Mean = 0.1446, Std = 0.1871
Proximity_Method_C: Mean = 0.1087, Std = 0.1543
Proximity_Method_B_C: Mean = 0.1440, Std = 0.1886

--- BRIER ---
Proximity_Baseline: Mean = 0.2720, Std = 0.0127
Proximity_Method_A: Mean = 0.2720, Std = 0.0128
Proximity_Method_B: Mean = 0.2377, Std = 0.0571
Proximity_Method_C: Mean = 0.2696, Std = 0.0135
Proximity_Method_B_C: Mean = 0.2333, Std = 0.0574

--- MI ---
Proximity_Baseline: Mean = 0.0828, Std = 0.0307
Proximity_Method_A: Mean = 0.0844, Std = 0.0315
Proximity_Method_B: Mean = 0.2470, Std = 0.1521
Proximity_Method_C: Mean = 0.0834, Std = 0.0347
Proximity_Method_B_C: Mean = 0.2133, Std = 0.1544

--- JSD ---
Proximity_Baseline: Mean = 0.0915, Std = 0.0356
Proximity_Method_A: Mean = 0.0932, Std = 0.0363
Proximity_Method_B: Mean = 0.2699, Std = 0.1586
Proximity_Method_C: Mean = 0.0923, Std = 0.0398
Proximity_Method_B_C: Mean = 0.2318, Std = 0.1602

--- NAURC ---
Proximity_Baseline: Mean = 0.7940, Std = 0.2351
Proximity_Method_A: Mean = 0.7950, Std = 0.2355
Proximity_Method_B: Mean = 0.7130, Std = 0.2464
Proximity_Method_C: Mean = 0.7939, Std = 0.2369
Proximity_Method_B_C: Mean = 0.7196, Std = 0.2541

--- Statistical Validation (alpha = 0.05) ---

AUROC:
  Friedman Test: chi2 = 7.4667, p = 1.1319e-01
  Result: NOT SIGNIFICANT (p >= 0.05)

FPR95:
  Friedman Test: chi2 = 8.2667, p = 8.2284e-02
  Result: NOT SIGNIFICANT (p >= 0.05)

SPEARMAN:
  Friedman Test: chi2 = 10.9333, p = 2.7324e-02
  Result: SIGNIFICANT (p < 0.05)
  Bonferroni-corrected alpha = 5.0000e-03
    Proximity_Baseline vs Proximity_Method_A: p = 7.5000e-01 ([NS])
    Proximity_Baseline vs Proximity_Method_B: p = 2.5000e-01 ([NS])
    Proximity_Baseline vs Proximity_Method_C: p = 2.5000e-01 ([NS])
    Proximity_Baseline vs Proximity_Method_B_C: p = 2.5000e-01 ([NS])
    Proximity_Method_A vs Proximity_Method_B: p = 2.5000e-01 ([NS])
    Proximity_Method_A vs Proximity_Method_C: p = 2.5000e-01 ([NS])
    Proximity_Method_A vs Proximity_Method_B_C: p = 2.5000e-01 ([NS])
    Proximity_Method_B vs Proximity_Method_C: p = 2.5000e-01 ([NS])
    Proximity_Method_B vs Proximity_Method_B_C: p = 5.0000e-01 ([NS])
    Proximity_Method_C vs Proximity_Method_B_C: p = 2.5000e-01 ([NS])

BRIER:
  Friedman Test: chi2 = 2.9333, p = 5.6904e-01
  Result: NOT SIGNIFICANT (p >= 0.05)

MI:
  Friedman Test: chi2 = 8.8000, p = 6.6298e-02
  Result: NOT SIGNIFICANT (p >= 0.05)

JSD:
  Friedman Test: chi2 = 9.8667, p = 4.2735e-02
  Result: SIGNIFICANT (p < 0.05)
  Bonferroni-corrected alpha = 5.0000e-03
    Proximity_Baseline vs Proximity_Method_A: p = 5.0000e-01 ([NS])
    Proximity_Baseline vs Proximity_Method_B: p = 2.5000e-01 ([NS])
    Proximity_Baseline vs Proximity_Method_C: p = 7.5000e-01 ([NS])
    Proximity_Baseline vs Proximity_Method_B_C: p = 2.5000e-01 ([NS])
    Proximity_Method_A vs Proximity_Method_B: p = 2.5000e-01 ([NS])
    Proximity_Method_A vs Proximity_Method_C: p = 1.0000e+00 ([NS])
    Proximity_Method_A vs Proximity_Method_B_C: p = 2.5000e-01 ([NS])
    Proximity_Method_B vs Proximity_Method_C: p = 2.5000e-01 ([NS])
    Proximity_Method_B vs Proximity_Method_B_C: p = 2.5000e-01 ([NS])
    Proximity_Method_C vs Proximity_Method_B_C: p = 2.5000e-01 ([NS])

NAURC:
  Friedman Test: chi2 = 9.3333, p = 5.3287e-02
  Result: NOT SIGNIFICANT (p >= 0.05)

[DIMENSION] 6D Functions
----------------------------------------------------------------------

======================================================================
6D Functions (runs = 5)
======================================================================

--- AUROC ---
Proximity_Baseline: Mean = 0.2345, Std = 0.1498
Proximity_Method_A: Mean = 0.2347, Std = 0.1493
Proximity_Method_B: Mean = 0.1463, Std = 0.0962
Proximity_Method_C: Mean = 0.2307, Std = 0.1480
Proximity_Method_B_C: Mean = 0.1488, Std = 0.0984

--- FPR95 ---
Proximity_Baseline: Mean = 0.9811, Std = 0.0197
Proximity_Method_A: Mean = 0.9807, Std = 0.0204
Proximity_Method_B: Mean = 0.9869, Std = 0.0185
Proximity_Method_C: Mean = 0.9818, Std = 0.0195
Proximity_Method_B_C: Mean = 0.9870, Std = 0.0167

--- SPEARMAN ---
Proximity_Baseline: Mean = 0.0939, Std = 0.1066
Proximity_Method_A: Mean = 0.0959, Std = 0.1048
Proximity_Method_B: Mean = 0.1114, Std = 0.1121
Proximity_Method_C: Mean = 0.0975, Std = 0.1052
Proximity_Method_B_C: Mean = 0.1208, Std = 0.1087

--- BRIER ---
Proximity_Baseline: Mean = 0.1987, Std = 0.0890
Proximity_Method_A: Mean = 0.1989, Std = 0.0889
Proximity_Method_B: Mean = 0.1578, Std = 0.0727
Proximity_Method_C: Mean = 0.1971, Std = 0.0894
Proximity_Method_B_C: Mean = 0.1589, Std = 0.0762

--- MI ---
Proximity_Baseline: Mean = 0.2909, Std = 0.2770
Proximity_Method_A: Mean = 0.2897, Std = 0.2766
Proximity_Method_B: Mean = 0.4227, Std = 0.2352
Proximity_Method_C: Mean = 0.2935, Std = 0.2794
Proximity_Method_B_C: Mean = 0.4152, Std = 0.2485

--- JSD ---
Proximity_Baseline: Mean = 0.2979, Std = 0.2741
Proximity_Method_A: Mean = 0.2965, Std = 0.2736
Proximity_Method_B: Mean = 0.4408, Std = 0.2300
Proximity_Method_C: Mean = 0.3008, Std = 0.2768
Proximity_Method_B_C: Mean = 0.4318, Std = 0.2431

--- NAURC ---
Proximity_Baseline: Mean = 0.6645, Std = 0.1984
Proximity_Method_A: Mean = 0.6629, Std = 0.1971
Proximity_Method_B: Mean = 0.6097, Std = 0.1714
Proximity_Method_C: Mean = 0.6606, Std = 0.1985
Proximity_Method_B_C: Mean = 0.6084, Std = 0.1764

--- Statistical Validation (alpha = 0.05) ---

AUROC:
  Friedman Test: chi2 = 5.6000, p = 2.3108e-01
  Result: NOT SIGNIFICANT (p >= 0.05)

FPR95:
  Friedman Test: chi2 = 1.8776, p = 7.5827e-01
  Result: NOT SIGNIFICANT (p >= 0.05)

SPEARMAN:
  Friedman Test: chi2 = 5.8667, p = 2.0933e-01
  Result: NOT SIGNIFICANT (p >= 0.05)

BRIER:
  Friedman Test: chi2 = 11.4667, p = 2.1791e-02
  Result: SIGNIFICANT (p < 0.05)
  Bonferroni-corrected alpha = 5.0000e-03
    Proximity_Baseline vs Proximity_Method_A: p = 2.5000e-01 ([NS])
    Proximity_Baseline vs Proximity_Method_B: p = 2.5000e-01 ([NS])
    Proximity_Baseline vs Proximity_Method_C: p = 2.5000e-01 ([NS])
    Proximity_Baseline vs Proximity_Method_B_C: p = 2.5000e-01 ([NS])
    Proximity_Method_A vs Proximity_Method_B: p = 2.5000e-01 ([NS])
    Proximity_Method_A vs Proximity_Method_C: p = 2.5000e-01 ([NS])
    Proximity_Method_A vs Proximity_Method_B_C: p = 2.5000e-01 ([NS])
    Proximity_Method_B vs Proximity_Method_C: p = 2.5000e-01 ([NS])
    Proximity_Method_B vs Proximity_Method_B_C: p = 7.5000e-01 ([NS])
    Proximity_Method_C vs Proximity_Method_B_C: p = 2.5000e-01 ([NS])

MI:
  Friedman Test: chi2 = 10.9333, p = 2.7324e-02
  Result: SIGNIFICANT (p < 0.05)
  Bonferroni-corrected alpha = 5.0000e-03
    Proximity_Baseline vs Proximity_Method_A: p = 2.5000e-01 ([NS])
    Proximity_Baseline vs Proximity_Method_B: p = 2.5000e-01 ([NS])
    Proximity_Baseline vs Proximity_Method_C: p = 5.0000e-01 ([NS])
    Proximity_Baseline vs Proximity_Method_B_C: p = 2.5000e-01 ([NS])
    Proximity_Method_A vs Proximity_Method_B: p = 2.5000e-01 ([NS])
    Proximity_Method_A vs Proximity_Method_C: p = 2.5000e-01 ([NS])
    Proximity_Method_A vs Proximity_Method_B_C: p = 2.5000e-01 ([NS])
    Proximity_Method_B vs Proximity_Method_C: p = 2.5000e-01 ([NS])
    Proximity_Method_B vs Proximity_Method_B_C: p = 7.5000e-01 ([NS])
    Proximity_Method_C vs Proximity_Method_B_C: p = 2.5000e-01 ([NS])

JSD:
  Friedman Test: chi2 = 10.9333, p = 2.7324e-02
  Result: SIGNIFICANT (p < 0.05)
  Bonferroni-corrected alpha = 5.0000e-03
    Proximity_Baseline vs Proximity_Method_A: p = 2.5000e-01 ([NS])
    Proximity_Baseline vs Proximity_Method_B: p = 2.5000e-01 ([NS])
    Proximity_Baseline vs Proximity_Method_C: p = 5.0000e-01 ([NS])
    Proximity_Baseline vs Proximity_Method_B_C: p = 2.5000e-01 ([NS])
    Proximity_Method_A vs Proximity_Method_B: p = 2.5000e-01 ([NS])
    Proximity_Method_A vs Proximity_Method_C: p = 2.5000e-01 ([NS])
    Proximity_Method_A vs Proximity_Method_B_C: p = 2.5000e-01 ([NS])
    Proximity_Method_B vs Proximity_Method_C: p = 2.5000e-01 ([NS])
    Proximity_Method_B vs Proximity_Method_B_C: p = 7.5000e-01 ([NS])
    Proximity_Method_C vs Proximity_Method_B_C: p = 2.5000e-01 ([NS])

NAURC:
  Friedman Test: chi2 = 6.9333, p = 1.3945e-01
  Result: NOT SIGNIFICANT (p >= 0.05)

[DIMENSION] 7D Functions
----------------------------------------------------------------------

======================================================================
7D Functions (runs = 5)
======================================================================

--- AUROC ---
Proximity_Baseline: Mean = 0.2622, Std = 0.1605
Proximity_Method_A: Mean = 0.2643, Std = 0.1590
Proximity_Method_B: Mean = 0.2937, Std = 0.1343
Proximity_Method_C: Mean = 0.2556, Std = 0.1585
Proximity_Method_B_C: Mean = 0.2765, Std = 0.1257

--- FPR95 ---
Proximity_Baseline: Mean = 0.9797, Std = 0.0192
Proximity_Method_A: Mean = 0.9798, Std = 0.0191
Proximity_Method_B: Mean = 0.9258, Std = 0.0649
Proximity_Method_C: Mean = 0.9807, Std = 0.0182
Proximity_Method_B_C: Mean = 0.9370, Std = 0.0542

--- SPEARMAN ---
Proximity_Baseline: Mean = 0.0687, Std = 0.0629
Proximity_Method_A: Mean = 0.0689, Std = 0.0632
Proximity_Method_B: Mean = 0.0824, Std = 0.0838
Proximity_Method_C: Mean = 0.0703, Std = 0.0622
Proximity_Method_B_C: Mean = 0.0843, Std = 0.0813

--- BRIER ---
Proximity_Baseline: Mean = 0.2119, Std = 0.0768
Proximity_Method_A: Mean = 0.2134, Std = 0.0750
Proximity_Method_B: Mean = 0.2367, Std = 0.0568
Proximity_Method_C: Mean = 0.2096, Std = 0.0767
Proximity_Method_B_C: Mean = 0.2330, Std = 0.0523

--- MI ---
Proximity_Baseline: Mean = 0.2429, Std = 0.2257
Proximity_Method_A: Mean = 0.2388, Std = 0.2198
Proximity_Method_B: Mean = 0.2526, Std = 0.1568
Proximity_Method_C: Mean = 0.2481, Std = 0.2266
Proximity_Method_B_C: Mean = 0.2507, Std = 0.1504

--- JSD ---
Proximity_Baseline: Mean = 0.2479, Std = 0.2214
Proximity_Method_A: Mean = 0.2435, Std = 0.2150
Proximity_Method_B: Mean = 0.2772, Std = 0.1682
Proximity_Method_C: Mean = 0.2534, Std = 0.2226
Proximity_Method_B_C: Mean = 0.2747, Std = 0.1617

--- NAURC ---
Proximity_Baseline: Mean = 0.6861, Std = 0.2190
Proximity_Method_A: Mean = 0.6890, Std = 0.2195
Proximity_Method_B: Mean = 0.6727, Std = 0.1231
Proximity_Method_C: Mean = 0.6834, Std = 0.2172
Proximity_Method_B_C: Mean = 0.6690, Std = 0.1287

--- Statistical Validation (alpha = 0.05) ---

AUROC:
  Friedman Test: chi2 = 3.4667, p = 4.8296e-01
  Result: NOT SIGNIFICANT (p >= 0.05)

FPR95:
  Friedman Test: chi2 = 1.8667, p = 7.6027e-01
  Result: NOT SIGNIFICANT (p >= 0.05)

SPEARMAN:
  Friedman Test: chi2 = 1.8667, p = 7.6027e-01
  Result: NOT SIGNIFICANT (p >= 0.05)

BRIER:
  Friedman Test: chi2 = 3.4667, p = 4.8296e-01
  Result: NOT SIGNIFICANT (p >= 0.05)

MI:
  Friedman Test: chi2 = 2.9333, p = 5.6904e-01
  Result: NOT SIGNIFICANT (p >= 0.05)

JSD:
  Friedman Test: chi2 = 2.9333, p = 5.6904e-01
  Result: NOT SIGNIFICANT (p >= 0.05)

NAURC:
  Friedman Test: chi2 = 3.4667, p = 4.8296e-01
  Result: NOT SIGNIFICANT (p >= 0.05)

[DIMENSION] 8D Functions
----------------------------------------------------------------------

======================================================================
8D Functions (runs = 5)
======================================================================

--- AUROC ---
Proximity_Baseline: Mean = 0.3544, Std = 0.0793
Proximity_Method_A: Mean = 0.3559, Std = 0.0817
Proximity_Method_B: Mean = 0.2103, Std = 0.1627
Proximity_Method_C: Mean = 0.3617, Std = 0.0943
Proximity_Method_B_C: Mean = 0.2773, Std = 0.1773

--- FPR95 ---
Proximity_Baseline: Mean = 0.9705, Std = 0.0173
Proximity_Method_A: Mean = 0.9705, Std = 0.0172
Proximity_Method_B: Mean = 0.9689, Std = 0.0440
Proximity_Method_C: Mean = 0.9668, Std = 0.0219
Proximity_Method_B_C: Mean = 0.9788, Std = 0.0184

--- SPEARMAN ---
Proximity_Baseline: Mean = 0.0097, Std = 0.0414
Proximity_Method_A: Mean = 0.0095, Std = 0.0390
Proximity_Method_B: Mean = 0.0447, Std = 0.0425
Proximity_Method_C: Mean = 0.0138, Std = 0.0406
Proximity_Method_B_C: Mean = 0.0494, Std = 0.0404

--- BRIER ---
Proximity_Baseline: Mean = 0.2645, Std = 0.0201
Proximity_Method_A: Mean = 0.2645, Std = 0.0200
Proximity_Method_B: Mean = 0.1879, Std = 0.0592
Proximity_Method_C: Mean = 0.2641, Std = 0.0233
Proximity_Method_B_C: Mean = 0.2158, Std = 0.0530

--- MI ---
Proximity_Baseline: Mean = 0.0870, Std = 0.0507
Proximity_Method_A: Mean = 0.0877, Std = 0.0495
Proximity_Method_B: Mean = 0.3739, Std = 0.2036
Proximity_Method_C: Mean = 0.0861, Std = 0.0592
Proximity_Method_B_C: Mean = 0.2402, Std = 0.1514

--- JSD ---
Proximity_Baseline: Mean = 0.0961, Std = 0.0555
Proximity_Method_A: Mean = 0.0968, Std = 0.0542
Proximity_Method_B: Mean = 0.4001, Std = 0.2095
Proximity_Method_C: Mean = 0.0945, Std = 0.0647
Proximity_Method_B_C: Mean = 0.2591, Std = 0.1672

--- NAURC ---
Proximity_Baseline: Mean = 0.9421, Std = 0.0680
Proximity_Method_A: Mean = 0.9414, Std = 0.0673
Proximity_Method_B: Mean = 0.8799, Std = 0.0950
Proximity_Method_C: Mean = 0.9395, Std = 0.0687
Proximity_Method_B_C: Mean = 0.8865, Std = 0.0966

--- Statistical Validation (alpha = 0.05) ---

AUROC:
  Friedman Test: chi2 = 6.1333, p = 1.8941e-01
  Result: NOT SIGNIFICANT (p >= 0.05)

FPR95:
  Friedman Test: chi2 = 1.8667, p = 7.6027e-01
  Result: NOT SIGNIFICANT (p >= 0.05)

SPEARMAN:
  Friedman Test: chi2 = 10.9333, p = 2.7324e-02
  Result: SIGNIFICANT (p < 0.05)
  Bonferroni-corrected alpha = 5.0000e-03
    Proximity_Baseline vs Proximity_Method_A: p = 1.0000e+00 ([NS])
    Proximity_Baseline vs Proximity_Method_B: p = 2.5000e-01 ([NS])
    Proximity_Baseline vs Proximity_Method_C: p = 2.5000e-01 ([NS])
    Proximity_Baseline vs Proximity_Method_B_C: p = 2.5000e-01 ([NS])
    Proximity_Method_A vs Proximity_Method_B: p = 2.5000e-01 ([NS])
    Proximity_Method_A vs Proximity_Method_C: p = 2.5000e-01 ([NS])
    Proximity_Method_A vs Proximity_Method_B_C: p = 2.5000e-01 ([NS])
    Proximity_Method_B vs Proximity_Method_C: p = 2.5000e-01 ([NS])
    Proximity_Method_B vs Proximity_Method_B_C: p = 5.0000e-01 ([NS])
    Proximity_Method_C vs Proximity_Method_B_C: p = 2.5000e-01 ([NS])

BRIER:
  Friedman Test: chi2 = 9.3333, p = 5.3287e-02
  Result: NOT SIGNIFICANT (p >= 0.05)

MI:
  Friedman Test: chi2 = 9.3333, p = 5.3287e-02
  Result: NOT SIGNIFICANT (p >= 0.05)

JSD:
  Friedman Test: chi2 = 9.3333, p = 5.3287e-02
  Result: NOT SIGNIFICANT (p >= 0.05)

NAURC:
  Friedman Test: chi2 = 11.4667, p = 2.1791e-02
  Result: SIGNIFICANT (p < 0.05)
  Bonferroni-corrected alpha = 5.0000e-03
    Proximity_Baseline vs Proximity_Method_A: p = 2.5000e-01 ([NS])
    Proximity_Baseline vs Proximity_Method_B: p = 2.5000e-01 ([NS])
    Proximity_Baseline vs Proximity_Method_C: p = 2.5000e-01 ([NS])
    Proximity_Baseline vs Proximity_Method_B_C: p = 2.5000e-01 ([NS])
    Proximity_Method_A vs Proximity_Method_B: p = 2.5000e-01 ([NS])
    Proximity_Method_A vs Proximity_Method_C: p = 5.0000e-01 ([NS])
    Proximity_Method_A vs Proximity_Method_B_C: p = 2.5000e-01 ([NS])
    Proximity_Method_B vs Proximity_Method_C: p = 2.5000e-01 ([NS])
    Proximity_Method_B vs Proximity_Method_B_C: p = 2.5000e-01 ([NS])
    Proximity_Method_C vs Proximity_Method_B_C: p = 2.5000e-01 ([NS])

[DIMENSION] 9D Functions
----------------------------------------------------------------------

======================================================================
9D Functions (runs = 5)
======================================================================

--- AUROC ---
Proximity_Baseline: Mean = 0.2471, Std = 0.1386
Proximity_Method_A: Mean = 0.2478, Std = 0.1381
Proximity_Method_B: Mean = 0.1282, Std = 0.0850
Proximity_Method_C: Mean = 0.2389, Std = 0.1318
Proximity_Method_B_C: Mean = 0.1320, Std = 0.0716

--- FPR95 ---
Proximity_Baseline: Mean = 0.9782, Std = 0.0229
Proximity_Method_A: Mean = 0.9779, Std = 0.0230
Proximity_Method_B: Mean = 0.9896, Std = 0.0149
Proximity_Method_C: Mean = 0.9802, Std = 0.0211
Proximity_Method_B_C: Mean = 0.9912, Std = 0.0127

--- SPEARMAN ---
Proximity_Baseline: Mean = -0.0483, Std = 0.1212
Proximity_Method_A: Mean = -0.0494, Std = 0.1178
Proximity_Method_B: Mean = -0.0501, Std = 0.1313
Proximity_Method_C: Mean = -0.0577, Std = 0.1319
Proximity_Method_B_C: Mean = -0.0698, Std = 0.1578

--- BRIER ---
Proximity_Baseline: Mean = 0.2109, Std = 0.0708
Proximity_Method_A: Mean = 0.2112, Std = 0.0707
Proximity_Method_B: Mean = 0.1538, Std = 0.0557
Proximity_Method_C: Mean = 0.2089, Std = 0.0683
Proximity_Method_B_C: Mean = 0.1583, Std = 0.0460

--- MI ---
Proximity_Baseline: Mean = 0.2374, Std = 0.2039
Proximity_Method_A: Mean = 0.2361, Std = 0.2035
Proximity_Method_B: Mean = 0.4270, Std = 0.1847
Proximity_Method_C: Mean = 0.2417, Std = 0.1968
Proximity_Method_B_C: Mean = 0.4058, Std = 0.1546

--- JSD ---
Proximity_Baseline: Mean = 0.2423, Std = 0.2000
Proximity_Method_A: Mean = 0.2408, Std = 0.1992
Proximity_Method_B: Mean = 0.4399, Std = 0.1864
Proximity_Method_C: Mean = 0.2468, Std = 0.1921
Proximity_Method_B_C: Mean = 0.4164, Std = 0.1573

--- NAURC ---
Proximity_Baseline: Mean = 0.9378, Std = 0.0281
Proximity_Method_A: Mean = 0.9359, Std = 0.0272
Proximity_Method_B: Mean = 0.8957, Std = 0.0610
Proximity_Method_C: Mean = 0.9409, Std = 0.0329
Proximity_Method_B_C: Mean = 0.9160, Std = 0.0754

--- Statistical Validation (alpha = 0.05) ---

AUROC:
  Friedman Test: chi2 = 5.3333, p = 2.5477e-01
  Result: NOT SIGNIFICANT (p >= 0.05)

FPR95:
  Friedman Test: chi2 = 3.0175, p = 5.5489e-01
  Result: NOT SIGNIFICANT (p >= 0.05)

SPEARMAN:
  Friedman Test: chi2 = 1.3333, p = 8.5570e-01
  Result: NOT SIGNIFICANT (p >= 0.05)

BRIER:
  Friedman Test: chi2 = 2.1333, p = 7.1125e-01
  Result: NOT SIGNIFICANT (p >= 0.05)

MI:
  Friedman Test: chi2 = 5.8667, p = 2.0933e-01
  Result: NOT SIGNIFICANT (p >= 0.05)

JSD:
  Friedman Test: chi2 = 5.8667, p = 2.0933e-01
  Result: NOT SIGNIFICANT (p >= 0.05)

NAURC:
  Friedman Test: chi2 = 4.0000, p = 4.0601e-01
  Result: NOT SIGNIFICANT (p >= 0.05)

[DIMENSION] 10D Functions
----------------------------------------------------------------------

======================================================================
10D Functions (runs = 5)
======================================================================

--- AUROC ---
Proximity_Baseline: Mean = 0.2462, Std = 0.1794
Proximity_Method_A: Mean = 0.2471, Std = 0.1785
Proximity_Method_B: Mean = 0.1057, Std = 0.1076
Proximity_Method_C: Mean = 0.2359, Std = 0.1734
Proximity_Method_B_C: Mean = 0.0971, Std = 0.0809

--- FPR95 ---
Proximity_Baseline: Mean = 0.9753, Std = 0.0345
Proximity_Method_A: Mean = 0.9750, Std = 0.0346
Proximity_Method_B: Mean = 0.9860, Std = 0.0212
Proximity_Method_C: Mean = 0.9775, Std = 0.0321
Proximity_Method_B_C: Mean = 0.9918, Std = 0.0096

--- SPEARMAN ---
Proximity_Baseline: Mean = 0.0342, Std = 0.0788
Proximity_Method_A: Mean = 0.0348, Std = 0.0772
Proximity_Method_B: Mean = 0.0381, Std = 0.0615
Proximity_Method_C: Mean = 0.0360, Std = 0.0784
Proximity_Method_B_C: Mean = 0.0382, Std = 0.0663

--- BRIER ---
Proximity_Baseline: Mean = 0.1970, Std = 0.0913
Proximity_Method_A: Mean = 0.1979, Std = 0.0904
Proximity_Method_B: Mean = 0.1242, Std = 0.0707
Proximity_Method_C: Mean = 0.1941, Std = 0.0905
Proximity_Method_B_C: Mean = 0.1234, Std = 0.0643

--- MI ---
Proximity_Baseline: Mean = 0.2932, Std = 0.2883
Proximity_Method_A: Mean = 0.2895, Std = 0.2849
Proximity_Method_B: Mean = 0.5299, Std = 0.2207
Proximity_Method_C: Mean = 0.3004, Std = 0.2871
Proximity_Method_B_C: Mean = 0.5225, Std = 0.2162

--- JSD ---
Proximity_Baseline: Mean = 0.3015, Std = 0.2890
Proximity_Method_A: Mean = 0.2978, Std = 0.2856
Proximity_Method_B: Mean = 0.5505, Std = 0.2251
Proximity_Method_C: Mean = 0.3094, Std = 0.2878
Proximity_Method_B_C: Mean = 0.5438, Std = 0.2202

--- NAURC ---
Proximity_Baseline: Mean = 0.7930, Std = 0.2387
Proximity_Method_A: Mean = 0.7908, Std = 0.2372
Proximity_Method_B: Mean = 0.7476, Std = 0.2211
Proximity_Method_C: Mean = 0.7915, Std = 0.2390
Proximity_Method_B_C: Mean = 0.7535, Std = 0.2236

--- Statistical Validation (alpha = 0.05) ---

AUROC:
  Friedman Test: chi2 = 2.9333, p = 5.6904e-01
  Result: NOT SIGNIFICANT (p >= 0.05)

FPR95:
  Friedman Test: chi2 = 3.5932, p = 4.6385e-01
  Result: NOT SIGNIFICANT (p >= 0.05)

SPEARMAN:
  Friedman Test: chi2 = 0.5333, p = 9.7018e-01
  Result: NOT SIGNIFICANT (p >= 0.05)

BRIER:
  Friedman Test: chi2 = 2.9333, p = 5.6904e-01
  Result: NOT SIGNIFICANT (p >= 0.05)

MI:
  Friedman Test: chi2 = 5.0667, p = 2.8053e-01
  Result: NOT SIGNIFICANT (p >= 0.05)

JSD:
  Friedman Test: chi2 = 6.1333, p = 1.8941e-01
  Result: NOT SIGNIFICANT (p >= 0.05)

NAURC:
  Friedman Test: chi2 = 10.6667, p = 3.0577e-02
  Result: SIGNIFICANT (p < 0.05)
  Bonferroni-corrected alpha = 5.0000e-03
    Proximity_Baseline vs Proximity_Method_A: p = 2.5000e-01 ([NS])
    Proximity_Baseline vs Proximity_Method_B: p = 2.5000e-01 ([NS])
    Proximity_Baseline vs Proximity_Method_C: p = 5.0000e-01 ([NS])
    Proximity_Baseline vs Proximity_Method_B_C: p = 2.5000e-01 ([NS])
    Proximity_Method_A vs Proximity_Method_B: p = 2.5000e-01 ([NS])
    Proximity_Method_A vs Proximity_Method_C: p = 7.5000e-01 ([NS])
    Proximity_Method_A vs Proximity_Method_B_C: p = 2.5000e-01 ([NS])
    Proximity_Method_B vs Proximity_Method_C: p = 2.5000e-01 ([NS])
    Proximity_Method_B vs Proximity_Method_B_C: p = 2.5000e-01 ([NS])
    Proximity_Method_C vs Proximity_Method_B_C: p = 2.5000e-01 ([NS])


======================================================================
[SUCCESS] ALL TESTS COMPLETED SUCCESSFULLY
======================================================================
Total Runtime: 72.1 minutes (1.20 hours)
Evaluations: 180 tests (single-pass optimization)
Finished: 2026-07-10 02:50:26
======================================================================



================================================================================
COMPREHENSIVE STATISTICAL SUMMARY
================================================================================


--------------------------------------------------------------------------------
METRIC: AUROC
--------------------------------------------------------------------------------

                             DESCRIPTIVE STATISTICS                             
                     Proximity_Baseline Proximity_Method_A Proximity_Method_B Proximity_Method_C Proximity_Method_B_C
--------------------------------------------------------------------------------
All Functions        0.3488+/-0.1837   0.3492+/-0.1839   0.3103+/-0.2246   0.3558+/-0.1928   0.3251+/-0.2274  
1D Functions         0.6215+/-0.1870   0.6231+/-0.1891   0.6818+/-0.1967   0.6520+/-0.1820   0.6961+/-0.1882  
2D Functions         0.3699+/-0.1111   0.3695+/-0.1108   0.3633+/-0.1688   0.4092+/-0.1228   0.4258+/-0.1861  
3D Functions         0.2786+/-0.1329   0.2774+/-0.1316   0.2776+/-0.1354   0.2814+/-0.1401   0.2864+/-0.1136  
4D Functions         0.3307+/-0.0791   0.3298+/-0.0781   0.3286+/-0.1452   0.3252+/-0.0774   0.3205+/-0.1263  
5D Functions         0.3937+/-0.0873   0.3943+/-0.0882   0.3063+/-0.1424   0.3842+/-0.0897   0.3013+/-0.1536  
6D Functions         0.2345+/-0.1498   0.2347+/-0.1493   0.1463+/-0.0962   0.2307+/-0.1480   0.1488+/-0.0984  
7D Functions         0.2622+/-0.1605   0.2643+/-0.1590   0.2937+/-0.1343   0.2556+/-0.1585   0.2765+/-0.1257  
8D Functions         0.3544+/-0.0793   0.3559+/-0.0817   0.2103+/-0.1627   0.3617+/-0.0943   0.2773+/-0.1773  
9D Functions         0.2471+/-0.1386   0.2478+/-0.1381   0.1282+/-0.0850   0.2389+/-0.1318   0.1320+/-0.0716  
10D Functions        0.2462+/-0.1794   0.2471+/-0.1785   0.1057+/-0.1076   0.2359+/-0.1734   0.0971+/-0.0809  

          STATISTICAL TESTS (Friedman + Bonferroni-corrected Wilcoxon)          

> All Functions
  Friedman: chi2 =   6.2444, p = 1.8162e-01 ns
  -> No significant difference across methods (Friedman p >= 0.05)

> 1D Functions
  Friedman: chi2 =   5.9200, p = 2.0520e-01 ns
  -> No significant difference across methods (Friedman p >= 0.05)

> 2D Functions
  Friedman: chi2 =   4.8000, p = 3.0844e-01 ns
  -> No significant difference across methods (Friedman p >= 0.05)

> 3D Functions
  Friedman: chi2 =   2.0800, p = 7.2105e-01 ns
  -> No significant difference across methods (Friedman p >= 0.05)

> 4D Functions
  Friedman: chi2 =   2.9333, p = 5.6904e-01 ns
  -> No significant difference across methods (Friedman p >= 0.05)

> 5D Functions
  Friedman: chi2 =   7.4667, p = 1.1319e-01 ns
  -> No significant difference across methods (Friedman p >= 0.05)

> 6D Functions
  Friedman: chi2 =   5.6000, p = 2.3108e-01 ns
  -> No significant difference across methods (Friedman p >= 0.05)

> 7D Functions
  Friedman: chi2 =   3.4667, p = 4.8296e-01 ns
  -> No significant difference across methods (Friedman p >= 0.05)

> 8D Functions
  Friedman: chi2 =   6.1333, p = 1.8941e-01 ns
  -> No significant difference across methods (Friedman p >= 0.05)

> 9D Functions
  Friedman: chi2 =   5.3333, p = 2.5477e-01 ns
  -> No significant difference across methods (Friedman p >= 0.05)

> 10D Functions
  Friedman: chi2 =   2.9333, p = 5.6904e-01 ns
  -> No significant difference across methods (Friedman p >= 0.05)


--------------------------------------------------------------------------------
METRIC: FPR95
--------------------------------------------------------------------------------

                             DESCRIPTIVE STATISTICS                             
                     Proximity_Baseline Proximity_Method_A Proximity_Method_B Proximity_Method_C Proximity_Method_B_C
--------------------------------------------------------------------------------
All Functions        0.9277+/-0.1322   0.9270+/-0.1334   0.8856+/-0.1820   0.9266+/-0.1438   0.8920+/-0.1729  
1D Functions         0.7143+/-0.2483   0.7083+/-0.2477   0.5884+/-0.2773   0.7183+/-0.2919   0.6281+/-0.2739  
2D Functions         0.9305+/-0.0544   0.9308+/-0.0550   0.8691+/-0.1338   0.9177+/-0.0607   0.8398+/-0.1535  
3D Functions         0.9704+/-0.0285   0.9710+/-0.0278   0.9226+/-0.0864   0.9674+/-0.0366   0.9251+/-0.0690  
4D Functions         0.9264+/-0.0693   0.9267+/-0.0686   0.8736+/-0.1531   0.9289+/-0.0663   0.8908+/-0.1270  
5D Functions         0.9628+/-0.0267   0.9635+/-0.0264   0.9295+/-0.0696   0.9647+/-0.0285   0.9392+/-0.0579  
6D Functions         0.9811+/-0.0197   0.9807+/-0.0204   0.9869+/-0.0185   0.9818+/-0.0195   0.9870+/-0.0167  
7D Functions         0.9797+/-0.0192   0.9798+/-0.0191   0.9258+/-0.0649   0.9807+/-0.0182   0.9370+/-0.0542  
8D Functions         0.9705+/-0.0173   0.9705+/-0.0172   0.9689+/-0.0440   0.9668+/-0.0219   0.9788+/-0.0184  
9D Functions         0.9782+/-0.0229   0.9779+/-0.0230   0.9896+/-0.0149   0.9802+/-0.0211   0.9912+/-0.0127  
10D Functions        0.9753+/-0.0345   0.9750+/-0.0346   0.9860+/-0.0212   0.9775+/-0.0321   0.9918+/-0.0096  

          STATISTICAL TESTS (Friedman + Bonferroni-corrected Wilcoxon)          

> All Functions
  Friedman: chi2 =   6.7291, p = 1.5092e-01 ns
  -> No significant difference across methods (Friedman p >= 0.05)

> 1D Functions
  Friedman: chi2 =   2.4000, p = 6.6263e-01 ns
  -> No significant difference across methods (Friedman p >= 0.05)

> 2D Functions
  Friedman: chi2 =   8.8000, p = 6.6298e-02 ns
  -> No significant difference across methods (Friedman p >= 0.05)

> 3D Functions
  Friedman: chi2 =   2.4000, p = 6.6263e-01 ns
  -> No significant difference across methods (Friedman p >= 0.05)

> 4D Functions
  Friedman: chi2 =   2.9333, p = 5.6904e-01 ns
  -> No significant difference across methods (Friedman p >= 0.05)

> 5D Functions
  Friedman: chi2 =   8.2667, p = 8.2284e-02 ns
  -> No significant difference across methods (Friedman p >= 0.05)

> 6D Functions
  Friedman: chi2 =   1.8776, p = 7.5827e-01 ns
  -> No significant difference across methods (Friedman p >= 0.05)

> 7D Functions
  Friedman: chi2 =   1.8667, p = 7.6027e-01 ns
  -> No significant difference across methods (Friedman p >= 0.05)

> 8D Functions
  Friedman: chi2 =   1.8667, p = 7.6027e-01 ns
  -> No significant difference across methods (Friedman p >= 0.05)

> 9D Functions
  Friedman: chi2 =   3.0175, p = 5.5489e-01 ns
  -> No significant difference across methods (Friedman p >= 0.05)

> 10D Functions
  Friedman: chi2 =   3.5932, p = 4.6385e-01 ns
  -> No significant difference across methods (Friedman p >= 0.05)


--------------------------------------------------------------------------------
METRIC: AUPR
--------------------------------------------------------------------------------

                             DESCRIPTIVE STATISTICS                             
                     Proximity_Baseline Proximity_Method_A Proximity_Method_B Proximity_Method_C Proximity_Method_B_C
--------------------------------------------------------------------------------
All Functions        0.2583+/-0.1198   0.2584+/-0.1206   0.2550+/-0.1444   0.2664+/-0.1381   0.2705+/-0.1648  
1D Functions         0.4757+/-0.1932   0.4765+/-0.1958   0.5321+/-0.2203   0.5256+/-0.2125   0.5945+/-0.2214  
2D Functions         0.2465+/-0.0505   0.2463+/-0.0501   0.2403+/-0.0571   0.2615+/-0.0633   0.2709+/-0.0858  
3D Functions         0.2153+/-0.0375   0.2150+/-0.0369   0.2115+/-0.0301   0.2149+/-0.0413   0.2117+/-0.0273  
4D Functions         0.2240+/-0.0317   0.2236+/-0.0313   0.2233+/-0.0380   0.2217+/-0.0297   0.2195+/-0.0320  
5D Functions         0.2454+/-0.0409   0.2459+/-0.0416   0.2189+/-0.0331   0.2426+/-0.0447   0.2241+/-0.0508  
6D Functions         0.2046+/-0.0299   0.2046+/-0.0296   0.1847+/-0.0151   0.2029+/-0.0286   0.1850+/-0.0152  
7D Functions         0.2141+/-0.0425   0.2144+/-0.0424   0.2261+/-0.0520   0.2121+/-0.0418   0.2213+/-0.0497  
8D Functions         0.2313+/-0.0336   0.2323+/-0.0365   0.2049+/-0.0590   0.2364+/-0.0434   0.2426+/-0.1077  
9D Functions         0.2059+/-0.0309   0.2057+/-0.0304   0.1814+/-0.0127   0.2031+/-0.0286   0.1809+/-0.0106  
10D Functions        0.2118+/-0.0458   0.2118+/-0.0455   0.1807+/-0.0177   0.2080+/-0.0422   0.1778+/-0.0100  

          STATISTICAL TESTS (Friedman + Bonferroni-corrected Wilcoxon)          

> All Functions
  Friedman: chi2 =   7.2444, p = 1.2352e-01 ns
  -> No significant difference across methods (Friedman p >= 0.05)

> 1D Functions
  Friedman: chi2 =   6.5600, p = 1.6105e-01 ns
  -> No significant difference across methods (Friedman p >= 0.05)

> 2D Functions
  Friedman: chi2 =   3.6800, p = 4.5104e-01 ns
  -> No significant difference across methods (Friedman p >= 0.05)

> 3D Functions
  Friedman: chi2 =   1.7600, p = 7.7979e-01 ns
  -> No significant difference across methods (Friedman p >= 0.05)

> 4D Functions
  Friedman: chi2 =   2.9333, p = 5.6904e-01 ns
  -> No significant difference across methods (Friedman p >= 0.05)

> 5D Functions
  Friedman: chi2 =   7.7333, p = 1.0185e-01 ns
  -> No significant difference across methods (Friedman p >= 0.05)

> 6D Functions
  Friedman: chi2 =   5.6000, p = 2.3108e-01 ns
  -> No significant difference across methods (Friedman p >= 0.05)

> 7D Functions
  Friedman: chi2 =   4.0000, p = 4.0601e-01 ns
  -> No significant difference across methods (Friedman p >= 0.05)

> 8D Functions
  Friedman: chi2 =   5.0667, p = 2.8053e-01 ns
  -> No significant difference across methods (Friedman p >= 0.05)

> 9D Functions
  Friedman: chi2 =   2.1333, p = 7.1125e-01 ns
  -> No significant difference across methods (Friedman p >= 0.05)

> 10D Functions
  Friedman: chi2 =   2.9333, p = 5.6904e-01 ns
  -> No significant difference across methods (Friedman p >= 0.05)


--------------------------------------------------------------------------------
METRIC: SPEARMAN
--------------------------------------------------------------------------------

                             DESCRIPTIVE STATISTICS                             
                     Proximity_Baseline Proximity_Method_A Proximity_Method_B Proximity_Method_C Proximity_Method_B_C
--------------------------------------------------------------------------------
All Functions        0.0827+/-0.1612   0.0826+/-0.1608   0.1006+/-0.1864   0.0822+/-0.1596   0.0953+/-0.1816  
1D Functions         0.1127+/-0.1281   0.1118+/-0.1257   0.1205+/-0.1219   0.1159+/-0.1157   0.1155+/-0.1150  
2D Functions         0.1452+/-0.2205   0.1419+/-0.2212   0.1574+/-0.2525   0.1367+/-0.2161   0.1269+/-0.2282  
3D Functions         0.1198+/-0.1805   0.1201+/-0.1803   0.1478+/-0.2386   0.1168+/-0.1794   0.1445+/-0.2293  
4D Functions         0.0983+/-0.2259   0.1006+/-0.2276   0.1261+/-0.2664   0.1015+/-0.2266   0.1323+/-0.2663  
5D Functions         0.1067+/-0.1543   0.1072+/-0.1554   0.1446+/-0.1871   0.1087+/-0.1543   0.1440+/-0.1886  
6D Functions         0.0939+/-0.1066   0.0959+/-0.1048   0.1114+/-0.1121   0.0975+/-0.1052   0.1208+/-0.1087  
7D Functions         0.0687+/-0.0629   0.0689+/-0.0632   0.0824+/-0.0838   0.0703+/-0.0622   0.0843+/-0.0813  
8D Functions         0.0097+/-0.0414   0.0095+/-0.0390   0.0447+/-0.0425   0.0138+/-0.0406   0.0494+/-0.0404  
9D Functions         -0.0483+/-0.1212   -0.0494+/-0.1178   -0.0501+/-0.1313   -0.0577+/-0.1319   -0.0698+/-0.1578  
10D Functions        0.0342+/-0.0788   0.0348+/-0.0772   0.0381+/-0.0615   0.0360+/-0.0784   0.0382+/-0.0663  

          STATISTICAL TESTS (Friedman + Bonferroni-corrected Wilcoxon)          

> All Functions
  Friedman: chi2 =  15.0222, p = 4.6553e-03 **
  Bonferroni alpha = 5.0000e-03
  Pairwise Comparisons           p-value         Significant?   
  -----------------------------------------------------------------
  Proximity_Baseline vs Proximity_Method_A     8.8281e-01            [NS]
  Proximity_Baseline vs Proximity_Method_B     2.7160e-02            [NS]
  Proximity_Baseline vs Proximity_Method_C     3.7917e-01            [NS]
  Proximity_Baseline vs Proximity_Method_B_C     7.1754e-02            [NS]
  Proximity_Method_A vs Proximity_Method_B     3.4831e-02            [NS]
  Proximity_Method_A vs Proximity_Method_C     7.3857e-01            [NS]
  Proximity_Method_A vs Proximity_Method_B_C     5.3552e-02            [NS]
  Proximity_Method_B vs Proximity_Method_C     2.0960e-02            [NS]
  Proximity_Method_B vs Proximity_Method_B_C     8.4619e-01            [NS]
  Proximity_Method_C vs Proximity_Method_B_C     4.9644e-02            [NS]

> 1D Functions
  Friedman: chi2 =   0.4800, p = 9.7542e-01 ns
  -> No significant difference across methods (Friedman p >= 0.05)

> 2D Functions
  Friedman: chi2 =   3.6800, p = 4.5104e-01 ns
  -> No significant difference across methods (Friedman p >= 0.05)

> 3D Functions
  Friedman: chi2 =   0.6400, p = 9.5852e-01 ns
  -> No significant difference across methods (Friedman p >= 0.05)

> 4D Functions
  Friedman: chi2 =   3.4667, p = 4.8296e-01 ns
  -> No significant difference across methods (Friedman p >= 0.05)

> 5D Functions
  Friedman: chi2 =  10.9333, p = 2.7324e-02 *
  Bonferroni alpha = 5.0000e-03
  Pairwise Comparisons           p-value         Significant?   
  -----------------------------------------------------------------
  Proximity_Baseline vs Proximity_Method_A     7.5000e-01            [NS]
  Proximity_Baseline vs Proximity_Method_B     2.5000e-01            [NS]
  Proximity_Baseline vs Proximity_Method_C     2.5000e-01            [NS]
  Proximity_Baseline vs Proximity_Method_B_C     2.5000e-01            [NS]
  Proximity_Method_A vs Proximity_Method_B     2.5000e-01            [NS]
  Proximity_Method_A vs Proximity_Method_C     2.5000e-01            [NS]
  Proximity_Method_A vs Proximity_Method_B_C     2.5000e-01            [NS]
  Proximity_Method_B vs Proximity_Method_C     2.5000e-01            [NS]
  Proximity_Method_B vs Proximity_Method_B_C     5.0000e-01            [NS]
  Proximity_Method_C vs Proximity_Method_B_C     2.5000e-01            [NS]

> 6D Functions
  Friedman: chi2 =   5.8667, p = 2.0933e-01 ns
  -> No significant difference across methods (Friedman p >= 0.05)

> 7D Functions
  Friedman: chi2 =   1.8667, p = 7.6027e-01 ns
  -> No significant difference across methods (Friedman p >= 0.05)

> 8D Functions
  Friedman: chi2 =  10.9333, p = 2.7324e-02 *
  Bonferroni alpha = 5.0000e-03
  Pairwise Comparisons           p-value         Significant?   
  -----------------------------------------------------------------
  Proximity_Baseline vs Proximity_Method_A     1.0000e+00            [NS]
  Proximity_Baseline vs Proximity_Method_B     2.5000e-01            [NS]
  Proximity_Baseline vs Proximity_Method_C     2.5000e-01            [NS]
  Proximity_Baseline vs Proximity_Method_B_C     2.5000e-01            [NS]
  Proximity_Method_A vs Proximity_Method_B     2.5000e-01            [NS]
  Proximity_Method_A vs Proximity_Method_C     2.5000e-01            [NS]
  Proximity_Method_A vs Proximity_Method_B_C     2.5000e-01            [NS]
  Proximity_Method_B vs Proximity_Method_C     2.5000e-01            [NS]
  Proximity_Method_B vs Proximity_Method_B_C     5.0000e-01            [NS]
  Proximity_Method_C vs Proximity_Method_B_C     2.5000e-01            [NS]

> 9D Functions
  Friedman: chi2 =   1.3333, p = 8.5570e-01 ns
  -> No significant difference across methods (Friedman p >= 0.05)

> 10D Functions
  Friedman: chi2 =   0.5333, p = 9.7018e-01 ns
  -> No significant difference across methods (Friedman p >= 0.05)


--------------------------------------------------------------------------------
METRIC: BRIER
--------------------------------------------------------------------------------

                             DESCRIPTIVE STATISTICS                             
                     Proximity_Baseline Proximity_Method_A Proximity_Method_B Proximity_Method_C Proximity_Method_B_C
--------------------------------------------------------------------------------
All Functions        0.2367+/-0.0619   0.2368+/-0.0615   0.2085+/-0.0697   0.2342+/-0.0650   0.2119+/-0.0692  
1D Functions         0.2457+/-0.0499   0.2454+/-0.0500   0.2252+/-0.0568   0.2336+/-0.0732   0.2171+/-0.0819  
2D Functions         0.2650+/-0.0274   0.2649+/-0.0274   0.2466+/-0.0470   0.2677+/-0.0249   0.2541+/-0.0354  
3D Functions         0.2289+/-0.0511   0.2287+/-0.0512   0.2251+/-0.0536   0.2284+/-0.0504   0.2346+/-0.0392  
4D Functions         0.2525+/-0.0204   0.2524+/-0.0203   0.2424+/-0.0426   0.2512+/-0.0209   0.2437+/-0.0372  
5D Functions         0.2720+/-0.0127   0.2720+/-0.0128   0.2377+/-0.0571   0.2696+/-0.0135   0.2333+/-0.0574  
6D Functions         0.1987+/-0.0890   0.1989+/-0.0889   0.1578+/-0.0727   0.1971+/-0.0894   0.1589+/-0.0762  
7D Functions         0.2119+/-0.0768   0.2134+/-0.0750   0.2367+/-0.0568   0.2096+/-0.0767   0.2330+/-0.0523  
8D Functions         0.2645+/-0.0201   0.2645+/-0.0200   0.1879+/-0.0592   0.2641+/-0.0233   0.2158+/-0.0530  
9D Functions         0.2109+/-0.0708   0.2112+/-0.0707   0.1538+/-0.0557   0.2089+/-0.0683   0.1583+/-0.0460  
10D Functions        0.1970+/-0.0913   0.1979+/-0.0904   0.1242+/-0.0707   0.1941+/-0.0905   0.1234+/-0.0643  

          STATISTICAL TESTS (Friedman + Bonferroni-corrected Wilcoxon)          

> All Functions
  Friedman: chi2 =  28.7111, p = 8.9480e-06 ***
  Bonferroni alpha = 5.0000e-03
  Pairwise Comparisons           p-value         Significant?   
  -----------------------------------------------------------------
  Proximity_Baseline vs Proximity_Method_A     8.5837e-01            [NS]
  Proximity_Baseline vs Proximity_Method_B     2.4800e-03           [SIG]
  Proximity_Baseline vs Proximity_Method_C     5.5598e-02            [NS]
  Proximity_Baseline vs Proximity_Method_B_C     6.3211e-03            [NS]
  Proximity_Method_A vs Proximity_Method_B     2.3394e-03           [SIG]
  Proximity_Method_A vs Proximity_Method_C     3.2095e-02            [NS]
  Proximity_Method_A vs Proximity_Method_B_C     5.9996e-03            [NS]
  Proximity_Method_B vs Proximity_Method_C     5.3993e-03            [NS]
  Proximity_Method_B vs Proximity_Method_B_C     5.2908e-01            [NS]
  Proximity_Method_C vs Proximity_Method_B_C     4.5976e-03           [SIG]

> 1D Functions
  Friedman: chi2 =   9.1200, p = 5.8169e-02 ns
  -> No significant difference across methods (Friedman p >= 0.05)

> 2D Functions
  Friedman: chi2 =   7.2000, p = 1.2569e-01 ns
  -> No significant difference across methods (Friedman p >= 0.05)

> 3D Functions
  Friedman: chi2 =   1.1200, p = 8.9109e-01 ns
  -> No significant difference across methods (Friedman p >= 0.05)

> 4D Functions
  Friedman: chi2 =   2.9333, p = 5.6904e-01 ns
  -> No significant difference across methods (Friedman p >= 0.05)

> 5D Functions
  Friedman: chi2 =   2.9333, p = 5.6904e-01 ns
  -> No significant difference across methods (Friedman p >= 0.05)

> 6D Functions
  Friedman: chi2 =  11.4667, p = 2.1791e-02 *
  Bonferroni alpha = 5.0000e-03
  Pairwise Comparisons           p-value         Significant?   
  -----------------------------------------------------------------
  Proximity_Baseline vs Proximity_Method_A     2.5000e-01            [NS]
  Proximity_Baseline vs Proximity_Method_B     2.5000e-01            [NS]
  Proximity_Baseline vs Proximity_Method_C     2.5000e-01            [NS]
  Proximity_Baseline vs Proximity_Method_B_C     2.5000e-01            [NS]
  Proximity_Method_A vs Proximity_Method_B     2.5000e-01            [NS]
  Proximity_Method_A vs Proximity_Method_C     2.5000e-01            [NS]
  Proximity_Method_A vs Proximity_Method_B_C     2.5000e-01            [NS]
  Proximity_Method_B vs Proximity_Method_C     2.5000e-01            [NS]
  Proximity_Method_B vs Proximity_Method_B_C     7.5000e-01            [NS]
  Proximity_Method_C vs Proximity_Method_B_C     2.5000e-01            [NS]

> 7D Functions
  Friedman: chi2 =   3.4667, p = 4.8296e-01 ns
  -> No significant difference across methods (Friedman p >= 0.05)

> 8D Functions
  Friedman: chi2 =   9.3333, p = 5.3287e-02 ns
  -> No significant difference across methods (Friedman p >= 0.05)

> 9D Functions
  Friedman: chi2 =   2.1333, p = 7.1125e-01 ns
  -> No significant difference across methods (Friedman p >= 0.05)

> 10D Functions
  Friedman: chi2 =   2.9333, p = 5.6904e-01 ns
  -> No significant difference across methods (Friedman p >= 0.05)


--------------------------------------------------------------------------------
METRIC: MI
--------------------------------------------------------------------------------

                             DESCRIPTIVE STATISTICS                             
                     Proximity_Baseline Proximity_Method_A Proximity_Method_B Proximity_Method_C Proximity_Method_B_C
--------------------------------------------------------------------------------
All Functions        0.2409+/-0.2010   0.2421+/-0.2014   0.3964+/-0.2225   0.2408+/-0.2071   0.3513+/-0.2117  
1D Functions         0.4885+/-0.1301   0.4986+/-0.1308   0.7137+/-0.1107   0.5042+/-0.1511   0.6551+/-0.1239  
2D Functions         0.1863+/-0.0534   0.1853+/-0.0540   0.3264+/-0.1229   0.1645+/-0.0471   0.2588+/-0.0738  
3D Functions         0.2235+/-0.1172   0.2268+/-0.1156   0.3117+/-0.1551   0.2167+/-0.1207   0.2505+/-0.0997  
4D Functions         0.1598+/-0.0699   0.1611+/-0.0725   0.2508+/-0.0940   0.1604+/-0.0735   0.2278+/-0.0825  
5D Functions         0.0828+/-0.0307   0.0844+/-0.0315   0.2470+/-0.1521   0.0834+/-0.0347   0.2133+/-0.1544  
6D Functions         0.2909+/-0.2770   0.2897+/-0.2766   0.4227+/-0.2352   0.2935+/-0.2794   0.4152+/-0.2485  
7D Functions         0.2429+/-0.2257   0.2388+/-0.2198   0.2526+/-0.1568   0.2481+/-0.2266   0.2507+/-0.1504  
8D Functions         0.0870+/-0.0507   0.0877+/-0.0495   0.3739+/-0.2036   0.0861+/-0.0592   0.2402+/-0.1514  
9D Functions         0.2374+/-0.2039   0.2361+/-0.2035   0.4270+/-0.1847   0.2417+/-0.1968   0.4058+/-0.1546  
10D Functions        0.2932+/-0.2883   0.2895+/-0.2849   0.5299+/-0.2207   0.3004+/-0.2871   0.5225+/-0.2162  

          STATISTICAL TESTS (Friedman + Bonferroni-corrected Wilcoxon)          

> All Functions
  Friedman: chi2 =  54.4444, p = 4.2475e-11 ***
  Bonferroni alpha = 5.0000e-03
  Pairwise Comparisons           p-value         Significant?   
  -----------------------------------------------------------------
  Proximity_Baseline vs Proximity_Method_A     8.0990e-01            [NS]
  Proximity_Baseline vs Proximity_Method_B     3.9585e-06           [SIG]
  Proximity_Baseline vs Proximity_Method_C     7.3857e-01            [NS]
  Proximity_Baseline vs Proximity_Method_B_C     3.3327e-05           [SIG]
  Proximity_Method_A vs Proximity_Method_B     3.5575e-06           [SIG]
  Proximity_Method_A vs Proximity_Method_C     9.3199e-01            [NS]
  Proximity_Method_A vs Proximity_Method_B_C     2.7887e-05           [SIG]
  Proximity_Method_B vs Proximity_Method_C     3.1940e-06           [SIG]
  Proximity_Method_B vs Proximity_Method_B_C     2.1586e-04           [SIG]
  Proximity_Method_C vs Proximity_Method_B_C     4.7211e-05           [SIG]

> 1D Functions
  Friedman: chi2 =  15.6800, p = 3.4800e-03 **
  Bonferroni alpha = 5.0000e-03
  Pairwise Comparisons           p-value         Significant?   
  -----------------------------------------------------------------
  Proximity_Baseline vs Proximity_Method_A     4.3750e-01            [NS]
  Proximity_Baseline vs Proximity_Method_B     6.2500e-02            [NS]
  Proximity_Baseline vs Proximity_Method_C     4.3750e-01            [NS]
  Proximity_Baseline vs Proximity_Method_B_C     6.2500e-02            [NS]
  Proximity_Method_A vs Proximity_Method_B     6.2500e-02            [NS]
  Proximity_Method_A vs Proximity_Method_C     8.1250e-01            [NS]
  Proximity_Method_A vs Proximity_Method_B_C     6.2500e-02            [NS]
  Proximity_Method_B vs Proximity_Method_C     6.2500e-02            [NS]
  Proximity_Method_B vs Proximity_Method_B_C     3.1250e-01            [NS]
  Proximity_Method_C vs Proximity_Method_B_C     6.2500e-02            [NS]

> 2D Functions
  Friedman: chi2 =  18.4000, p = 1.0306e-03 **
  Bonferroni alpha = 5.0000e-03
  Pairwise Comparisons           p-value         Significant?   
  -----------------------------------------------------------------
  Proximity_Baseline vs Proximity_Method_A     6.2500e-01            [NS]
  Proximity_Baseline vs Proximity_Method_B     6.2500e-02            [NS]
  Proximity_Baseline vs Proximity_Method_C     6.2500e-02            [NS]
  Proximity_Baseline vs Proximity_Method_B_C     6.2500e-02            [NS]
  Proximity_Method_A vs Proximity_Method_B     6.2500e-02            [NS]
  Proximity_Method_A vs Proximity_Method_C     6.2500e-02            [NS]
  Proximity_Method_A vs Proximity_Method_B_C     6.2500e-02            [NS]
  Proximity_Method_B vs Proximity_Method_C     6.2500e-02            [NS]
  Proximity_Method_B vs Proximity_Method_B_C     1.2500e-01            [NS]
  Proximity_Method_C vs Proximity_Method_B_C     6.2500e-02            [NS]

> 3D Functions
  Friedman: chi2 =   4.3200, p = 3.6443e-01 ns
  -> No significant difference across methods (Friedman p >= 0.05)

> 4D Functions
  Friedman: chi2 =   1.6000, p = 8.0879e-01 ns
  -> No significant difference across methods (Friedman p >= 0.05)

> 5D Functions
  Friedman: chi2 =   8.8000, p = 6.6298e-02 ns
  -> No significant difference across methods (Friedman p >= 0.05)

> 6D Functions
  Friedman: chi2 =  10.9333, p = 2.7324e-02 *
  Bonferroni alpha = 5.0000e-03
  Pairwise Comparisons           p-value         Significant?   
  -----------------------------------------------------------------
  Proximity_Baseline vs Proximity_Method_A     2.5000e-01            [NS]
  Proximity_Baseline vs Proximity_Method_B     2.5000e-01            [NS]
  Proximity_Baseline vs Proximity_Method_C     5.0000e-01            [NS]
  Proximity_Baseline vs Proximity_Method_B_C     2.5000e-01            [NS]
  Proximity_Method_A vs Proximity_Method_B     2.5000e-01            [NS]
  Proximity_Method_A vs Proximity_Method_C     2.5000e-01            [NS]
  Proximity_Method_A vs Proximity_Method_B_C     2.5000e-01            [NS]
  Proximity_Method_B vs Proximity_Method_C     2.5000e-01            [NS]
  Proximity_Method_B vs Proximity_Method_B_C     7.5000e-01            [NS]
  Proximity_Method_C vs Proximity_Method_B_C     2.5000e-01            [NS]

> 7D Functions
  Friedman: chi2 =   2.9333, p = 5.6904e-01 ns
  -> No significant difference across methods (Friedman p >= 0.05)

> 8D Functions
  Friedman: chi2 =   9.3333, p = 5.3287e-02 ns
  -> No significant difference across methods (Friedman p >= 0.05)

> 9D Functions
  Friedman: chi2 =   5.8667, p = 2.0933e-01 ns
  -> No significant difference across methods (Friedman p >= 0.05)

> 10D Functions
  Friedman: chi2 =   5.0667, p = 2.8053e-01 ns
  -> No significant difference across methods (Friedman p >= 0.05)


--------------------------------------------------------------------------------
METRIC: JSD
--------------------------------------------------------------------------------

                             DESCRIPTIVE STATISTICS                             
                     Proximity_Baseline Proximity_Method_A Proximity_Method_B Proximity_Method_C Proximity_Method_B_C
--------------------------------------------------------------------------------
All Functions        0.2538+/-0.2022   0.2549+/-0.2027   0.4203+/-0.2234   0.2532+/-0.2077   0.3725+/-0.2120  
1D Functions         0.5108+/-0.1273   0.5206+/-0.1281   0.7352+/-0.1015   0.5241+/-0.1455   0.6700+/-0.1180  
2D Functions         0.2047+/-0.0587   0.2035+/-0.0592   0.3568+/-0.1302   0.1820+/-0.0537   0.2862+/-0.0798  
3D Functions         0.2388+/-0.1195   0.2425+/-0.1184   0.3399+/-0.1614   0.2317+/-0.1230   0.2787+/-0.1080  
4D Functions         0.1774+/-0.0790   0.1790+/-0.0815   0.2791+/-0.1021   0.1781+/-0.0828   0.2543+/-0.0909  
5D Functions         0.0915+/-0.0356   0.0932+/-0.0363   0.2699+/-0.1586   0.0923+/-0.0398   0.2318+/-0.1602  
6D Functions         0.2979+/-0.2741   0.2965+/-0.2736   0.4408+/-0.2300   0.3008+/-0.2768   0.4318+/-0.2431  
7D Functions         0.2479+/-0.2214   0.2435+/-0.2150   0.2772+/-0.1682   0.2534+/-0.2226   0.2747+/-0.1617  
8D Functions         0.0961+/-0.0555   0.0968+/-0.0542   0.4001+/-0.2095   0.0945+/-0.0647   0.2591+/-0.1672  
9D Functions         0.2423+/-0.2000   0.2408+/-0.1992   0.4399+/-0.1864   0.2468+/-0.1921   0.4164+/-0.1573  
10D Functions        0.3015+/-0.2890   0.2978+/-0.2856   0.5505+/-0.2251   0.3094+/-0.2878   0.5438+/-0.2202  

          STATISTICAL TESTS (Friedman + Bonferroni-corrected Wilcoxon)          

> All Functions
  Friedman: chi2 =  57.4444, p = 9.9811e-12 ***
  Bonferroni alpha = 5.0000e-03
  Pairwise Comparisons           p-value         Significant?   
  -----------------------------------------------------------------
  Proximity_Baseline vs Proximity_Method_A     7.0368e-01            [NS]
  Proximity_Baseline vs Proximity_Method_B     1.1537e-06           [SIG]
  Proximity_Baseline vs Proximity_Method_C     7.8592e-01            [NS]
  Proximity_Baseline vs Proximity_Method_B_C     1.7639e-05           [SIG]
  Proximity_Method_A vs Proximity_Method_B     9.0827e-07           [SIG]
  Proximity_Method_A vs Proximity_Method_C     9.3199e-01            [NS]
  Proximity_Method_A vs Proximity_Method_B_C     1.7639e-05           [SIG]
  Proximity_Method_B vs Proximity_Method_C     1.1537e-06           [SIG]
  Proximity_Method_B vs Proximity_Method_B_C     9.9569e-05           [SIG]
  Proximity_Method_C vs Proximity_Method_B_C     2.1233e-05           [SIG]

> 1D Functions
  Friedman: chi2 =  16.0000, p = 3.0192e-03 **
  Bonferroni alpha = 5.0000e-03
  Pairwise Comparisons           p-value         Significant?   
  -----------------------------------------------------------------
  Proximity_Baseline vs Proximity_Method_A     4.3750e-01            [NS]
  Proximity_Baseline vs Proximity_Method_B     6.2500e-02            [NS]
  Proximity_Baseline vs Proximity_Method_C     4.3750e-01            [NS]
  Proximity_Baseline vs Proximity_Method_B_C     6.2500e-02            [NS]
  Proximity_Method_A vs Proximity_Method_B     6.2500e-02            [NS]
  Proximity_Method_A vs Proximity_Method_C     8.1250e-01            [NS]
  Proximity_Method_A vs Proximity_Method_B_C     6.2500e-02            [NS]
  Proximity_Method_B vs Proximity_Method_C     6.2500e-02            [NS]
  Proximity_Method_B vs Proximity_Method_B_C     1.8750e-01            [NS]
  Proximity_Method_C vs Proximity_Method_B_C     6.2500e-02            [NS]

> 2D Functions
  Friedman: chi2 =  16.4800, p = 2.4383e-03 **
  Bonferroni alpha = 5.0000e-03
  Pairwise Comparisons           p-value         Significant?   
  -----------------------------------------------------------------
  Proximity_Baseline vs Proximity_Method_A     6.2500e-01            [NS]
  Proximity_Baseline vs Proximity_Method_B     6.2500e-02            [NS]
  Proximity_Baseline vs Proximity_Method_C     1.2500e-01            [NS]
  Proximity_Baseline vs Proximity_Method_B_C     6.2500e-02            [NS]
  Proximity_Method_A vs Proximity_Method_B     6.2500e-02            [NS]
  Proximity_Method_A vs Proximity_Method_C     1.2500e-01            [NS]
  Proximity_Method_A vs Proximity_Method_B_C     6.2500e-02            [NS]
  Proximity_Method_B vs Proximity_Method_C     6.2500e-02            [NS]
  Proximity_Method_B vs Proximity_Method_B_C     1.2500e-01            [NS]
  Proximity_Method_C vs Proximity_Method_B_C     6.2500e-02            [NS]

> 3D Functions
  Friedman: chi2 =   4.9600, p = 2.9143e-01 ns
  -> No significant difference across methods (Friedman p >= 0.05)

> 4D Functions
  Friedman: chi2 =   1.6000, p = 8.0879e-01 ns
  -> No significant difference across methods (Friedman p >= 0.05)

> 5D Functions
  Friedman: chi2 =   9.8667, p = 4.2735e-02 *
  Bonferroni alpha = 5.0000e-03
  Pairwise Comparisons           p-value         Significant?   
  -----------------------------------------------------------------
  Proximity_Baseline vs Proximity_Method_A     5.0000e-01            [NS]
  Proximity_Baseline vs Proximity_Method_B     2.5000e-01            [NS]
  Proximity_Baseline vs Proximity_Method_C     7.5000e-01            [NS]
  Proximity_Baseline vs Proximity_Method_B_C     2.5000e-01            [NS]
  Proximity_Method_A vs Proximity_Method_B     2.5000e-01            [NS]
  Proximity_Method_A vs Proximity_Method_C     1.0000e+00            [NS]
  Proximity_Method_A vs Proximity_Method_B_C     2.5000e-01            [NS]
  Proximity_Method_B vs Proximity_Method_C     2.5000e-01            [NS]
  Proximity_Method_B vs Proximity_Method_B_C     2.5000e-01            [NS]
  Proximity_Method_C vs Proximity_Method_B_C     2.5000e-01            [NS]

> 6D Functions
  Friedman: chi2 =  10.9333, p = 2.7324e-02 *
  Bonferroni alpha = 5.0000e-03
  Pairwise Comparisons           p-value         Significant?   
  -----------------------------------------------------------------
  Proximity_Baseline vs Proximity_Method_A     2.5000e-01            [NS]
  Proximity_Baseline vs Proximity_Method_B     2.5000e-01            [NS]
  Proximity_Baseline vs Proximity_Method_C     5.0000e-01            [NS]
  Proximity_Baseline vs Proximity_Method_B_C     2.5000e-01            [NS]
  Proximity_Method_A vs Proximity_Method_B     2.5000e-01            [NS]
  Proximity_Method_A vs Proximity_Method_C     2.5000e-01            [NS]
  Proximity_Method_A vs Proximity_Method_B_C     2.5000e-01            [NS]
  Proximity_Method_B vs Proximity_Method_C     2.5000e-01            [NS]
  Proximity_Method_B vs Proximity_Method_B_C     7.5000e-01            [NS]
  Proximity_Method_C vs Proximity_Method_B_C     2.5000e-01            [NS]

> 7D Functions
  Friedman: chi2 =   2.9333, p = 5.6904e-01 ns
  -> No significant difference across methods (Friedman p >= 0.05)

> 8D Functions
  Friedman: chi2 =   9.3333, p = 5.3287e-02 ns
  -> No significant difference across methods (Friedman p >= 0.05)

> 9D Functions
  Friedman: chi2 =   5.8667, p = 2.0933e-01 ns
  -> No significant difference across methods (Friedman p >= 0.05)

> 10D Functions
  Friedman: chi2 =   6.1333, p = 1.8941e-01 ns
  -> No significant difference across methods (Friedman p >= 0.05)


--------------------------------------------------------------------------------
METRIC: NAURC
--------------------------------------------------------------------------------

                             DESCRIPTIVE STATISTICS                             
                     Proximity_Baseline Proximity_Method_A Proximity_Method_B Proximity_Method_C Proximity_Method_B_C
--------------------------------------------------------------------------------
All Functions        0.7470+/-0.2647   0.7465+/-0.2643   0.6867+/-0.2535   0.7521+/-0.2650   0.6997+/-0.2573  
1D Functions         0.7498+/-0.2255   0.7485+/-0.2240   0.6984+/-0.2193   0.7717+/-0.2256   0.7255+/-0.2120  
2D Functions         0.8462+/-0.1187   0.8473+/-0.1197   0.7384+/-0.1905   0.8636+/-0.1026   0.7761+/-0.1661  
3D Functions         0.6066+/-0.3259   0.6050+/-0.3256   0.5454+/-0.3056   0.6112+/-0.3279   0.5555+/-0.3174  
4D Functions         0.4755+/-0.3715   0.4748+/-0.3708   0.4180+/-0.3260   0.4709+/-0.3671   0.4145+/-0.3274  
5D Functions         0.7940+/-0.2351   0.7950+/-0.2355   0.7130+/-0.2464   0.7939+/-0.2369   0.7196+/-0.2541  
6D Functions         0.6645+/-0.1984   0.6629+/-0.1971   0.6097+/-0.1714   0.6606+/-0.1985   0.6084+/-0.1764  
7D Functions         0.6861+/-0.2190   0.6890+/-0.2195   0.6727+/-0.1231   0.6834+/-0.2172   0.6690+/-0.1287  
8D Functions         0.9421+/-0.0680   0.9414+/-0.0673   0.8799+/-0.0950   0.9395+/-0.0687   0.8865+/-0.0966  
9D Functions         0.9378+/-0.0281   0.9359+/-0.0272   0.8957+/-0.0610   0.9409+/-0.0329   0.9160+/-0.0754  
10D Functions        0.7930+/-0.2387   0.7908+/-0.2372   0.7476+/-0.2211   0.7915+/-0.2390   0.7535+/-0.2236  

          STATISTICAL TESTS (Friedman + Bonferroni-corrected Wilcoxon)          

> All Functions
  Friedman: chi2 =  56.8222, p = 1.3481e-11 ***
  Bonferroni alpha = 5.0000e-03
  Pairwise Comparisons           p-value         Significant?   
  -----------------------------------------------------------------
  Proximity_Baseline vs Proximity_Method_A     2.4508e-01            [NS]
  Proximity_Baseline vs Proximity_Method_B     2.0540e-06           [SIG]
  Proximity_Baseline vs Proximity_Method_C     9.8143e-01            [NS]
  Proximity_Baseline vs Proximity_Method_B_C     1.3280e-05           [SIG]
  Proximity_Method_A vs Proximity_Method_B     1.8344e-06           [SIG]
  Proximity_Method_A vs Proximity_Method_C     9.1966e-01            [NS]
  Proximity_Method_A vs Proximity_Method_B_C     1.4610e-05           [SIG]
  Proximity_Method_B vs Proximity_Method_C     1.0243e-06           [SIG]
  Proximity_Method_B vs Proximity_Method_B_C     3.3473e-04           [SIG]
  Proximity_Method_C vs Proximity_Method_B_C     2.8647e-06           [SIG]

> 1D Functions
  Friedman: chi2 =   5.2800, p = 2.5976e-01 ns
  -> No significant difference across methods (Friedman p >= 0.05)

> 2D Functions
  Friedman: chi2 =  16.4800, p = 2.4383e-03 **
  Bonferroni alpha = 5.0000e-03
  Pairwise Comparisons           p-value         Significant?   
  -----------------------------------------------------------------
  Proximity_Baseline vs Proximity_Method_A     8.1250e-01            [NS]
  Proximity_Baseline vs Proximity_Method_B     6.2500e-02            [NS]
  Proximity_Baseline vs Proximity_Method_C     3.1250e-01            [NS]
  Proximity_Baseline vs Proximity_Method_B_C     6.2500e-02            [NS]
  Proximity_Method_A vs Proximity_Method_B     6.2500e-02            [NS]
  Proximity_Method_A vs Proximity_Method_C     8.1250e-01            [NS]
  Proximity_Method_A vs Proximity_Method_B_C     6.2500e-02            [NS]
  Proximity_Method_B vs Proximity_Method_C     6.2500e-02            [NS]
  Proximity_Method_B vs Proximity_Method_B_C     6.2500e-02            [NS]
  Proximity_Method_C vs Proximity_Method_B_C     6.2500e-02            [NS]

> 3D Functions
  Friedman: chi2 =   6.8800, p = 1.4237e-01 ns
  -> No significant difference across methods (Friedman p >= 0.05)

> 4D Functions
  Friedman: chi2 =   8.2667, p = 8.2284e-02 ns
  -> No significant difference across methods (Friedman p >= 0.05)

> 5D Functions
  Friedman: chi2 =   9.3333, p = 5.3287e-02 ns
  -> No significant difference across methods (Friedman p >= 0.05)

> 6D Functions
  Friedman: chi2 =   6.9333, p = 1.3945e-01 ns
  -> No significant difference across methods (Friedman p >= 0.05)

> 7D Functions
  Friedman: chi2 =   3.4667, p = 4.8296e-01 ns
  -> No significant difference across methods (Friedman p >= 0.05)

> 8D Functions
  Friedman: chi2 =  11.4667, p = 2.1791e-02 *
  Bonferroni alpha = 5.0000e-03
  Pairwise Comparisons           p-value         Significant?   
  -----------------------------------------------------------------
  Proximity_Baseline vs Proximity_Method_A     2.5000e-01            [NS]
  Proximity_Baseline vs Proximity_Method_B     2.5000e-01            [NS]
  Proximity_Baseline vs Proximity_Method_C     2.5000e-01            [NS]
  Proximity_Baseline vs Proximity_Method_B_C     2.5000e-01            [NS]
  Proximity_Method_A vs Proximity_Method_B     2.5000e-01            [NS]
  Proximity_Method_A vs Proximity_Method_C     5.0000e-01            [NS]
  Proximity_Method_A vs Proximity_Method_B_C     2.5000e-01            [NS]
  Proximity_Method_B vs Proximity_Method_C     2.5000e-01            [NS]
  Proximity_Method_B vs Proximity_Method_B_C     2.5000e-01            [NS]
  Proximity_Method_C vs Proximity_Method_B_C     2.5000e-01            [NS]

> 9D Functions
  Friedman: chi2 =   4.0000, p = 4.0601e-01 ns
  -> No significant difference across methods (Friedman p >= 0.05)

> 10D Functions
  Friedman: chi2 =  10.6667, p = 3.0577e-02 *
  Bonferroni alpha = 5.0000e-03
  Pairwise Comparisons           p-value         Significant?   
  -----------------------------------------------------------------
  Proximity_Baseline vs Proximity_Method_A     2.5000e-01            [NS]
  Proximity_Baseline vs Proximity_Method_B     2.5000e-01            [NS]
  Proximity_Baseline vs Proximity_Method_C     5.0000e-01            [NS]
  Proximity_Baseline vs Proximity_Method_B_C     2.5000e-01            [NS]
  Proximity_Method_A vs Proximity_Method_B     2.5000e-01            [NS]
  Proximity_Method_A vs Proximity_Method_C     7.5000e-01            [NS]
  Proximity_Method_A vs Proximity_Method_B_C     2.5000e-01            [NS]
  Proximity_Method_B vs Proximity_Method_C     2.5000e-01            [NS]
  Proximity_Method_B vs Proximity_Method_B_C     2.5000e-01            [NS]
  Proximity_Method_C vs Proximity_Method_B_C     2.5000e-01            [NS]

================================================================================
Legend: *** p<0.001, ** p<0.01, * p<0.05, ns = not significant
================================================================================


[Report] Results saved to: results/unified_cluster_sweep_optimized/uncertainty_quantification_results_rf5_k20_sparse_m5_leaf_20260710_025026.txt and results/unified_cluster_sweep_optimized/uncertainty_quantification_results_rf5_k20_sparse_m5_leaf_20260710_025026.json
