
======================================================================
EPISTEMIC UNCERTAINTY QUANTIFICATION - COMPREHENSIVE TEST SUITE
Started: 2026-07-10 01:09:06
Config: RF Config=5, K Neighbors=100, Gap Type=sparse, Multiplier=50, Scaling Law=linear, Runs=5, Topological Decay Lambda=None
======================================================================

[SETUP SUMMARY]
  * Functions: 36 total (5 1D, 5 2D, 5 3D, 3 4D, 3 5D, 3 6D, 3 7D, 3 8D, 3 9D, 3 10D)
  * Runs: 5 (total evaluations: 180)
  * Approaches: Proximity_Baseline, Proximity_Method_A, Proximity_Method_B, Proximity_Method_C, Proximity_Method_B_C
  * Metrics: AUROC, FPR@95TPR, Spearman, Brier, MI, JSD
  * Statistical tests: Friedman + Bonferroni-corrected Wilcoxon (alpha=0.05)
  * Proximity Device: GPU (CuPy)


######################################################################
# UNIFIED TEST: All Functions (aggregated by dimension)
######################################################################
Running 36 functions x 5 seeds = 180 evaluations (single pass)

[RUN 1/5]  [OK] (1225.8s, ETA: 81m remaining)
[RUN 2/5]  [OK] (909.6s, ETA: 45m remaining)
[RUN 3/5]  [OK] (691.3s, ETA: 23m remaining)
[RUN 4/5]  [OK] (763.2s, ETA: 12m remaining)
[RUN 5/5]  [OK] (1181.7s, ETA: 0m remaining)

[SUCCESS] Unified test completed in 79.5 minutes


######################################################################
# TEST 1: ALL FUNCTIONS TOGETHER
######################################################################

======================================================================
ALL FUNCTIONS (36 x 5 = 180 tests)
======================================================================

--- AUROC ---
Proximity_Baseline: Mean = 0.3318, Std = 0.2675
Proximity_Method_A: Mean = 0.3309, Std = 0.2686
Proximity_Method_B: Mean = 0.3192, Std = 0.2865
Proximity_Method_C: Mean = 0.3395, Std = 0.2650
Proximity_Method_B_C: Mean = 0.3469, Std = 0.2639

--- FPR95 ---
Proximity_Baseline: Mean = 0.8538, Std = 0.2742
Proximity_Method_A: Mean = 0.8569, Std = 0.2667
Proximity_Method_B: Mean = 0.8348, Std = 0.2827
Proximity_Method_C: Mean = 0.8623, Std = 0.2467
Proximity_Method_B_C: Mean = 0.8507, Std = 0.2478

--- SPEARMAN ---
Proximity_Baseline: Mean = 0.0651, Std = 0.1547
Proximity_Method_A: Mean = 0.0653, Std = 0.1551
Proximity_Method_B: Mean = 0.0961, Std = 0.1859
Proximity_Method_C: Mean = 0.0522, Std = 0.1467
Proximity_Method_B_C: Mean = 0.0611, Std = 0.1551

--- BRIER ---
Proximity_Baseline: Mean = 0.1911, Std = 0.0882
Proximity_Method_A: Mean = 0.1913, Std = 0.0858
Proximity_Method_B: Mean = 0.1766, Std = 0.0891
Proximity_Method_C: Mean = 0.1966, Std = 0.0791
Proximity_Method_B_C: Mean = 0.2001, Std = 0.0748

--- MI ---
Proximity_Baseline: Mean = 0.3909, Std = 0.2750
Proximity_Method_A: Mean = 0.3962, Std = 0.2752
Proximity_Method_B: Mean = 0.4583, Std = 0.2605
Proximity_Method_C: Mean = 0.3534, Std = 0.2574
Proximity_Method_B_C: Mean = 0.3529, Std = 0.2356

--- JSD ---
Proximity_Baseline: Mean = 0.4094, Std = 0.2752
Proximity_Method_A: Mean = 0.4147, Std = 0.2751
Proximity_Method_B: Mean = 0.4808, Std = 0.2588
Proximity_Method_C: Mean = 0.3703, Std = 0.2564
Proximity_Method_B_C: Mean = 0.3720, Std = 0.2362

--- NAURC ---
Proximity_Baseline: Mean = 0.6643, Std = 0.2662
Proximity_Method_A: Mean = 0.6630, Std = 0.2651
Proximity_Method_B: Mean = 0.6366, Std = 0.2623
Proximity_Method_C: Mean = 0.7209, Std = 0.2829
Proximity_Method_B_C: Mean = 0.7166, Std = 0.2803

--- Statistical Validation (alpha = 0.05) ---

AUROC:
  Friedman Test: chi2 = 13.5111, p = 9.0305e-03
  Result: SIGNIFICANT (p < 0.05)
  Bonferroni-corrected alpha = 5.0000e-03
    Proximity_Baseline vs Proximity_Method_A: p = 7.4340e-02 ([NS])
    Proximity_Baseline vs Proximity_Method_B: p = 1.0109e-01 ([NS])
    Proximity_Baseline vs Proximity_Method_C: p = 4.2303e-01 ([NS])
    Proximity_Baseline vs Proximity_Method_B_C: p = 1.9745e-01 ([NS])
    Proximity_Method_A vs Proximity_Method_B: p = 1.4770e-01 ([NS])
    Proximity_Method_A vs Proximity_Method_C: p = 3.2255e-01 ([NS])
    Proximity_Method_A vs Proximity_Method_B_C: p = 1.5221e-01 ([NS])
    Proximity_Method_B vs Proximity_Method_C: p = 2.0868e-01 ([NS])
    Proximity_Method_B vs Proximity_Method_B_C: p = 4.4221e-02 ([NS])
    Proximity_Method_C vs Proximity_Method_B_C: p = 3.7073e-01 ([NS])

FPR95:
  Friedman Test: chi2 = 5.1114, p = 2.7605e-01
  Result: NOT SIGNIFICANT (p >= 0.05)

SPEARMAN:
  Friedman Test: chi2 = 19.9556, p = 5.0959e-04
  Result: SIGNIFICANT (p < 0.05)
  Bonferroni-corrected alpha = 5.0000e-03
    Proximity_Baseline vs Proximity_Method_A: p = 2.1447e-01 ([NS])
    Proximity_Baseline vs Proximity_Method_B: p = 2.8978e-04 ([SIG])
    Proximity_Baseline vs Proximity_Method_C: p = 3.3029e-01 ([NS])
    Proximity_Baseline vs Proximity_Method_B_C: p = 6.6938e-01 ([NS])
    Proximity_Method_A vs Proximity_Method_B: p = 2.3253e-04 ([SIG])
    Proximity_Method_A vs Proximity_Method_C: p = 3.7917e-01 ([NS])
    Proximity_Method_A vs Proximity_Method_B_C: p = 8.9507e-01 ([NS])
    Proximity_Method_B vs Proximity_Method_C: p = 2.4800e-03 ([SIG])
    Proximity_Method_B vs Proximity_Method_B_C: p = 9.9590e-03 ([NS])
    Proximity_Method_C vs Proximity_Method_B_C: p = 3.0742e-01 ([NS])

BRIER:
  Friedman Test: chi2 = 9.3333, p = 5.3287e-02
  Result: NOT SIGNIFICANT (p >= 0.05)

MI:
  Friedman Test: chi2 = 38.3333, p = 9.5644e-08
  Result: SIGNIFICANT (p < 0.05)
  Bonferroni-corrected alpha = 5.0000e-03
    Proximity_Baseline vs Proximity_Method_A: p = 7.6381e-04 ([SIG])
    Proximity_Baseline vs Proximity_Method_B: p = 6.0106e-06 ([SIG])
    Proximity_Baseline vs Proximity_Method_C: p = 3.6922e-03 ([SIG])
    Proximity_Baseline vs Proximity_Method_B_C: p = 2.6031e-02 ([NS])
    Proximity_Method_A vs Proximity_Method_B: p = 5.5970e-05 ([SIG])
    Proximity_Method_A vs Proximity_Method_C: p = 3.1202e-03 ([SIG])
    Proximity_Method_A vs Proximity_Method_B_C: p = 1.8340e-02 ([NS])
    Proximity_Method_B vs Proximity_Method_C: p = 7.3658e-06 ([SIG])
    Proximity_Method_B vs Proximity_Method_B_C: p = 4.4004e-06 ([SIG])
    Proximity_Method_C vs Proximity_Method_B_C: p = 2.6482e-01 ([NS])

JSD:
  Friedman Test: chi2 = 38.9556, p = 7.1153e-08
  Result: SIGNIFICANT (p < 0.05)
  Bonferroni-corrected alpha = 5.0000e-03
    Proximity_Baseline vs Proximity_Method_A: p = 1.9591e-03 ([SIG])
    Proximity_Baseline vs Proximity_Method_B: p = 1.0948e-05 ([SIG])
    Proximity_Baseline vs Proximity_Method_C: p = 3.3015e-03 ([SIG])
    Proximity_Baseline vs Proximity_Method_B_C: p = 2.6031e-02 ([NS])
    Proximity_Method_A vs Proximity_Method_B: p = 4.3318e-05 ([SIG])
    Proximity_Method_A vs Proximity_Method_C: p = 2.9478e-03 ([SIG])
    Proximity_Method_A vs Proximity_Method_B_C: p = 1.5284e-02 ([NS])
    Proximity_Method_B vs Proximity_Method_C: p = 6.6567e-06 ([SIG])
    Proximity_Method_B vs Proximity_Method_B_C: p = 3.1940e-06 ([SIG])
    Proximity_Method_C vs Proximity_Method_B_C: p = 1.1515e-01 ([NS])

NAURC:
  Friedman Test: chi2 = 71.8000, p = 9.4592e-15
  Result: SIGNIFICANT (p < 0.05)
  Bonferroni-corrected alpha = 5.0000e-03
    Proximity_Baseline vs Proximity_Method_A: p = 9.0736e-01 ([NS])
    Proximity_Baseline vs Proximity_Method_B: p = 1.4610e-05 ([SIG])
    Proximity_Baseline vs Proximity_Method_C: p = 4.8810e-07 ([SIG])
    Proximity_Baseline vs Proximity_Method_B_C: p = 2.7887e-05 ([SIG])
    Proximity_Method_A vs Proximity_Method_B: p = 1.6059e-05 ([SIG])
    Proximity_Method_A vs Proximity_Method_C: p = 1.0841e-07 ([SIG])
    Proximity_Method_A vs Proximity_Method_B_C: p = 3.3327e-05 ([SIG])
    Proximity_Method_B vs Proximity_Method_C: p = 1.2544e-07 ([SIG])
    Proximity_Method_B vs Proximity_Method_B_C: p = 7.2760e-10 ([SIG])
    Proximity_Method_C vs Proximity_Method_B_C: p = 1.6634e-01 ([NS])


######################################################################
# TEST 2: BY DIMENSION
######################################################################


[DIMENSION] 1D Functions
----------------------------------------------------------------------

======================================================================
1D Functions (runs = 5)
======================================================================

--- AUROC ---
Proximity_Baseline: Mean = 0.8318, Std = 0.2005
Proximity_Method_A: Mean = 0.8401, Std = 0.1849
Proximity_Method_B: Mean = 0.8496, Std = 0.1858
Proximity_Method_C: Mean = 0.6799, Std = 0.3087
Proximity_Method_B_C: Mean = 0.6842, Std = 0.3072

--- FPR95 ---
Proximity_Baseline: Mean = 0.2480, Std = 0.2564
Proximity_Method_A: Mean = 0.2692, Std = 0.2504
Proximity_Method_B: Mean = 0.2421, Std = 0.2622
Proximity_Method_C: Mean = 0.4520, Std = 0.3609
Proximity_Method_B_C: Mean = 0.4549, Std = 0.3482

--- SPEARMAN ---
Proximity_Baseline: Mean = 0.0271, Std = 0.1370
Proximity_Method_A: Mean = 0.0084, Std = 0.1335
Proximity_Method_B: Mean = 0.0651, Std = 0.1476
Proximity_Method_C: Mean = 0.0098, Std = 0.1438
Proximity_Method_B_C: Mean = -0.0123, Std = 0.1124

--- BRIER ---
Proximity_Baseline: Mean = 0.1285, Std = 0.1150
Proximity_Method_A: Mean = 0.1355, Std = 0.1074
Proximity_Method_B: Mean = 0.1273, Std = 0.1064
Proximity_Method_C: Mean = 0.1577, Std = 0.0995
Proximity_Method_B_C: Mean = 0.1548, Std = 0.0993

--- MI ---
Proximity_Baseline: Mean = 0.8027, Std = 0.1075
Proximity_Method_A: Mean = 0.8159, Std = 0.0887
Proximity_Method_B: Mean = 0.8153, Std = 0.1217
Proximity_Method_C: Mean = 0.7095, Std = 0.1806
Proximity_Method_B_C: Mean = 0.7083, Std = 0.1672

--- JSD ---
Proximity_Baseline: Mean = 0.8296, Std = 0.0990
Proximity_Method_A: Mean = 0.8412, Std = 0.0824
Proximity_Method_B: Mean = 0.8355, Std = 0.1156
Proximity_Method_C: Mean = 0.7319, Std = 0.1696
Proximity_Method_B_C: Mean = 0.7334, Std = 0.1544

--- NAURC ---
Proximity_Baseline: Mean = 0.5041, Std = 0.2379
Proximity_Method_A: Mean = 0.5016, Std = 0.2361
Proximity_Method_B: Mean = 0.4893, Std = 0.2510
Proximity_Method_C: Mean = 0.7020, Std = 0.3237
Proximity_Method_B_C: Mean = 0.6994, Std = 0.3165

--- Statistical Validation (alpha = 0.05) ---

AUROC:
  Friedman Test: chi2 = 3.3600, p = 4.9948e-01
  Result: NOT SIGNIFICANT (p >= 0.05)

FPR95:
  Friedman Test: chi2 = 4.6400, p = 3.2627e-01
  Result: NOT SIGNIFICANT (p >= 0.05)

SPEARMAN:
  Friedman Test: chi2 = 4.9600, p = 2.9143e-01
  Result: NOT SIGNIFICANT (p >= 0.05)

BRIER:
  Friedman Test: chi2 = 2.5600, p = 6.3393e-01
  Result: NOT SIGNIFICANT (p >= 0.05)

MI:
  Friedman Test: chi2 = 1.6000, p = 8.0879e-01
  Result: NOT SIGNIFICANT (p >= 0.05)

JSD:
  Friedman Test: chi2 = 1.6000, p = 8.0879e-01
  Result: NOT SIGNIFICANT (p >= 0.05)

NAURC:
  Friedman Test: chi2 = 15.2000, p = 4.3039e-03
  Result: SIGNIFICANT (p < 0.05)
  Bonferroni-corrected alpha = 5.0000e-03
    Proximity_Baseline vs Proximity_Method_A: p = 3.1250e-01 ([NS])
    Proximity_Baseline vs Proximity_Method_B: p = 3.1250e-01 ([NS])
    Proximity_Baseline vs Proximity_Method_C: p = 6.2500e-02 ([NS])
    Proximity_Baseline vs Proximity_Method_B_C: p = 6.2500e-02 ([NS])
    Proximity_Method_A vs Proximity_Method_B: p = 6.2500e-01 ([NS])
    Proximity_Method_A vs Proximity_Method_C: p = 6.2500e-02 ([NS])
    Proximity_Method_A vs Proximity_Method_B_C: p = 6.2500e-02 ([NS])
    Proximity_Method_B vs Proximity_Method_C: p = 6.2500e-02 ([NS])
    Proximity_Method_B vs Proximity_Method_B_C: p = 6.2500e-02 ([NS])
    Proximity_Method_C vs Proximity_Method_B_C: p = 1.0000e+00 ([NS])

[DIMENSION] 2D Functions
----------------------------------------------------------------------

======================================================================
2D Functions (runs = 5)
======================================================================

--- AUROC ---
Proximity_Baseline: Mean = 0.4632, Std = 0.1747
Proximity_Method_A: Mean = 0.4586, Std = 0.1810
Proximity_Method_B: Mean = 0.4863, Std = 0.2053
Proximity_Method_C: Mean = 0.5766, Std = 0.2295
Proximity_Method_B_C: Mean = 0.5869, Std = 0.2407

--- FPR95 ---
Proximity_Baseline: Mean = 0.8379, Std = 0.1535
Proximity_Method_A: Mean = 0.8384, Std = 0.1517
Proximity_Method_B: Mean = 0.7546, Std = 0.1874
Proximity_Method_C: Mean = 0.7106, Std = 0.2028
Proximity_Method_B_C: Mean = 0.6674, Std = 0.2099

--- SPEARMAN ---
Proximity_Baseline: Mean = 0.0524, Std = 0.1580
Proximity_Method_A: Mean = 0.0759, Std = 0.1634
Proximity_Method_B: Mean = 0.1771, Std = 0.2786
Proximity_Method_C: Mean = -0.0001, Std = 0.1243
Proximity_Method_B_C: Mean = 0.0735, Std = 0.2083

--- BRIER ---
Proximity_Baseline: Mean = 0.2610, Std = 0.0292
Proximity_Method_A: Mean = 0.2590, Std = 0.0312
Proximity_Method_B: Mean = 0.2535, Std = 0.0373
Proximity_Method_C: Mean = 0.2374, Std = 0.0491
Proximity_Method_B_C: Mean = 0.2310, Std = 0.0562

--- MI ---
Proximity_Baseline: Mean = 0.2861, Std = 0.1220
Proximity_Method_A: Mean = 0.2936, Std = 0.1254
Proximity_Method_B: Mean = 0.3602, Std = 0.0912
Proximity_Method_C: Mean = 0.2802, Std = 0.1062
Proximity_Method_B_C: Mean = 0.3282, Std = 0.1269

--- JSD ---
Proximity_Baseline: Mean = 0.3095, Std = 0.1262
Proximity_Method_A: Mean = 0.3178, Std = 0.1299
Proximity_Method_B: Mean = 0.3929, Std = 0.0943
Proximity_Method_C: Mean = 0.3018, Std = 0.1078
Proximity_Method_B_C: Mean = 0.3542, Std = 0.1322

--- NAURC ---
Proximity_Baseline: Mean = 0.8123, Std = 0.1503
Proximity_Method_A: Mean = 0.8021, Std = 0.1497
Proximity_Method_B: Mean = 0.7414, Std = 0.2014
Proximity_Method_C: Mean = 0.9050, Std = 0.1503
Proximity_Method_B_C: Mean = 0.8793, Std = 0.1819

--- Statistical Validation (alpha = 0.05) ---

AUROC:
  Friedman Test: chi2 = 7.6800, p = 1.0403e-01
  Result: NOT SIGNIFICANT (p >= 0.05)

FPR95:
  Friedman Test: chi2 = 9.1200, p = 5.8169e-02
  Result: NOT SIGNIFICANT (p >= 0.05)

SPEARMAN:
  Friedman Test: chi2 = 15.8400, p = 3.2415e-03
  Result: SIGNIFICANT (p < 0.05)
  Bonferroni-corrected alpha = 5.0000e-03
    Proximity_Baseline vs Proximity_Method_A: p = 8.1250e-01 ([NS])
    Proximity_Baseline vs Proximity_Method_B: p = 6.2500e-02 ([NS])
    Proximity_Baseline vs Proximity_Method_C: p = 6.2500e-02 ([NS])
    Proximity_Baseline vs Proximity_Method_B_C: p = 6.2500e-01 ([NS])
    Proximity_Method_A vs Proximity_Method_B: p = 1.8750e-01 ([NS])
    Proximity_Method_A vs Proximity_Method_C: p = 6.2500e-02 ([NS])
    Proximity_Method_A vs Proximity_Method_B_C: p = 6.2500e-01 ([NS])
    Proximity_Method_B vs Proximity_Method_C: p = 6.2500e-02 ([NS])
    Proximity_Method_B vs Proximity_Method_B_C: p = 6.2500e-02 ([NS])
    Proximity_Method_C vs Proximity_Method_B_C: p = 6.2500e-02 ([NS])

BRIER:
  Friedman Test: chi2 = 5.4400, p = 2.4505e-01
  Result: NOT SIGNIFICANT (p >= 0.05)

MI:
  Friedman Test: chi2 = 6.7200, p = 1.5145e-01
  Result: NOT SIGNIFICANT (p >= 0.05)

JSD:
  Friedman Test: chi2 = 6.2400, p = 1.8193e-01
  Result: NOT SIGNIFICANT (p >= 0.05)

NAURC:
  Friedman Test: chi2 = 5.9200, p = 2.0520e-01
  Result: NOT SIGNIFICANT (p >= 0.05)

[DIMENSION] 3D Functions
----------------------------------------------------------------------

======================================================================
3D Functions (runs = 5)
======================================================================

--- AUROC ---
Proximity_Baseline: Mean = 0.2545, Std = 0.0788
Proximity_Method_A: Mean = 0.2491, Std = 0.0800
Proximity_Method_B: Mean = 0.2776, Std = 0.1354
Proximity_Method_C: Mean = 0.3128, Std = 0.1361
Proximity_Method_B_C: Mean = 0.3463, Std = 0.1323

--- FPR95 ---
Proximity_Baseline: Mean = 0.9684, Std = 0.0304
Proximity_Method_A: Mean = 0.9682, Std = 0.0319
Proximity_Method_B: Mean = 0.9226, Std = 0.0864
Proximity_Method_C: Mean = 0.9442, Std = 0.0842
Proximity_Method_B_C: Mean = 0.9056, Std = 0.0957

--- SPEARMAN ---
Proximity_Baseline: Mean = 0.1460, Std = 0.2145
Proximity_Method_A: Mean = 0.1466, Std = 0.2113
Proximity_Method_B: Mean = 0.1478, Std = 0.2386
Proximity_Method_C: Mean = 0.1210, Std = 0.1911
Proximity_Method_B_C: Mean = 0.1111, Std = 0.1818

--- BRIER ---
Proximity_Baseline: Mean = 0.2277, Std = 0.0314
Proximity_Method_A: Mean = 0.2254, Std = 0.0327
Proximity_Method_B: Mean = 0.2251, Std = 0.0536
Proximity_Method_C: Mean = 0.2394, Std = 0.0260
Proximity_Method_B_C: Mean = 0.2498, Std = 0.0247

--- MI ---
Proximity_Baseline: Mean = 0.2476, Std = 0.0999
Proximity_Method_A: Mean = 0.2591, Std = 0.1051
Proximity_Method_B: Mean = 0.3117, Std = 0.1551
Proximity_Method_C: Mean = 0.1831, Std = 0.0584
Proximity_Method_B_C: Mean = 0.1848, Std = 0.0643

--- JSD ---
Proximity_Baseline: Mean = 0.2714, Std = 0.1095
Proximity_Method_A: Mean = 0.2838, Std = 0.1154
Proximity_Method_B: Mean = 0.3399, Std = 0.1614
Proximity_Method_C: Mean = 0.2025, Std = 0.0641
Proximity_Method_B_C: Mean = 0.2060, Std = 0.0716

--- NAURC ---
Proximity_Baseline: Mean = 0.5626, Std = 0.3094
Proximity_Method_A: Mean = 0.5639, Std = 0.3088
Proximity_Method_B: Mean = 0.5454, Std = 0.3056
Proximity_Method_C: Mean = 0.6138, Std = 0.3332
Proximity_Method_B_C: Mean = 0.6113, Std = 0.3294

--- Statistical Validation (alpha = 0.05) ---

AUROC:
  Friedman Test: chi2 = 6.8800, p = 1.4237e-01
  Result: NOT SIGNIFICANT (p >= 0.05)

FPR95:
  Friedman Test: chi2 = 6.5600, p = 1.6105e-01
  Result: NOT SIGNIFICANT (p >= 0.05)

SPEARMAN:
  Friedman Test: chi2 = 3.6800, p = 4.5104e-01
  Result: NOT SIGNIFICANT (p >= 0.05)

BRIER:
  Friedman Test: chi2 = 6.5600, p = 1.6105e-01
  Result: NOT SIGNIFICANT (p >= 0.05)

MI:
  Friedman Test: chi2 = 13.9200, p = 7.5548e-03
  Result: SIGNIFICANT (p < 0.05)
  Bonferroni-corrected alpha = 5.0000e-03
    Proximity_Baseline vs Proximity_Method_A: p = 6.2500e-02 ([NS])
    Proximity_Baseline vs Proximity_Method_B: p = 1.8750e-01 ([NS])
    Proximity_Baseline vs Proximity_Method_C: p = 6.2500e-02 ([NS])
    Proximity_Baseline vs Proximity_Method_B_C: p = 1.2500e-01 ([NS])
    Proximity_Method_A vs Proximity_Method_B: p = 3.1250e-01 ([NS])
    Proximity_Method_A vs Proximity_Method_C: p = 6.2500e-02 ([NS])
    Proximity_Method_A vs Proximity_Method_B_C: p = 6.2500e-02 ([NS])
    Proximity_Method_B vs Proximity_Method_C: p = 1.8750e-01 ([NS])
    Proximity_Method_B vs Proximity_Method_B_C: p = 6.2500e-02 ([NS])
    Proximity_Method_C vs Proximity_Method_B_C: p = 6.2500e-01 ([NS])

JSD:
  Friedman Test: chi2 = 13.9200, p = 7.5548e-03
  Result: SIGNIFICANT (p < 0.05)
  Bonferroni-corrected alpha = 5.0000e-03
    Proximity_Baseline vs Proximity_Method_A: p = 6.2500e-02 ([NS])
    Proximity_Baseline vs Proximity_Method_B: p = 1.8750e-01 ([NS])
    Proximity_Baseline vs Proximity_Method_C: p = 6.2500e-02 ([NS])
    Proximity_Baseline vs Proximity_Method_B_C: p = 1.2500e-01 ([NS])
    Proximity_Method_A vs Proximity_Method_B: p = 3.1250e-01 ([NS])
    Proximity_Method_A vs Proximity_Method_C: p = 6.2500e-02 ([NS])
    Proximity_Method_A vs Proximity_Method_B_C: p = 6.2500e-02 ([NS])
    Proximity_Method_B vs Proximity_Method_C: p = 1.8750e-01 ([NS])
    Proximity_Method_B vs Proximity_Method_B_C: p = 6.2500e-02 ([NS])
    Proximity_Method_C vs Proximity_Method_B_C: p = 6.2500e-01 ([NS])

NAURC:
  Friedman Test: chi2 = 8.8000, p = 6.6298e-02
  Result: NOT SIGNIFICANT (p >= 0.05)

[DIMENSION] 4D Functions
----------------------------------------------------------------------

======================================================================
4D Functions (runs = 5)
======================================================================

--- AUROC ---
Proximity_Baseline: Mean = 0.2626, Std = 0.0819
Proximity_Method_A: Mean = 0.2602, Std = 0.0807
Proximity_Method_B: Mean = 0.2936, Std = 0.1308
Proximity_Method_C: Mean = 0.2665, Std = 0.0757
Proximity_Method_B_C: Mean = 0.2991, Std = 0.1015

--- FPR95 ---
Proximity_Baseline: Mean = 0.9374, Std = 0.0765
Proximity_Method_A: Mean = 0.9377, Std = 0.0753
Proximity_Method_B: Mean = 0.9034, Std = 0.1208
Proximity_Method_C: Mean = 0.9365, Std = 0.0686
Proximity_Method_B_C: Mean = 0.9154, Std = 0.0914

--- SPEARMAN ---
Proximity_Baseline: Mean = 0.1268, Std = 0.2249
Proximity_Method_A: Mean = 0.1250, Std = 0.2247
Proximity_Method_B: Mean = 0.1312, Std = 0.2319
Proximity_Method_C: Mean = 0.1251, Std = 0.2160
Proximity_Method_B_C: Mean = 0.1235, Std = 0.2136

--- BRIER ---
Proximity_Baseline: Mean = 0.2283, Std = 0.0301
Proximity_Method_A: Mean = 0.2276, Std = 0.0297
Proximity_Method_B: Mean = 0.2319, Std = 0.0417
Proximity_Method_C: Mean = 0.2309, Std = 0.0231
Proximity_Method_B_C: Mean = 0.2403, Std = 0.0287

--- MI ---
Proximity_Baseline: Mean = 0.2294, Std = 0.0765
Proximity_Method_A: Mean = 0.2308, Std = 0.0750
Proximity_Method_B: Mean = 0.2536, Std = 0.0795
Proximity_Method_C: Mean = 0.2150, Std = 0.0654
Proximity_Method_B_C: Mean = 0.1984, Std = 0.0549

--- JSD ---
Proximity_Baseline: Mean = 0.2511, Std = 0.0825
Proximity_Method_A: Mean = 0.2523, Std = 0.0807
Proximity_Method_B: Mean = 0.2807, Std = 0.0859
Proximity_Method_C: Mean = 0.2369, Std = 0.0728
Proximity_Method_B_C: Mean = 0.2200, Std = 0.0603

--- NAURC ---
Proximity_Baseline: Mean = 0.4227, Std = 0.3300
Proximity_Method_A: Mean = 0.4234, Std = 0.3295
Proximity_Method_B: Mean = 0.4103, Std = 0.3228
Proximity_Method_C: Mean = 0.4277, Std = 0.3315
Proximity_Method_B_C: Mean = 0.4262, Std = 0.3298

--- Statistical Validation (alpha = 0.05) ---

AUROC:
  Friedman Test: chi2 = 1.8667, p = 7.6027e-01
  Result: NOT SIGNIFICANT (p >= 0.05)

FPR95:
  Friedman Test: chi2 = 6.4000, p = 1.7120e-01
  Result: NOT SIGNIFICANT (p >= 0.05)

SPEARMAN:
  Friedman Test: chi2 = 0.5333, p = 9.7018e-01
  Result: NOT SIGNIFICANT (p >= 0.05)

BRIER:
  Friedman Test: chi2 = 2.9333, p = 5.6904e-01
  Result: NOT SIGNIFICANT (p >= 0.05)

MI:
  Friedman Test: chi2 = 1.3333, p = 8.5570e-01
  Result: NOT SIGNIFICANT (p >= 0.05)

JSD:
  Friedman Test: chi2 = 1.3333, p = 8.5570e-01
  Result: NOT SIGNIFICANT (p >= 0.05)

NAURC:
  Friedman Test: chi2 = 2.9333, p = 5.6904e-01
  Result: NOT SIGNIFICANT (p >= 0.05)

[DIMENSION] 5D Functions
----------------------------------------------------------------------

======================================================================
5D Functions (runs = 5)
======================================================================

--- AUROC ---
Proximity_Baseline: Mean = 0.2736, Std = 0.1300
Proximity_Method_A: Mean = 0.2718, Std = 0.1271
Proximity_Method_B: Mean = 0.2481, Std = 0.1235
Proximity_Method_C: Mean = 0.2752, Std = 0.1324
Proximity_Method_B_C: Mean = 0.2673, Std = 0.1194

--- FPR95 ---
Proximity_Baseline: Mean = 0.9596, Std = 0.0667
Proximity_Method_A: Mean = 0.9613, Std = 0.0646
Proximity_Method_B: Mean = 0.9519, Std = 0.0763
Proximity_Method_C: Mean = 0.9613, Std = 0.0541
Proximity_Method_B_C: Mean = 0.9627, Std = 0.0373

--- SPEARMAN ---
Proximity_Baseline: Mean = 0.1115, Std = 0.1614
Proximity_Method_A: Mean = 0.1085, Std = 0.1597
Proximity_Method_B: Mean = 0.1318, Std = 0.1738
Proximity_Method_C: Mean = 0.1102, Std = 0.1421
Proximity_Method_B_C: Mean = 0.1203, Std = 0.1539

--- BRIER ---
Proximity_Baseline: Mean = 0.2286, Std = 0.0473
Proximity_Method_A: Mean = 0.2284, Std = 0.0470
Proximity_Method_B: Mean = 0.2165, Std = 0.0637
Proximity_Method_C: Mean = 0.2280, Std = 0.0407
Proximity_Method_B_C: Mean = 0.2279, Std = 0.0419

--- MI ---
Proximity_Baseline: Mean = 0.2117, Std = 0.1126
Proximity_Method_A: Mean = 0.2135, Std = 0.1135
Proximity_Method_B: Mean = 0.2806, Std = 0.1830
Proximity_Method_C: Mean = 0.1939, Std = 0.1128
Proximity_Method_B_C: Mean = 0.2022, Std = 0.1172

--- JSD ---
Proximity_Baseline: Mean = 0.2299, Std = 0.1190
Proximity_Method_A: Mean = 0.2319, Std = 0.1194
Proximity_Method_B: Mean = 0.3032, Std = 0.1848
Proximity_Method_C: Mean = 0.2093, Std = 0.1156
Proximity_Method_B_C: Mean = 0.2186, Std = 0.1202

--- NAURC ---
Proximity_Baseline: Mean = 0.7311, Std = 0.2274
Proximity_Method_A: Mean = 0.7320, Std = 0.2254
Proximity_Method_B: Mean = 0.7021, Std = 0.2340
Proximity_Method_C: Mean = 0.7711, Std = 0.2433
Proximity_Method_B_C: Mean = 0.7654, Std = 0.2498

--- Statistical Validation (alpha = 0.05) ---

AUROC:
  Friedman Test: chi2 = 1.3333, p = 8.5570e-01
  Result: NOT SIGNIFICANT (p >= 0.05)

FPR95:
  Friedman Test: chi2 = 1.0169, p = 9.0722e-01
  Result: NOT SIGNIFICANT (p >= 0.05)

SPEARMAN:
  Friedman Test: chi2 = 3.4667, p = 4.8296e-01
  Result: NOT SIGNIFICANT (p >= 0.05)

BRIER:
  Friedman Test: chi2 = 1.3333, p = 8.5570e-01
  Result: NOT SIGNIFICANT (p >= 0.05)

MI:
  Friedman Test: chi2 = 1.3333, p = 8.5570e-01
  Result: NOT SIGNIFICANT (p >= 0.05)

JSD:
  Friedman Test: chi2 = 1.3333, p = 8.5570e-01
  Result: NOT SIGNIFICANT (p >= 0.05)

NAURC:
  Friedman Test: chi2 = 10.9333, p = 2.7324e-02
  Result: SIGNIFICANT (p < 0.05)
  Bonferroni-corrected alpha = 5.0000e-03
    Proximity_Baseline vs Proximity_Method_A: p = 7.5000e-01 ([NS])
    Proximity_Baseline vs Proximity_Method_B: p = 2.5000e-01 ([NS])
    Proximity_Baseline vs Proximity_Method_C: p = 2.5000e-01 ([NS])
    Proximity_Baseline vs Proximity_Method_B_C: p = 2.5000e-01 ([NS])
    Proximity_Method_A vs Proximity_Method_B: p = 2.5000e-01 ([NS])
    Proximity_Method_A vs Proximity_Method_C: p = 2.5000e-01 ([NS])
    Proximity_Method_A vs Proximity_Method_B_C: p = 2.5000e-01 ([NS])
    Proximity_Method_B vs Proximity_Method_C: p = 2.5000e-01 ([NS])
    Proximity_Method_B vs Proximity_Method_B_C: p = 2.5000e-01 ([NS])
    Proximity_Method_C vs Proximity_Method_B_C: p = 5.0000e-01 ([NS])

[DIMENSION] 6D Functions
----------------------------------------------------------------------

======================================================================
6D Functions (runs = 5)
======================================================================

--- AUROC ---
Proximity_Baseline: Mean = 0.1247, Std = 0.0931
Proximity_Method_A: Mean = 0.1250, Std = 0.0916
Proximity_Method_B: Mean = 0.0986, Std = 0.0757
Proximity_Method_C: Mean = 0.1278, Std = 0.0909
Proximity_Method_B_C: Mean = 0.1224, Std = 0.0867

--- FPR95 ---
Proximity_Baseline: Mean = 0.9941, Std = 0.0084
Proximity_Method_A: Mean = 0.9939, Std = 0.0088
Proximity_Method_B: Mean = 0.9952, Std = 0.0082
Proximity_Method_C: Mean = 0.9924, Std = 0.0080
Proximity_Method_B_C: Mean = 0.9898, Std = 0.0139

--- SPEARMAN ---
Proximity_Baseline: Mean = 0.1081, Std = 0.0959
Proximity_Method_A: Mean = 0.1082, Std = 0.0952
Proximity_Method_B: Mean = 0.1228, Std = 0.1046
Proximity_Method_C: Mean = 0.1174, Std = 0.0921
Proximity_Method_B_C: Mean = 0.1293, Std = 0.0942

--- BRIER ---
Proximity_Baseline: Mean = 0.1413, Std = 0.0781
Proximity_Method_A: Mean = 0.1418, Std = 0.0771
Proximity_Method_B: Mean = 0.1245, Std = 0.0680
Proximity_Method_C: Mean = 0.1465, Std = 0.0755
Proximity_Method_B_C: Mean = 0.1442, Std = 0.0723

--- MI ---
Proximity_Baseline: Mean = 0.4650, Std = 0.2653
Proximity_Method_A: Mean = 0.4640, Std = 0.2622
Proximity_Method_B: Mean = 0.5182, Std = 0.2417
Proximity_Method_C: Mean = 0.4406, Std = 0.2567
Proximity_Method_B_C: Mean = 0.4498, Std = 0.2426

--- JSD ---
Proximity_Baseline: Mean = 0.4793, Std = 0.2583
Proximity_Method_A: Mean = 0.4782, Std = 0.2548
Proximity_Method_B: Mean = 0.5340, Std = 0.2367
Proximity_Method_C: Mean = 0.4553, Std = 0.2487
Proximity_Method_B_C: Mean = 0.4639, Std = 0.2366

--- NAURC ---
Proximity_Baseline: Mean = 0.6073, Std = 0.1794
Proximity_Method_A: Mean = 0.6086, Std = 0.1791
Proximity_Method_B: Mean = 0.5863, Std = 0.1801
Proximity_Method_C: Mean = 0.6096, Std = 0.1887
Proximity_Method_B_C: Mean = 0.6028, Std = 0.1900

--- Statistical Validation (alpha = 0.05) ---

AUROC:
  Friedman Test: chi2 = 4.5333, p = 3.3861e-01
  Result: NOT SIGNIFICANT (p >= 0.05)

FPR95:
  Friedman Test: chi2 = 2.1091, p = 7.1570e-01
  Result: NOT SIGNIFICANT (p >= 0.05)

SPEARMAN:
  Friedman Test: chi2 = 8.0000, p = 9.1578e-02
  Result: NOT SIGNIFICANT (p >= 0.05)

BRIER:
  Friedman Test: chi2 = 4.5333, p = 3.3861e-01
  Result: NOT SIGNIFICANT (p >= 0.05)

MI:
  Friedman Test: chi2 = 6.6667, p = 1.5459e-01
  Result: NOT SIGNIFICANT (p >= 0.05)

JSD:
  Friedman Test: chi2 = 6.6667, p = 1.5459e-01
  Result: NOT SIGNIFICANT (p >= 0.05)

NAURC:
  Friedman Test: chi2 = 3.4667, p = 4.8296e-01
  Result: NOT SIGNIFICANT (p >= 0.05)

[DIMENSION] 7D Functions
----------------------------------------------------------------------

======================================================================
7D Functions (runs = 5)
======================================================================

--- AUROC ---
Proximity_Baseline: Mean = 0.1913, Std = 0.1811
Proximity_Method_A: Mean = 0.1912, Std = 0.1811
Proximity_Method_B: Mean = 0.2162, Std = 0.1551
Proximity_Method_C: Mean = 0.1960, Std = 0.1634
Proximity_Method_B_C: Mean = 0.2283, Std = 0.1237

--- FPR95 ---
Proximity_Baseline: Mean = 0.9833, Std = 0.0241
Proximity_Method_A: Mean = 0.9833, Std = 0.0241
Proximity_Method_B: Mean = 0.9811, Std = 0.0143
Proximity_Method_C: Mean = 0.9823, Std = 0.0208
Proximity_Method_B_C: Mean = 0.9793, Std = 0.0127

--- SPEARMAN ---
Proximity_Baseline: Mean = 0.0431, Std = 0.0851
Proximity_Method_A: Mean = 0.0423, Std = 0.0863
Proximity_Method_B: Mean = 0.0643, Std = 0.0881
Proximity_Method_C: Mean = 0.0429, Std = 0.0843
Proximity_Method_B_C: Mean = 0.0574, Std = 0.0804

--- BRIER ---
Proximity_Baseline: Mean = 0.1671, Std = 0.0894
Proximity_Method_A: Mean = 0.1669, Std = 0.0893
Proximity_Method_B: Mean = 0.1940, Std = 0.0601
Proximity_Method_C: Mean = 0.1766, Std = 0.0858
Proximity_Method_B_C: Mean = 0.2102, Std = 0.0484

--- MI ---
Proximity_Baseline: Mean = 0.3880, Std = 0.2814
Proximity_Method_A: Mean = 0.3889, Std = 0.2804
Proximity_Method_B: Mean = 0.3043, Std = 0.1692
Proximity_Method_C: Mean = 0.3529, Std = 0.2729
Proximity_Method_B_C: Mean = 0.2420, Std = 0.1425

--- JSD ---
Proximity_Baseline: Mean = 0.3982, Std = 0.2800
Proximity_Method_A: Mean = 0.3986, Std = 0.2786
Proximity_Method_B: Mean = 0.3271, Std = 0.1840
Proximity_Method_C: Mean = 0.3650, Std = 0.2724
Proximity_Method_B_C: Mean = 0.2636, Std = 0.1558

--- NAURC ---
Proximity_Baseline: Mean = 0.6177, Std = 0.2073
Proximity_Method_A: Mean = 0.6173, Std = 0.2078
Proximity_Method_B: Mean = 0.6096, Std = 0.1667
Proximity_Method_C: Mean = 0.6310, Std = 0.2106
Proximity_Method_B_C: Mean = 0.6443, Std = 0.1847

--- Statistical Validation (alpha = 0.05) ---

AUROC:
  Friedman Test: chi2 = 0.2667, p = 9.9186e-01
  Result: NOT SIGNIFICANT (p >= 0.05)

FPR95:
  Friedman Test: chi2 = 1.2881, p = 8.6339e-01
  Result: NOT SIGNIFICANT (p >= 0.05)

SPEARMAN:
  Friedman Test: chi2 = 9.3333, p = 5.3287e-02
  Result: NOT SIGNIFICANT (p >= 0.05)

BRIER:
  Friedman Test: chi2 = 0.5333, p = 9.7018e-01
  Result: NOT SIGNIFICANT (p >= 0.05)

MI:
  Friedman Test: chi2 = 1.3333, p = 8.5570e-01
  Result: NOT SIGNIFICANT (p >= 0.05)

JSD:
  Friedman Test: chi2 = 1.3333, p = 8.5570e-01
  Result: NOT SIGNIFICANT (p >= 0.05)

NAURC:
  Friedman Test: chi2 = 4.5333, p = 3.3861e-01
  Result: NOT SIGNIFICANT (p >= 0.05)

[DIMENSION] 8D Functions
----------------------------------------------------------------------

======================================================================
8D Functions (runs = 5)
======================================================================

--- AUROC ---
Proximity_Baseline: Mean = 0.2322, Std = 0.1180
Proximity_Method_A: Mean = 0.2301, Std = 0.1158
Proximity_Method_B: Mean = 0.1232, Std = 0.0864
Proximity_Method_C: Mean = 0.3028, Std = 0.1755
Proximity_Method_B_C: Mean = 0.2916, Std = 0.1673

--- FPR95 ---
Proximity_Baseline: Mean = 0.9837, Std = 0.0136
Proximity_Method_A: Mean = 0.9836, Std = 0.0142
Proximity_Method_B: Mean = 0.9951, Std = 0.0060
Proximity_Method_C: Mean = 0.9837, Std = 0.0152
Proximity_Method_B_C: Mean = 0.9925, Std = 0.0049

--- SPEARMAN ---
Proximity_Baseline: Mean = 0.0018, Std = 0.0311
Proximity_Method_A: Mean = 0.0010, Std = 0.0319
Proximity_Method_B: Mean = 0.0300, Std = 0.0453
Proximity_Method_C: Mean = 0.0100, Std = 0.0310
Proximity_Method_B_C: Mean = 0.0201, Std = 0.0293

--- BRIER ---
Proximity_Baseline: Mean = 0.2125, Std = 0.0566
Proximity_Method_A: Mean = 0.2120, Std = 0.0560
Proximity_Method_B: Mean = 0.1468, Std = 0.0579
Proximity_Method_C: Mean = 0.2254, Std = 0.0572
Proximity_Method_B_C: Mean = 0.2237, Std = 0.0537

--- MI ---
Proximity_Baseline: Mean = 0.2356, Std = 0.1615
Proximity_Method_A: Mean = 0.2390, Std = 0.1587
Proximity_Method_B: Mean = 0.4415, Std = 0.1906
Proximity_Method_C: Mean = 0.2048, Std = 0.1490
Proximity_Method_B_C: Mean = 0.2407, Std = 0.1192

--- JSD ---
Proximity_Baseline: Mean = 0.2535, Std = 0.1680
Proximity_Method_A: Mean = 0.2578, Std = 0.1651
Proximity_Method_B: Mean = 0.4613, Std = 0.1928
Proximity_Method_C: Mean = 0.2175, Std = 0.1608
Proximity_Method_B_C: Mean = 0.2526, Std = 0.1350

--- NAURC ---
Proximity_Baseline: Mean = 0.8865, Std = 0.0724
Proximity_Method_A: Mean = 0.8878, Std = 0.0718
Proximity_Method_B: Mean = 0.8455, Std = 0.0663
Proximity_Method_C: Mean = 0.9044, Std = 0.0780
Proximity_Method_B_C: Mean = 0.8965, Std = 0.0751

--- Statistical Validation (alpha = 0.05) ---

AUROC:
  Friedman Test: chi2 = 6.6667, p = 1.5459e-01
  Result: NOT SIGNIFICANT (p >= 0.05)

FPR95:
  Friedman Test: chi2 = 1.8667, p = 7.6027e-01
  Result: NOT SIGNIFICANT (p >= 0.05)

SPEARMAN:
  Friedman Test: chi2 = 8.0000, p = 9.1578e-02
  Result: NOT SIGNIFICANT (p >= 0.05)

BRIER:
  Friedman Test: chi2 = 6.6667, p = 1.5459e-01
  Result: NOT SIGNIFICANT (p >= 0.05)

MI:
  Friedman Test: chi2 = 8.2667, p = 8.2284e-02
  Result: NOT SIGNIFICANT (p >= 0.05)

JSD:
  Friedman Test: chi2 = 9.8667, p = 4.2735e-02
  Result: SIGNIFICANT (p < 0.05)
  Bonferroni-corrected alpha = 5.0000e-03
    Proximity_Baseline vs Proximity_Method_A: p = 5.0000e-01 ([NS])
    Proximity_Baseline vs Proximity_Method_B: p = 2.5000e-01 ([NS])
    Proximity_Baseline vs Proximity_Method_C: p = 2.5000e-01 ([NS])
    Proximity_Baseline vs Proximity_Method_B_C: p = 1.0000e+00 ([NS])
    Proximity_Method_A vs Proximity_Method_B: p = 2.5000e-01 ([NS])
    Proximity_Method_A vs Proximity_Method_C: p = 2.5000e-01 ([NS])
    Proximity_Method_A vs Proximity_Method_B_C: p = 7.5000e-01 ([NS])
    Proximity_Method_B vs Proximity_Method_C: p = 2.5000e-01 ([NS])
    Proximity_Method_B vs Proximity_Method_B_C: p = 2.5000e-01 ([NS])
    Proximity_Method_C vs Proximity_Method_B_C: p = 2.5000e-01 ([NS])

NAURC:
  Friedman Test: chi2 = 11.4667, p = 2.1791e-02
  Result: SIGNIFICANT (p < 0.05)
  Bonferroni-corrected alpha = 5.0000e-03
    Proximity_Baseline vs Proximity_Method_A: p = 7.5000e-01 ([NS])
    Proximity_Baseline vs Proximity_Method_B: p = 2.5000e-01 ([NS])
    Proximity_Baseline vs Proximity_Method_C: p = 2.5000e-01 ([NS])
    Proximity_Baseline vs Proximity_Method_B_C: p = 2.5000e-01 ([NS])
    Proximity_Method_A vs Proximity_Method_B: p = 2.5000e-01 ([NS])
    Proximity_Method_A vs Proximity_Method_C: p = 2.5000e-01 ([NS])
    Proximity_Method_A vs Proximity_Method_B_C: p = 2.5000e-01 ([NS])
    Proximity_Method_B vs Proximity_Method_C: p = 2.5000e-01 ([NS])
    Proximity_Method_B vs Proximity_Method_B_C: p = 2.5000e-01 ([NS])
    Proximity_Method_C vs Proximity_Method_B_C: p = 2.5000e-01 ([NS])

[DIMENSION] 9D Functions
----------------------------------------------------------------------

======================================================================
9D Functions (runs = 5)
======================================================================

--- AUROC ---
Proximity_Baseline: Mean = 0.1520, Std = 0.1510
Proximity_Method_A: Mean = 0.1507, Std = 0.1497
Proximity_Method_B: Mean = 0.0831, Std = 0.0980
Proximity_Method_C: Mean = 0.1448, Std = 0.1297
Proximity_Method_B_C: Mean = 0.1375, Std = 0.0998

--- FPR95 ---
Proximity_Baseline: Mean = 0.9830, Std = 0.0239
Proximity_Method_A: Mean = 0.9825, Std = 0.0251
Proximity_Method_B: Mean = 0.9967, Std = 0.0061
Proximity_Method_C: Mean = 0.9903, Std = 0.0125
Proximity_Method_B_C: Mean = 0.9944, Std = 0.0048

--- SPEARMAN ---
Proximity_Baseline: Mean = -0.0272, Std = 0.0717
Proximity_Method_A: Mean = -0.0270, Std = 0.0728
Proximity_Method_B: Mean = -0.0144, Std = 0.0773
Proximity_Method_C: Mean = -0.0479, Std = 0.0978
Proximity_Method_B_C: Mean = -0.0512, Std = 0.1062

--- BRIER ---
Proximity_Baseline: Mean = 0.1444, Std = 0.1004
Proximity_Method_A: Mean = 0.1437, Std = 0.1005
Proximity_Method_B: Mean = 0.1009, Std = 0.0817
Proximity_Method_C: Mean = 0.1499, Std = 0.0865
Proximity_Method_B_C: Mean = 0.1565, Std = 0.0651

--- MI ---
Proximity_Baseline: Mean = 0.4658, Std = 0.3294
Proximity_Method_A: Mean = 0.4684, Std = 0.3293
Proximity_Method_B: Mean = 0.6019, Std = 0.2932
Proximity_Method_C: Mean = 0.4311, Std = 0.2866
Proximity_Method_B_C: Mean = 0.4018, Std = 0.2171

--- JSD ---
Proximity_Baseline: Mean = 0.4734, Std = 0.3228
Proximity_Method_A: Mean = 0.4757, Std = 0.3223
Proximity_Method_B: Mean = 0.6153, Std = 0.2885
Proximity_Method_C: Mean = 0.4414, Std = 0.2809
Proximity_Method_B_C: Mean = 0.4119, Std = 0.2121

--- NAURC ---
Proximity_Baseline: Mean = 0.8351, Std = 0.0714
Proximity_Method_A: Mean = 0.8351, Std = 0.0728
Proximity_Method_B: Mean = 0.8124, Std = 0.0690
Proximity_Method_C: Mean = 0.8540, Std = 0.0665
Proximity_Method_B_C: Mean = 0.8616, Std = 0.0688

--- Statistical Validation (alpha = 0.05) ---

AUROC:
  Friedman Test: chi2 = 7.2000, p = 1.2569e-01
  Result: NOT SIGNIFICANT (p >= 0.05)

FPR95:
  Friedman Test: chi2 = 1.2000, p = 8.7810e-01
  Result: NOT SIGNIFICANT (p >= 0.05)

SPEARMAN:
  Friedman Test: chi2 = 6.6667, p = 1.5459e-01
  Result: NOT SIGNIFICANT (p >= 0.05)

BRIER:
  Friedman Test: chi2 = 7.2000, p = 1.2569e-01
  Result: NOT SIGNIFICANT (p >= 0.05)

MI:
  Friedman Test: chi2 = 7.2000, p = 1.2569e-01
  Result: NOT SIGNIFICANT (p >= 0.05)

JSD:
  Friedman Test: chi2 = 7.2000, p = 1.2569e-01
  Result: NOT SIGNIFICANT (p >= 0.05)

NAURC:
  Friedman Test: chi2 = 10.9333, p = 2.7324e-02
  Result: SIGNIFICANT (p < 0.05)
  Bonferroni-corrected alpha = 5.0000e-03
    Proximity_Baseline vs Proximity_Method_A: p = 1.0000e+00 ([NS])
    Proximity_Baseline vs Proximity_Method_B: p = 2.5000e-01 ([NS])
    Proximity_Baseline vs Proximity_Method_C: p = 2.5000e-01 ([NS])
    Proximity_Baseline vs Proximity_Method_B_C: p = 2.5000e-01 ([NS])
    Proximity_Method_A vs Proximity_Method_B: p = 2.5000e-01 ([NS])
    Proximity_Method_A vs Proximity_Method_C: p = 2.5000e-01 ([NS])
    Proximity_Method_A vs Proximity_Method_B_C: p = 2.5000e-01 ([NS])
    Proximity_Method_B vs Proximity_Method_C: p = 2.5000e-01 ([NS])
    Proximity_Method_B vs Proximity_Method_B_C: p = 2.5000e-01 ([NS])
    Proximity_Method_C vs Proximity_Method_B_C: p = 5.0000e-01 ([NS])

[DIMENSION] 10D Functions
----------------------------------------------------------------------

======================================================================
10D Functions (runs = 5)
======================================================================

--- AUROC ---
Proximity_Baseline: Mean = 0.1622, Std = 0.1775
Proximity_Method_A: Mean = 0.1621, Std = 0.1784
Proximity_Method_B: Mean = 0.0785, Std = 0.1087
Proximity_Method_C: Mean = 0.1453, Std = 0.1396
Proximity_Method_B_C: Mean = 0.1208, Std = 0.1047

--- FPR95 ---
Proximity_Baseline: Mean = 0.9813, Std = 0.0391
Proximity_Method_A: Mean = 0.9810, Std = 0.0402
Proximity_Method_B: Mean = 0.9956, Std = 0.0137
Proximity_Method_C: Mean = 0.9899, Std = 0.0169
Proximity_Method_B_C: Mean = 0.9940, Std = 0.0064

--- SPEARMAN ---
Proximity_Baseline: Mean = 0.0419, Std = 0.0592
Proximity_Method_A: Mean = 0.0404, Std = 0.0600
Proximity_Method_B: Mean = 0.0380, Std = 0.0467
Proximity_Method_C: Mean = 0.0510, Std = 0.0628
Proximity_Method_B_C: Mean = 0.0467, Std = 0.0575

--- BRIER ---
Proximity_Baseline: Mean = 0.1421, Std = 0.1000
Proximity_Method_A: Mean = 0.1418, Std = 0.0995
Proximity_Method_B: Mean = 0.0948, Std = 0.0801
Proximity_Method_C: Mean = 0.1449, Std = 0.0917
Proximity_Method_B_C: Mean = 0.1390, Std = 0.0790

--- MI ---
Proximity_Baseline: Mean = 0.4676, Std = 0.3313
Proximity_Method_A: Mean = 0.4685, Std = 0.3292
Proximity_Method_B: Mean = 0.6213, Std = 0.2725
Proximity_Method_C: Mean = 0.4474, Std = 0.3110
Proximity_Method_B_C: Mean = 0.4643, Std = 0.2719

--- JSD ---
Proximity_Baseline: Mean = 0.4767, Std = 0.3311
Proximity_Method_A: Mean = 0.4777, Std = 0.3288
Proximity_Method_B: Mean = 0.6341, Std = 0.2750
Proximity_Method_C: Mean = 0.4577, Std = 0.3094
Proximity_Method_B_C: Mean = 0.4775, Std = 0.2690

--- NAURC ---
Proximity_Baseline: Mean = 0.7392, Std = 0.2524
Proximity_Method_A: Mean = 0.7394, Std = 0.2526
Proximity_Method_B: Mean = 0.7132, Std = 0.2475
Proximity_Method_C: Mean = 0.7518, Std = 0.2568
Proximity_Method_B_C: Mean = 0.7519, Std = 0.2557

--- Statistical Validation (alpha = 0.05) ---

AUROC:
  Friedman Test: chi2 = 6.6667, p = 1.5459e-01
  Result: NOT SIGNIFICANT (p >= 0.05)

FPR95:
  Friedman Test: chi2 = 5.2414, p = 2.6341e-01
  Result: NOT SIGNIFICANT (p >= 0.05)

SPEARMAN:
  Friedman Test: chi2 = 3.7333, p = 4.4330e-01
  Result: NOT SIGNIFICANT (p >= 0.05)

BRIER:
  Friedman Test: chi2 = 6.6667, p = 1.5459e-01
  Result: NOT SIGNIFICANT (p >= 0.05)

MI:
  Friedman Test: chi2 = 6.6667, p = 1.5459e-01
  Result: NOT SIGNIFICANT (p >= 0.05)

JSD:
  Friedman Test: chi2 = 6.6667, p = 1.5459e-01
  Result: NOT SIGNIFICANT (p >= 0.05)

NAURC:
  Friedman Test: chi2 = 10.9333, p = 2.7324e-02
  Result: SIGNIFICANT (p < 0.05)
  Bonferroni-corrected alpha = 5.0000e-03
    Proximity_Baseline vs Proximity_Method_A: p = 1.0000e+00 ([NS])
    Proximity_Baseline vs Proximity_Method_B: p = 2.5000e-01 ([NS])
    Proximity_Baseline vs Proximity_Method_C: p = 2.5000e-01 ([NS])
    Proximity_Baseline vs Proximity_Method_B_C: p = 2.5000e-01 ([NS])
    Proximity_Method_A vs Proximity_Method_B: p = 2.5000e-01 ([NS])
    Proximity_Method_A vs Proximity_Method_C: p = 2.5000e-01 ([NS])
    Proximity_Method_A vs Proximity_Method_B_C: p = 2.5000e-01 ([NS])
    Proximity_Method_B vs Proximity_Method_C: p = 2.5000e-01 ([NS])
    Proximity_Method_B vs Proximity_Method_B_C: p = 2.5000e-01 ([NS])
    Proximity_Method_C vs Proximity_Method_B_C: p = 1.0000e+00 ([NS])


======================================================================
[SUCCESS] ALL TESTS COMPLETED SUCCESSFULLY
======================================================================
Total Runtime: 79.5 minutes (1.33 hours)
Evaluations: 180 tests (single-pass optimization)
Finished: 2026-07-10 02:28:38
======================================================================



================================================================================
COMPREHENSIVE STATISTICAL SUMMARY
================================================================================


--------------------------------------------------------------------------------
METRIC: AUROC
--------------------------------------------------------------------------------

                             DESCRIPTIVE STATISTICS                             
                     Proximity_Baseline Proximity_Method_A Proximity_Method_B Proximity_Method_C Proximity_Method_B_C
--------------------------------------------------------------------------------
All Functions        0.3318+/-0.2675   0.3309+/-0.2686   0.3192+/-0.2865   0.3395+/-0.2650   0.3469+/-0.2639  
1D Functions         0.8318+/-0.2005   0.8401+/-0.1849   0.8496+/-0.1858   0.6799+/-0.3087   0.6842+/-0.3072  
2D Functions         0.4632+/-0.1747   0.4586+/-0.1810   0.4863+/-0.2053   0.5766+/-0.2295   0.5869+/-0.2407  
3D Functions         0.2545+/-0.0788   0.2491+/-0.0800   0.2776+/-0.1354   0.3128+/-0.1361   0.3463+/-0.1323  
4D Functions         0.2626+/-0.0819   0.2602+/-0.0807   0.2936+/-0.1308   0.2665+/-0.0757   0.2991+/-0.1015  
5D Functions         0.2736+/-0.1300   0.2718+/-0.1271   0.2481+/-0.1235   0.2752+/-0.1324   0.2673+/-0.1194  
6D Functions         0.1247+/-0.0931   0.1250+/-0.0916   0.0986+/-0.0757   0.1278+/-0.0909   0.1224+/-0.0867  
7D Functions         0.1913+/-0.1811   0.1912+/-0.1811   0.2162+/-0.1551   0.1960+/-0.1634   0.2283+/-0.1237  
8D Functions         0.2322+/-0.1180   0.2301+/-0.1158   0.1232+/-0.0864   0.3028+/-0.1755   0.2916+/-0.1673  
9D Functions         0.1520+/-0.1510   0.1507+/-0.1497   0.0831+/-0.0980   0.1448+/-0.1297   0.1375+/-0.0998  
10D Functions        0.1622+/-0.1775   0.1621+/-0.1784   0.0785+/-0.1087   0.1453+/-0.1396   0.1208+/-0.1047  

          STATISTICAL TESTS (Friedman + Bonferroni-corrected Wilcoxon)          

> All Functions
  Friedman: chi2 =  13.5111, p = 9.0305e-03 **
  Bonferroni alpha = 5.0000e-03
  Pairwise Comparisons           p-value         Significant?   
  -----------------------------------------------------------------
  Proximity_Baseline vs Proximity_Method_A     7.4340e-02            [NS]
  Proximity_Baseline vs Proximity_Method_B     1.0109e-01            [NS]
  Proximity_Baseline vs Proximity_Method_C     4.2303e-01            [NS]
  Proximity_Baseline vs Proximity_Method_B_C     1.9745e-01            [NS]
  Proximity_Method_A vs Proximity_Method_B     1.4770e-01            [NS]
  Proximity_Method_A vs Proximity_Method_C     3.2255e-01            [NS]
  Proximity_Method_A vs Proximity_Method_B_C     1.5221e-01            [NS]
  Proximity_Method_B vs Proximity_Method_C     2.0868e-01            [NS]
  Proximity_Method_B vs Proximity_Method_B_C     4.4221e-02            [NS]
  Proximity_Method_C vs Proximity_Method_B_C     3.7073e-01            [NS]

> 1D Functions
  Friedman: chi2 =   3.3600, p = 4.9948e-01 ns
  -> No significant difference across methods (Friedman p >= 0.05)

> 2D Functions
  Friedman: chi2 =   7.6800, p = 1.0403e-01 ns
  -> No significant difference across methods (Friedman p >= 0.05)

> 3D Functions
  Friedman: chi2 =   6.8800, p = 1.4237e-01 ns
  -> No significant difference across methods (Friedman p >= 0.05)

> 4D Functions
  Friedman: chi2 =   1.8667, p = 7.6027e-01 ns
  -> No significant difference across methods (Friedman p >= 0.05)

> 5D Functions
  Friedman: chi2 =   1.3333, p = 8.5570e-01 ns
  -> No significant difference across methods (Friedman p >= 0.05)

> 6D Functions
  Friedman: chi2 =   4.5333, p = 3.3861e-01 ns
  -> No significant difference across methods (Friedman p >= 0.05)

> 7D Functions
  Friedman: chi2 =   0.2667, p = 9.9186e-01 ns
  -> No significant difference across methods (Friedman p >= 0.05)

> 8D Functions
  Friedman: chi2 =   6.6667, p = 1.5459e-01 ns
  -> No significant difference across methods (Friedman p >= 0.05)

> 9D Functions
  Friedman: chi2 =   7.2000, p = 1.2569e-01 ns
  -> No significant difference across methods (Friedman p >= 0.05)

> 10D Functions
  Friedman: chi2 =   6.6667, p = 1.5459e-01 ns
  -> No significant difference across methods (Friedman p >= 0.05)


--------------------------------------------------------------------------------
METRIC: FPR95
--------------------------------------------------------------------------------

                             DESCRIPTIVE STATISTICS                             
                     Proximity_Baseline Proximity_Method_A Proximity_Method_B Proximity_Method_C Proximity_Method_B_C
--------------------------------------------------------------------------------
All Functions        0.8538+/-0.2742   0.8569+/-0.2667   0.8348+/-0.2827   0.8623+/-0.2467   0.8507+/-0.2478  
1D Functions         0.2480+/-0.2564   0.2692+/-0.2504   0.2421+/-0.2622   0.4520+/-0.3609   0.4549+/-0.3482  
2D Functions         0.8379+/-0.1535   0.8384+/-0.1517   0.7546+/-0.1874   0.7106+/-0.2028   0.6674+/-0.2099  
3D Functions         0.9684+/-0.0304   0.9682+/-0.0319   0.9226+/-0.0864   0.9442+/-0.0842   0.9056+/-0.0957  
4D Functions         0.9374+/-0.0765   0.9377+/-0.0753   0.9034+/-0.1208   0.9365+/-0.0686   0.9154+/-0.0914  
5D Functions         0.9596+/-0.0667   0.9613+/-0.0646   0.9519+/-0.0763   0.9613+/-0.0541   0.9627+/-0.0373  
6D Functions         0.9941+/-0.0084   0.9939+/-0.0088   0.9952+/-0.0082   0.9924+/-0.0080   0.9898+/-0.0139  
7D Functions         0.9833+/-0.0241   0.9833+/-0.0241   0.9811+/-0.0143   0.9823+/-0.0208   0.9793+/-0.0127  
8D Functions         0.9837+/-0.0136   0.9836+/-0.0142   0.9951+/-0.0060   0.9837+/-0.0152   0.9925+/-0.0049  
9D Functions         0.9830+/-0.0239   0.9825+/-0.0251   0.9967+/-0.0061   0.9903+/-0.0125   0.9944+/-0.0048  
10D Functions        0.9813+/-0.0391   0.9810+/-0.0402   0.9956+/-0.0137   0.9899+/-0.0169   0.9940+/-0.0064  

          STATISTICAL TESTS (Friedman + Bonferroni-corrected Wilcoxon)          

> All Functions
  Friedman: chi2 =   5.1114, p = 2.7605e-01 ns
  -> No significant difference across methods (Friedman p >= 0.05)

> 1D Functions
  Friedman: chi2 =   4.6400, p = 3.2627e-01 ns
  -> No significant difference across methods (Friedman p >= 0.05)

> 2D Functions
  Friedman: chi2 =   9.1200, p = 5.8169e-02 ns
  -> No significant difference across methods (Friedman p >= 0.05)

> 3D Functions
  Friedman: chi2 =   6.5600, p = 1.6105e-01 ns
  -> No significant difference across methods (Friedman p >= 0.05)

> 4D Functions
  Friedman: chi2 =   6.4000, p = 1.7120e-01 ns
  -> No significant difference across methods (Friedman p >= 0.05)

> 5D Functions
  Friedman: chi2 =   1.0169, p = 9.0722e-01 ns
  -> No significant difference across methods (Friedman p >= 0.05)

> 6D Functions
  Friedman: chi2 =   2.1091, p = 7.1570e-01 ns
  -> No significant difference across methods (Friedman p >= 0.05)

> 7D Functions
  Friedman: chi2 =   1.2881, p = 8.6339e-01 ns
  -> No significant difference across methods (Friedman p >= 0.05)

> 8D Functions
  Friedman: chi2 =   1.8667, p = 7.6027e-01 ns
  -> No significant difference across methods (Friedman p >= 0.05)

> 9D Functions
  Friedman: chi2 =   1.2000, p = 8.7810e-01 ns
  -> No significant difference across methods (Friedman p >= 0.05)

> 10D Functions
  Friedman: chi2 =   5.2414, p = 2.6341e-01 ns
  -> No significant difference across methods (Friedman p >= 0.05)


--------------------------------------------------------------------------------
METRIC: AUPR
--------------------------------------------------------------------------------

                             DESCRIPTIVE STATISTICS                             
                     Proximity_Baseline Proximity_Method_A Proximity_Method_B Proximity_Method_C Proximity_Method_B_C
--------------------------------------------------------------------------------
All Functions        0.2888+/-0.2108   0.2899+/-0.2112   0.2866+/-0.2161   0.2932+/-0.2073   0.2967+/-0.2089  
1D Functions         0.7372+/-0.2502   0.7471+/-0.2327   0.7441+/-0.2553   0.6110+/-0.3147   0.6145+/-0.3108  
2D Functions         0.3025+/-0.0958   0.3024+/-0.0970   0.3001+/-0.1106   0.4047+/-0.2006   0.4115+/-0.2080  
3D Functions         0.2053+/-0.0177   0.2046+/-0.0177   0.2115+/-0.0301   0.2282+/-0.0777   0.2358+/-0.0706  
4D Functions         0.2037+/-0.0177   0.2031+/-0.0174   0.2134+/-0.0315   0.2046+/-0.0199   0.2124+/-0.0247  
5D Functions         0.2111+/-0.0342   0.2105+/-0.0333   0.2039+/-0.0265   0.2141+/-0.0460   0.2109+/-0.0379  
6D Functions         0.1814+/-0.0135   0.1814+/-0.0133   0.1776+/-0.0108   0.1814+/-0.0128   0.1805+/-0.0124  
7D Functions         0.2072+/-0.0579   0.2073+/-0.0585   0.2152+/-0.0687   0.2016+/-0.0435   0.2052+/-0.0407  
8D Functions         0.2019+/-0.0274   0.2014+/-0.0270   0.1812+/-0.0145   0.2694+/-0.1157   0.2835+/-0.1359  
9D Functions         0.1890+/-0.0265   0.1886+/-0.0260   0.1769+/-0.0137   0.1862+/-0.0218   0.1831+/-0.0160  
10D Functions        0.1960+/-0.0455   0.1963+/-0.0467   0.1777+/-0.0192   0.1876+/-0.0272   0.1815+/-0.0161  

          STATISTICAL TESTS (Friedman + Bonferroni-corrected Wilcoxon)          

> All Functions
  Friedman: chi2 =  10.6222, p = 3.1154e-02 *
  Bonferroni alpha = 5.0000e-03
  Pairwise Comparisons           p-value         Significant?   
  -----------------------------------------------------------------
  Proximity_Baseline vs Proximity_Method_A     5.4968e-01            [NS]
  Proximity_Baseline vs Proximity_Method_B     4.1403e-01            [NS]
  Proximity_Baseline vs Proximity_Method_C     5.0887e-01            [NS]
  Proximity_Baseline vs Proximity_Method_B_C     2.0868e-01            [NS]
  Proximity_Method_A vs Proximity_Method_B     2.9275e-01            [NS]
  Proximity_Method_A vs Proximity_Method_C     3.0742e-01            [NS]
  Proximity_Method_A vs Proximity_Method_B_C     1.2272e-01            [NS]
  Proximity_Method_B vs Proximity_Method_C     2.9275e-01            [NS]
  Proximity_Method_B vs Proximity_Method_B_C     2.0301e-01            [NS]
  Proximity_Method_C vs Proximity_Method_B_C     4.3214e-01            [NS]

> 1D Functions
  Friedman: chi2 =   4.3200, p = 3.6443e-01 ns
  -> No significant difference across methods (Friedman p >= 0.05)

> 2D Functions
  Friedman: chi2 =   8.4800, p = 7.5496e-02 ns
  -> No significant difference across methods (Friedman p >= 0.05)

> 3D Functions
  Friedman: chi2 =   5.6000, p = 2.3108e-01 ns
  -> No significant difference across methods (Friedman p >= 0.05)

> 4D Functions
  Friedman: chi2 =   1.8667, p = 7.6027e-01 ns
  -> No significant difference across methods (Friedman p >= 0.05)

> 5D Functions
  Friedman: chi2 =   3.2000, p = 5.2493e-01 ns
  -> No significant difference across methods (Friedman p >= 0.05)

> 6D Functions
  Friedman: chi2 =   4.0000, p = 4.0601e-01 ns
  -> No significant difference across methods (Friedman p >= 0.05)

> 7D Functions
  Friedman: chi2 =   1.3333, p = 8.5570e-01 ns
  -> No significant difference across methods (Friedman p >= 0.05)

> 8D Functions
  Friedman: chi2 =   6.6667, p = 1.5459e-01 ns
  -> No significant difference across methods (Friedman p >= 0.05)

> 9D Functions
  Friedman: chi2 =   6.6667, p = 1.5459e-01 ns
  -> No significant difference across methods (Friedman p >= 0.05)

> 10D Functions
  Friedman: chi2 =   6.6667, p = 1.5459e-01 ns
  -> No significant difference across methods (Friedman p >= 0.05)


--------------------------------------------------------------------------------
METRIC: SPEARMAN
--------------------------------------------------------------------------------

                             DESCRIPTIVE STATISTICS                             
                     Proximity_Baseline Proximity_Method_A Proximity_Method_B Proximity_Method_C Proximity_Method_B_C
--------------------------------------------------------------------------------
All Functions        0.0651+/-0.1547   0.0653+/-0.1551   0.0961+/-0.1859   0.0522+/-0.1467   0.0611+/-0.1551  
1D Functions         0.0271+/-0.1370   0.0084+/-0.1335   0.0651+/-0.1476   0.0098+/-0.1438   -0.0123+/-0.1124  
2D Functions         0.0524+/-0.1580   0.0759+/-0.1634   0.1771+/-0.2786   -0.0001+/-0.1243   0.0735+/-0.2083  
3D Functions         0.1460+/-0.2145   0.1466+/-0.2113   0.1478+/-0.2386   0.1210+/-0.1911   0.1111+/-0.1818  
4D Functions         0.1268+/-0.2249   0.1250+/-0.2247   0.1312+/-0.2319   0.1251+/-0.2160   0.1235+/-0.2136  
5D Functions         0.1115+/-0.1614   0.1085+/-0.1597   0.1318+/-0.1738   0.1102+/-0.1421   0.1203+/-0.1539  
6D Functions         0.1081+/-0.0959   0.1082+/-0.0952   0.1228+/-0.1046   0.1174+/-0.0921   0.1293+/-0.0942  
7D Functions         0.0431+/-0.0851   0.0423+/-0.0863   0.0643+/-0.0881   0.0429+/-0.0843   0.0574+/-0.0804  
8D Functions         0.0018+/-0.0311   0.0010+/-0.0319   0.0300+/-0.0453   0.0100+/-0.0310   0.0201+/-0.0293  
9D Functions         -0.0272+/-0.0717   -0.0270+/-0.0728   -0.0144+/-0.0773   -0.0479+/-0.0978   -0.0512+/-0.1062  
10D Functions        0.0419+/-0.0592   0.0404+/-0.0600   0.0380+/-0.0467   0.0510+/-0.0628   0.0467+/-0.0575  

          STATISTICAL TESTS (Friedman + Bonferroni-corrected Wilcoxon)          

> All Functions
  Friedman: chi2 =  19.9556, p = 5.0959e-04 ***
  Bonferroni alpha = 5.0000e-03
  Pairwise Comparisons           p-value         Significant?   
  -----------------------------------------------------------------
  Proximity_Baseline vs Proximity_Method_A     2.1447e-01            [NS]
  Proximity_Baseline vs Proximity_Method_B     2.8978e-04           [SIG]
  Proximity_Baseline vs Proximity_Method_C     3.3029e-01            [NS]
  Proximity_Baseline vs Proximity_Method_B_C     6.6938e-01            [NS]
  Proximity_Method_A vs Proximity_Method_B     2.3253e-04           [SIG]
  Proximity_Method_A vs Proximity_Method_C     3.7917e-01            [NS]
  Proximity_Method_A vs Proximity_Method_B_C     8.9507e-01            [NS]
  Proximity_Method_B vs Proximity_Method_C     2.4800e-03           [SIG]
  Proximity_Method_B vs Proximity_Method_B_C     9.9590e-03            [NS]
  Proximity_Method_C vs Proximity_Method_B_C     3.0742e-01            [NS]

> 1D Functions
  Friedman: chi2 =   4.9600, p = 2.9143e-01 ns
  -> No significant difference across methods (Friedman p >= 0.05)

> 2D Functions
  Friedman: chi2 =  15.8400, p = 3.2415e-03 **
  Bonferroni alpha = 5.0000e-03
  Pairwise Comparisons           p-value         Significant?   
  -----------------------------------------------------------------
  Proximity_Baseline vs Proximity_Method_A     8.1250e-01            [NS]
  Proximity_Baseline vs Proximity_Method_B     6.2500e-02            [NS]
  Proximity_Baseline vs Proximity_Method_C     6.2500e-02            [NS]
  Proximity_Baseline vs Proximity_Method_B_C     6.2500e-01            [NS]
  Proximity_Method_A vs Proximity_Method_B     1.8750e-01            [NS]
  Proximity_Method_A vs Proximity_Method_C     6.2500e-02            [NS]
  Proximity_Method_A vs Proximity_Method_B_C     6.2500e-01            [NS]
  Proximity_Method_B vs Proximity_Method_C     6.2500e-02            [NS]
  Proximity_Method_B vs Proximity_Method_B_C     6.2500e-02            [NS]
  Proximity_Method_C vs Proximity_Method_B_C     6.2500e-02            [NS]

> 3D Functions
  Friedman: chi2 =   3.6800, p = 4.5104e-01 ns
  -> No significant difference across methods (Friedman p >= 0.05)

> 4D Functions
  Friedman: chi2 =   0.5333, p = 9.7018e-01 ns
  -> No significant difference across methods (Friedman p >= 0.05)

> 5D Functions
  Friedman: chi2 =   3.4667, p = 4.8296e-01 ns
  -> No significant difference across methods (Friedman p >= 0.05)

> 6D Functions
  Friedman: chi2 =   8.0000, p = 9.1578e-02 ns
  -> No significant difference across methods (Friedman p >= 0.05)

> 7D Functions
  Friedman: chi2 =   9.3333, p = 5.3287e-02 ns
  -> No significant difference across methods (Friedman p >= 0.05)

> 8D Functions
  Friedman: chi2 =   8.0000, p = 9.1578e-02 ns
  -> No significant difference across methods (Friedman p >= 0.05)

> 9D Functions
  Friedman: chi2 =   6.6667, p = 1.5459e-01 ns
  -> No significant difference across methods (Friedman p >= 0.05)

> 10D Functions
  Friedman: chi2 =   3.7333, p = 4.4330e-01 ns
  -> No significant difference across methods (Friedman p >= 0.05)


--------------------------------------------------------------------------------
METRIC: BRIER
--------------------------------------------------------------------------------

                             DESCRIPTIVE STATISTICS                             
                     Proximity_Baseline Proximity_Method_A Proximity_Method_B Proximity_Method_C Proximity_Method_B_C
--------------------------------------------------------------------------------
All Functions        0.1911+/-0.0882   0.1913+/-0.0858   0.1766+/-0.0891   0.1966+/-0.0791   0.2001+/-0.0748  
1D Functions         0.1285+/-0.1150   0.1355+/-0.1074   0.1273+/-0.1064   0.1577+/-0.0995   0.1548+/-0.0993  
2D Functions         0.2610+/-0.0292   0.2590+/-0.0312   0.2535+/-0.0373   0.2374+/-0.0491   0.2310+/-0.0562  
3D Functions         0.2277+/-0.0314   0.2254+/-0.0327   0.2251+/-0.0536   0.2394+/-0.0260   0.2498+/-0.0247  
4D Functions         0.2283+/-0.0301   0.2276+/-0.0297   0.2319+/-0.0417   0.2309+/-0.0231   0.2403+/-0.0287  
5D Functions         0.2286+/-0.0473   0.2284+/-0.0470   0.2165+/-0.0637   0.2280+/-0.0407   0.2279+/-0.0419  
6D Functions         0.1413+/-0.0781   0.1418+/-0.0771   0.1245+/-0.0680   0.1465+/-0.0755   0.1442+/-0.0723  
7D Functions         0.1671+/-0.0894   0.1669+/-0.0893   0.1940+/-0.0601   0.1766+/-0.0858   0.2102+/-0.0484  
8D Functions         0.2125+/-0.0566   0.2120+/-0.0560   0.1468+/-0.0579   0.2254+/-0.0572   0.2237+/-0.0537  
9D Functions         0.1444+/-0.1004   0.1437+/-0.1005   0.1009+/-0.0817   0.1499+/-0.0865   0.1565+/-0.0651  
10D Functions        0.1421+/-0.1000   0.1418+/-0.0995   0.0948+/-0.0801   0.1449+/-0.0917   0.1390+/-0.0790  

          STATISTICAL TESTS (Friedman + Bonferroni-corrected Wilcoxon)          

> All Functions
  Friedman: chi2 =   9.3333, p = 5.3287e-02 ns
  -> No significant difference across methods (Friedman p >= 0.05)

> 1D Functions
  Friedman: chi2 =   2.5600, p = 6.3393e-01 ns
  -> No significant difference across methods (Friedman p >= 0.05)

> 2D Functions
  Friedman: chi2 =   5.4400, p = 2.4505e-01 ns
  -> No significant difference across methods (Friedman p >= 0.05)

> 3D Functions
  Friedman: chi2 =   6.5600, p = 1.6105e-01 ns
  -> No significant difference across methods (Friedman p >= 0.05)

> 4D Functions
  Friedman: chi2 =   2.9333, p = 5.6904e-01 ns
  -> No significant difference across methods (Friedman p >= 0.05)

> 5D Functions
  Friedman: chi2 =   1.3333, p = 8.5570e-01 ns
  -> No significant difference across methods (Friedman p >= 0.05)

> 6D Functions
  Friedman: chi2 =   4.5333, p = 3.3861e-01 ns
  -> No significant difference across methods (Friedman p >= 0.05)

> 7D Functions
  Friedman: chi2 =   0.5333, p = 9.7018e-01 ns
  -> No significant difference across methods (Friedman p >= 0.05)

> 8D Functions
  Friedman: chi2 =   6.6667, p = 1.5459e-01 ns
  -> No significant difference across methods (Friedman p >= 0.05)

> 9D Functions
  Friedman: chi2 =   7.2000, p = 1.2569e-01 ns
  -> No significant difference across methods (Friedman p >= 0.05)

> 10D Functions
  Friedman: chi2 =   6.6667, p = 1.5459e-01 ns
  -> No significant difference across methods (Friedman p >= 0.05)


--------------------------------------------------------------------------------
METRIC: MI
--------------------------------------------------------------------------------

                             DESCRIPTIVE STATISTICS                             
                     Proximity_Baseline Proximity_Method_A Proximity_Method_B Proximity_Method_C Proximity_Method_B_C
--------------------------------------------------------------------------------
All Functions        0.3909+/-0.2750   0.3962+/-0.2752   0.4583+/-0.2605   0.3534+/-0.2574   0.3529+/-0.2356  
1D Functions         0.8027+/-0.1075   0.8159+/-0.0887   0.8153+/-0.1217   0.7095+/-0.1806   0.7083+/-0.1672  
2D Functions         0.2861+/-0.1220   0.2936+/-0.1254   0.3602+/-0.0912   0.2802+/-0.1062   0.3282+/-0.1269  
3D Functions         0.2476+/-0.0999   0.2591+/-0.1051   0.3117+/-0.1551   0.1831+/-0.0584   0.1848+/-0.0643  
4D Functions         0.2294+/-0.0765   0.2308+/-0.0750   0.2536+/-0.0795   0.2150+/-0.0654   0.1984+/-0.0549  
5D Functions         0.2117+/-0.1126   0.2135+/-0.1135   0.2806+/-0.1830   0.1939+/-0.1128   0.2022+/-0.1172  
6D Functions         0.4650+/-0.2653   0.4640+/-0.2622   0.5182+/-0.2417   0.4406+/-0.2567   0.4498+/-0.2426  
7D Functions         0.3880+/-0.2814   0.3889+/-0.2804   0.3043+/-0.1692   0.3529+/-0.2729   0.2420+/-0.1425  
8D Functions         0.2356+/-0.1615   0.2390+/-0.1587   0.4415+/-0.1906   0.2048+/-0.1490   0.2407+/-0.1192  
9D Functions         0.4658+/-0.3294   0.4684+/-0.3293   0.6019+/-0.2932   0.4311+/-0.2866   0.4018+/-0.2171  
10D Functions        0.4676+/-0.3313   0.4685+/-0.3292   0.6213+/-0.2725   0.4474+/-0.3110   0.4643+/-0.2719  

          STATISTICAL TESTS (Friedman + Bonferroni-corrected Wilcoxon)          

> All Functions
  Friedman: chi2 =  38.3333, p = 9.5644e-08 ***
  Bonferroni alpha = 5.0000e-03
  Pairwise Comparisons           p-value         Significant?   
  -----------------------------------------------------------------
  Proximity_Baseline vs Proximity_Method_A     7.6381e-04           [SIG]
  Proximity_Baseline vs Proximity_Method_B     6.0106e-06           [SIG]
  Proximity_Baseline vs Proximity_Method_C     3.6922e-03           [SIG]
  Proximity_Baseline vs Proximity_Method_B_C     2.6031e-02            [NS]
  Proximity_Method_A vs Proximity_Method_B     5.5970e-05           [SIG]
  Proximity_Method_A vs Proximity_Method_C     3.1202e-03           [SIG]
  Proximity_Method_A vs Proximity_Method_B_C     1.8340e-02            [NS]
  Proximity_Method_B vs Proximity_Method_C     7.3658e-06           [SIG]
  Proximity_Method_B vs Proximity_Method_B_C     4.4004e-06           [SIG]
  Proximity_Method_C vs Proximity_Method_B_C     2.6482e-01            [NS]

> 1D Functions
  Friedman: chi2 =   1.6000, p = 8.0879e-01 ns
  -> No significant difference across methods (Friedman p >= 0.05)

> 2D Functions
  Friedman: chi2 =   6.7200, p = 1.5145e-01 ns
  -> No significant difference across methods (Friedman p >= 0.05)

> 3D Functions
  Friedman: chi2 =  13.9200, p = 7.5548e-03 **
  Bonferroni alpha = 5.0000e-03
  Pairwise Comparisons           p-value         Significant?   
  -----------------------------------------------------------------
  Proximity_Baseline vs Proximity_Method_A     6.2500e-02            [NS]
  Proximity_Baseline vs Proximity_Method_B     1.8750e-01            [NS]
  Proximity_Baseline vs Proximity_Method_C     6.2500e-02            [NS]
  Proximity_Baseline vs Proximity_Method_B_C     1.2500e-01            [NS]
  Proximity_Method_A vs Proximity_Method_B     3.1250e-01            [NS]
  Proximity_Method_A vs Proximity_Method_C     6.2500e-02            [NS]
  Proximity_Method_A vs Proximity_Method_B_C     6.2500e-02            [NS]
  Proximity_Method_B vs Proximity_Method_C     1.8750e-01            [NS]
  Proximity_Method_B vs Proximity_Method_B_C     6.2500e-02            [NS]
  Proximity_Method_C vs Proximity_Method_B_C     6.2500e-01            [NS]

> 4D Functions
  Friedman: chi2 =   1.3333, p = 8.5570e-01 ns
  -> No significant difference across methods (Friedman p >= 0.05)

> 5D Functions
  Friedman: chi2 =   1.3333, p = 8.5570e-01 ns
  -> No significant difference across methods (Friedman p >= 0.05)

> 6D Functions
  Friedman: chi2 =   6.6667, p = 1.5459e-01 ns
  -> No significant difference across methods (Friedman p >= 0.05)

> 7D Functions
  Friedman: chi2 =   1.3333, p = 8.5570e-01 ns
  -> No significant difference across methods (Friedman p >= 0.05)

> 8D Functions
  Friedman: chi2 =   8.2667, p = 8.2284e-02 ns
  -> No significant difference across methods (Friedman p >= 0.05)

> 9D Functions
  Friedman: chi2 =   7.2000, p = 1.2569e-01 ns
  -> No significant difference across methods (Friedman p >= 0.05)

> 10D Functions
  Friedman: chi2 =   6.6667, p = 1.5459e-01 ns
  -> No significant difference across methods (Friedman p >= 0.05)


--------------------------------------------------------------------------------
METRIC: JSD
--------------------------------------------------------------------------------

                             DESCRIPTIVE STATISTICS                             
                     Proximity_Baseline Proximity_Method_A Proximity_Method_B Proximity_Method_C Proximity_Method_B_C
--------------------------------------------------------------------------------
All Functions        0.4094+/-0.2752   0.4147+/-0.2751   0.4808+/-0.2588   0.3703+/-0.2564   0.3720+/-0.2362  
1D Functions         0.8296+/-0.0990   0.8412+/-0.0824   0.8355+/-0.1156   0.7319+/-0.1696   0.7334+/-0.1544  
2D Functions         0.3095+/-0.1262   0.3178+/-0.1299   0.3929+/-0.0943   0.3018+/-0.1078   0.3542+/-0.1322  
3D Functions         0.2714+/-0.1095   0.2838+/-0.1154   0.3399+/-0.1614   0.2025+/-0.0641   0.2060+/-0.0716  
4D Functions         0.2511+/-0.0825   0.2523+/-0.0807   0.2807+/-0.0859   0.2369+/-0.0728   0.2200+/-0.0603  
5D Functions         0.2299+/-0.1190   0.2319+/-0.1194   0.3032+/-0.1848   0.2093+/-0.1156   0.2186+/-0.1202  
6D Functions         0.4793+/-0.2583   0.4782+/-0.2548   0.5340+/-0.2367   0.4553+/-0.2487   0.4639+/-0.2366  
7D Functions         0.3982+/-0.2800   0.3986+/-0.2786   0.3271+/-0.1840   0.3650+/-0.2724   0.2636+/-0.1558  
8D Functions         0.2535+/-0.1680   0.2578+/-0.1651   0.4613+/-0.1928   0.2175+/-0.1608   0.2526+/-0.1350  
9D Functions         0.4734+/-0.3228   0.4757+/-0.3223   0.6153+/-0.2885   0.4414+/-0.2809   0.4119+/-0.2121  
10D Functions        0.4767+/-0.3311   0.4777+/-0.3288   0.6341+/-0.2750   0.4577+/-0.3094   0.4775+/-0.2690  

          STATISTICAL TESTS (Friedman + Bonferroni-corrected Wilcoxon)          

> All Functions
  Friedman: chi2 =  38.9556, p = 7.1153e-08 ***
  Bonferroni alpha = 5.0000e-03
  Pairwise Comparisons           p-value         Significant?   
  -----------------------------------------------------------------
  Proximity_Baseline vs Proximity_Method_A     1.9591e-03           [SIG]
  Proximity_Baseline vs Proximity_Method_B     1.0948e-05           [SIG]
  Proximity_Baseline vs Proximity_Method_C     3.3015e-03           [SIG]
  Proximity_Baseline vs Proximity_Method_B_C     2.6031e-02            [NS]
  Proximity_Method_A vs Proximity_Method_B     4.3318e-05           [SIG]
  Proximity_Method_A vs Proximity_Method_C     2.9478e-03           [SIG]
  Proximity_Method_A vs Proximity_Method_B_C     1.5284e-02            [NS]
  Proximity_Method_B vs Proximity_Method_C     6.6567e-06           [SIG]
  Proximity_Method_B vs Proximity_Method_B_C     3.1940e-06           [SIG]
  Proximity_Method_C vs Proximity_Method_B_C     1.1515e-01            [NS]

> 1D Functions
  Friedman: chi2 =   1.6000, p = 8.0879e-01 ns
  -> No significant difference across methods (Friedman p >= 0.05)

> 2D Functions
  Friedman: chi2 =   6.2400, p = 1.8193e-01 ns
  -> No significant difference across methods (Friedman p >= 0.05)

> 3D Functions
  Friedman: chi2 =  13.9200, p = 7.5548e-03 **
  Bonferroni alpha = 5.0000e-03
  Pairwise Comparisons           p-value         Significant?   
  -----------------------------------------------------------------
  Proximity_Baseline vs Proximity_Method_A     6.2500e-02            [NS]
  Proximity_Baseline vs Proximity_Method_B     1.8750e-01            [NS]
  Proximity_Baseline vs Proximity_Method_C     6.2500e-02            [NS]
  Proximity_Baseline vs Proximity_Method_B_C     1.2500e-01            [NS]
  Proximity_Method_A vs Proximity_Method_B     3.1250e-01            [NS]
  Proximity_Method_A vs Proximity_Method_C     6.2500e-02            [NS]
  Proximity_Method_A vs Proximity_Method_B_C     6.2500e-02            [NS]
  Proximity_Method_B vs Proximity_Method_C     1.8750e-01            [NS]
  Proximity_Method_B vs Proximity_Method_B_C     6.2500e-02            [NS]
  Proximity_Method_C vs Proximity_Method_B_C     6.2500e-01            [NS]

> 4D Functions
  Friedman: chi2 =   1.3333, p = 8.5570e-01 ns
  -> No significant difference across methods (Friedman p >= 0.05)

> 5D Functions
  Friedman: chi2 =   1.3333, p = 8.5570e-01 ns
  -> No significant difference across methods (Friedman p >= 0.05)

> 6D Functions
  Friedman: chi2 =   6.6667, p = 1.5459e-01 ns
  -> No significant difference across methods (Friedman p >= 0.05)

> 7D Functions
  Friedman: chi2 =   1.3333, p = 8.5570e-01 ns
  -> No significant difference across methods (Friedman p >= 0.05)

> 8D Functions
  Friedman: chi2 =   9.8667, p = 4.2735e-02 *
  Bonferroni alpha = 5.0000e-03
  Pairwise Comparisons           p-value         Significant?   
  -----------------------------------------------------------------
  Proximity_Baseline vs Proximity_Method_A     5.0000e-01            [NS]
  Proximity_Baseline vs Proximity_Method_B     2.5000e-01            [NS]
  Proximity_Baseline vs Proximity_Method_C     2.5000e-01            [NS]
  Proximity_Baseline vs Proximity_Method_B_C     1.0000e+00            [NS]
  Proximity_Method_A vs Proximity_Method_B     2.5000e-01            [NS]
  Proximity_Method_A vs Proximity_Method_C     2.5000e-01            [NS]
  Proximity_Method_A vs Proximity_Method_B_C     7.5000e-01            [NS]
  Proximity_Method_B vs Proximity_Method_C     2.5000e-01            [NS]
  Proximity_Method_B vs Proximity_Method_B_C     2.5000e-01            [NS]
  Proximity_Method_C vs Proximity_Method_B_C     2.5000e-01            [NS]

> 9D Functions
  Friedman: chi2 =   7.2000, p = 1.2569e-01 ns
  -> No significant difference across methods (Friedman p >= 0.05)

> 10D Functions
  Friedman: chi2 =   6.6667, p = 1.5459e-01 ns
  -> No significant difference across methods (Friedman p >= 0.05)


--------------------------------------------------------------------------------
METRIC: NAURC
--------------------------------------------------------------------------------

                             DESCRIPTIVE STATISTICS                             
                     Proximity_Baseline Proximity_Method_A Proximity_Method_B Proximity_Method_C Proximity_Method_B_C
--------------------------------------------------------------------------------
All Functions        0.6643+/-0.2662   0.6630+/-0.2651   0.6366+/-0.2623   0.7209+/-0.2829   0.7166+/-0.2803  
1D Functions         0.5041+/-0.2379   0.5016+/-0.2361   0.4893+/-0.2510   0.7020+/-0.3237   0.6994+/-0.3165  
2D Functions         0.8123+/-0.1503   0.8021+/-0.1497   0.7414+/-0.2014   0.9050+/-0.1503   0.8793+/-0.1819  
3D Functions         0.5626+/-0.3094   0.5639+/-0.3088   0.5454+/-0.3056   0.6138+/-0.3332   0.6113+/-0.3294  
4D Functions         0.4227+/-0.3300   0.4234+/-0.3295   0.4103+/-0.3228   0.4277+/-0.3315   0.4262+/-0.3298  
5D Functions         0.7311+/-0.2274   0.7320+/-0.2254   0.7021+/-0.2340   0.7711+/-0.2433   0.7654+/-0.2498  
6D Functions         0.6073+/-0.1794   0.6086+/-0.1791   0.5863+/-0.1801   0.6096+/-0.1887   0.6028+/-0.1900  
7D Functions         0.6177+/-0.2073   0.6173+/-0.2078   0.6096+/-0.1667   0.6310+/-0.2106   0.6443+/-0.1847  
8D Functions         0.8865+/-0.0724   0.8878+/-0.0718   0.8455+/-0.0663   0.9044+/-0.0780   0.8965+/-0.0751  
9D Functions         0.8351+/-0.0714   0.8351+/-0.0728   0.8124+/-0.0690   0.8540+/-0.0665   0.8616+/-0.0688  
10D Functions        0.7392+/-0.2524   0.7394+/-0.2526   0.7132+/-0.2475   0.7518+/-0.2568   0.7519+/-0.2557  

          STATISTICAL TESTS (Friedman + Bonferroni-corrected Wilcoxon)          

> All Functions
  Friedman: chi2 =  71.8000, p = 9.4592e-15 ***
  Bonferroni alpha = 5.0000e-03
  Pairwise Comparisons           p-value         Significant?   
  -----------------------------------------------------------------
  Proximity_Baseline vs Proximity_Method_A     9.0736e-01            [NS]
  Proximity_Baseline vs Proximity_Method_B     1.4610e-05           [SIG]
  Proximity_Baseline vs Proximity_Method_C     4.8810e-07           [SIG]
  Proximity_Baseline vs Proximity_Method_B_C     2.7887e-05           [SIG]
  Proximity_Method_A vs Proximity_Method_B     1.6059e-05           [SIG]
  Proximity_Method_A vs Proximity_Method_C     1.0841e-07           [SIG]
  Proximity_Method_A vs Proximity_Method_B_C     3.3327e-05           [SIG]
  Proximity_Method_B vs Proximity_Method_C     1.2544e-07           [SIG]
  Proximity_Method_B vs Proximity_Method_B_C     7.2760e-10           [SIG]
  Proximity_Method_C vs Proximity_Method_B_C     1.6634e-01            [NS]

> 1D Functions
  Friedman: chi2 =  15.2000, p = 4.3039e-03 **
  Bonferroni alpha = 5.0000e-03
  Pairwise Comparisons           p-value         Significant?   
  -----------------------------------------------------------------
  Proximity_Baseline vs Proximity_Method_A     3.1250e-01            [NS]
  Proximity_Baseline vs Proximity_Method_B     3.1250e-01            [NS]
  Proximity_Baseline vs Proximity_Method_C     6.2500e-02            [NS]
  Proximity_Baseline vs Proximity_Method_B_C     6.2500e-02            [NS]
  Proximity_Method_A vs Proximity_Method_B     6.2500e-01            [NS]
  Proximity_Method_A vs Proximity_Method_C     6.2500e-02            [NS]
  Proximity_Method_A vs Proximity_Method_B_C     6.2500e-02            [NS]
  Proximity_Method_B vs Proximity_Method_C     6.2500e-02            [NS]
  Proximity_Method_B vs Proximity_Method_B_C     6.2500e-02            [NS]
  Proximity_Method_C vs Proximity_Method_B_C     1.0000e+00            [NS]

> 2D Functions
  Friedman: chi2 =   5.9200, p = 2.0520e-01 ns
  -> No significant difference across methods (Friedman p >= 0.05)

> 3D Functions
  Friedman: chi2 =   8.8000, p = 6.6298e-02 ns
  -> No significant difference across methods (Friedman p >= 0.05)

> 4D Functions
  Friedman: chi2 =   2.9333, p = 5.6904e-01 ns
  -> No significant difference across methods (Friedman p >= 0.05)

> 5D Functions
  Friedman: chi2 =  10.9333, p = 2.7324e-02 *
  Bonferroni alpha = 5.0000e-03
  Pairwise Comparisons           p-value         Significant?   
  -----------------------------------------------------------------
  Proximity_Baseline vs Proximity_Method_A     7.5000e-01            [NS]
  Proximity_Baseline vs Proximity_Method_B     2.5000e-01            [NS]
  Proximity_Baseline vs Proximity_Method_C     2.5000e-01            [NS]
  Proximity_Baseline vs Proximity_Method_B_C     2.5000e-01            [NS]
  Proximity_Method_A vs Proximity_Method_B     2.5000e-01            [NS]
  Proximity_Method_A vs Proximity_Method_C     2.5000e-01            [NS]
  Proximity_Method_A vs Proximity_Method_B_C     2.5000e-01            [NS]
  Proximity_Method_B vs Proximity_Method_C     2.5000e-01            [NS]
  Proximity_Method_B vs Proximity_Method_B_C     2.5000e-01            [NS]
  Proximity_Method_C vs Proximity_Method_B_C     5.0000e-01            [NS]

> 6D Functions
  Friedman: chi2 =   3.4667, p = 4.8296e-01 ns
  -> No significant difference across methods (Friedman p >= 0.05)

> 7D Functions
  Friedman: chi2 =   4.5333, p = 3.3861e-01 ns
  -> No significant difference across methods (Friedman p >= 0.05)

> 8D Functions
  Friedman: chi2 =  11.4667, p = 2.1791e-02 *
  Bonferroni alpha = 5.0000e-03
  Pairwise Comparisons           p-value         Significant?   
  -----------------------------------------------------------------
  Proximity_Baseline vs Proximity_Method_A     7.5000e-01            [NS]
  Proximity_Baseline vs Proximity_Method_B     2.5000e-01            [NS]
  Proximity_Baseline vs Proximity_Method_C     2.5000e-01            [NS]
  Proximity_Baseline vs Proximity_Method_B_C     2.5000e-01            [NS]
  Proximity_Method_A vs Proximity_Method_B     2.5000e-01            [NS]
  Proximity_Method_A vs Proximity_Method_C     2.5000e-01            [NS]
  Proximity_Method_A vs Proximity_Method_B_C     2.5000e-01            [NS]
  Proximity_Method_B vs Proximity_Method_C     2.5000e-01            [NS]
  Proximity_Method_B vs Proximity_Method_B_C     2.5000e-01            [NS]
  Proximity_Method_C vs Proximity_Method_B_C     2.5000e-01            [NS]

> 9D Functions
  Friedman: chi2 =  10.9333, p = 2.7324e-02 *
  Bonferroni alpha = 5.0000e-03
  Pairwise Comparisons           p-value         Significant?   
  -----------------------------------------------------------------
  Proximity_Baseline vs Proximity_Method_A     1.0000e+00            [NS]
  Proximity_Baseline vs Proximity_Method_B     2.5000e-01            [NS]
  Proximity_Baseline vs Proximity_Method_C     2.5000e-01            [NS]
  Proximity_Baseline vs Proximity_Method_B_C     2.5000e-01            [NS]
  Proximity_Method_A vs Proximity_Method_B     2.5000e-01            [NS]
  Proximity_Method_A vs Proximity_Method_C     2.5000e-01            [NS]
  Proximity_Method_A vs Proximity_Method_B_C     2.5000e-01            [NS]
  Proximity_Method_B vs Proximity_Method_C     2.5000e-01            [NS]
  Proximity_Method_B vs Proximity_Method_B_C     2.5000e-01            [NS]
  Proximity_Method_C vs Proximity_Method_B_C     5.0000e-01            [NS]

> 10D Functions
  Friedman: chi2 =  10.9333, p = 2.7324e-02 *
  Bonferroni alpha = 5.0000e-03
  Pairwise Comparisons           p-value         Significant?   
  -----------------------------------------------------------------
  Proximity_Baseline vs Proximity_Method_A     1.0000e+00            [NS]
  Proximity_Baseline vs Proximity_Method_B     2.5000e-01            [NS]
  Proximity_Baseline vs Proximity_Method_C     2.5000e-01            [NS]
  Proximity_Baseline vs Proximity_Method_B_C     2.5000e-01            [NS]
  Proximity_Method_A vs Proximity_Method_B     2.5000e-01            [NS]
  Proximity_Method_A vs Proximity_Method_C     2.5000e-01            [NS]
  Proximity_Method_A vs Proximity_Method_B_C     2.5000e-01            [NS]
  Proximity_Method_B vs Proximity_Method_C     2.5000e-01            [NS]
  Proximity_Method_B vs Proximity_Method_B_C     2.5000e-01            [NS]
  Proximity_Method_C vs Proximity_Method_B_C     1.0000e+00            [NS]

================================================================================
Legend: *** p<0.001, ** p<0.01, * p<0.05, ns = not significant
================================================================================


[Report] Results saved to: results/unified_cluster_sweep_optimized/uncertainty_quantification_results_rf5_k100_sparse_m50_linear_20260710_022838.txt and results/unified_cluster_sweep_optimized/uncertainty_quantification_results_rf5_k100_sparse_m50_linear_20260710_022838.json
