
======================================================================
EPISTEMIC UNCERTAINTY QUANTIFICATION - COMPREHENSIVE TEST SUITE
Started: 2026-07-14 20:04:16
Config: RF Config=5, K Neighbors=20, Gap Type=empty, Multiplier=12, Scaling Law=linear, Runs=5, Topological Decay Lambda=None
======================================================================

[SETUP SUMMARY]
  * Functions: 1 total (5 1D, 5 2D, 5 3D, 3 4D, 3 5D, 3 6D, 3 7D, 3 8D, 3 9D, 3 10D, 1 11D, 1 12D, 1 13D, 1 14D, 1 15D)
  * Runs: 5 (total evaluations: 5)
  * Approaches: Hybrid_Shaker_Entropy_L20, Hybrid_Shaker_Entropy_L40, Hybrid_Shaker_Entropy_L70, Hybrid_Likelihood_L20, Hybrid_Likelihood_L40, Hybrid_Likelihood_L70
  * Metrics: AUROC, FPR@95TPR, Spearman, Brier, MI, JSD
  * Statistical tests: Friedman + Bonferroni-corrected Wilcoxon (alpha=0.05)
  * Proximity Device: GPU (CuPy)


######################################################################
# UNIFIED TEST: All Functions (aggregated by dimension)
######################################################################
Running 1 functions x 5 seeds = 5 evaluations (single pass)

[RUN 1/5] 
  >>> Starting: Function=abs_sin, Seed=0
    [TIMING] Data Generation: 0.0184 s
    [TIMING] Random Forest Fitting: 0.5634 s
    [TIMING] RF Predicting: 0.0441 s
    [TIMING] Base Aleatoric: 0.0005 s
Dynamically resolved Shaker batch size: 2000
   [GMM Shaker Profile] Total total_entropy calculation took: 1.238693s
[TIMING] Random Forest fit/check: 0.00 ms
[TIMING] OOB/In-bag index reconstruction: 206.28 ms
[TIMING] Leaf weights & density precomputation: 3843.55 ms
[TIMING] Transfer structures to backend: 0.02 ms
[TIMING] Total fit: 4049.85 ms
[TIMING] Random Forest fit/check: 0.00 ms
[TIMING] OOB/In-bag index reconstruction: 185.22 ms
[TIMING] Leaf weights & density precomputation: 242.69 ms
[TIMING] Transfer structures to backend: 0.02 ms
[TIMING] Total fit: 427.93 ms
Dynamically resolved Shaker batch size: 2000
   [GMM Shaker Profile] Total total_entropy calculation took: 1.388131s
    [TIMING] UQ Calculation (Hybrid_Shaker_Entropy_L20): 7.9654 s
Dynamically resolved Shaker batch size: 2000
   [GMM Shaker Profile] Total total_entropy calculation took: 1.321936s
[TIMING] Random Forest fit/check: 0.00 ms
[TIMING] OOB/In-bag index reconstruction: 188.30 ms
[TIMING] Leaf weights & density precomputation: 342.07 ms
[TIMING] Transfer structures to backend: 0.02 ms
[TIMING] Total fit: 530.40 ms
[TIMING] Random Forest fit/check: 0.00 ms
[TIMING] OOB/In-bag index reconstruction: 208.14 ms
[TIMING] Leaf weights & density precomputation: 245.27 ms
[TIMING] Transfer structures to backend: 0.02 ms
[TIMING] Total fit: 453.44 ms
Dynamically resolved Shaker batch size: 2000
   [GMM Shaker Profile] Total total_entropy calculation took: 1.349080s
    [TIMING] UQ Calculation (Hybrid_Shaker_Entropy_L40): 4.4166 s
Dynamically resolved Shaker batch size: 2000
   [GMM Shaker Profile] Total total_entropy calculation took: 1.328772s
[TIMING] Random Forest fit/check: 0.00 ms
[TIMING] OOB/In-bag index reconstruction: 190.39 ms
[TIMING] Leaf weights & density precomputation: 338.22 ms
[TIMING] Transfer structures to backend: 0.02 ms
[TIMING] Total fit: 528.63 ms
[TIMING] Random Forest fit/check: 0.00 ms
[TIMING] OOB/In-bag index reconstruction: 189.67 ms
[TIMING] Leaf weights & density precomputation: 242.84 ms
[TIMING] Transfer structures to backend: 0.02 ms
[TIMING] Total fit: 432.52 ms
Dynamically resolved Shaker batch size: 2000
   [GMM Shaker Profile] Total total_entropy calculation took: 1.306465s
    [TIMING] UQ Calculation (Hybrid_Shaker_Entropy_L70): 4.3336 s
Dynamically resolved Credal batch size: 1000
   [Credal UQ Profile] Model apply (test leaf IDs) took: 0.054940s
      [Credal UQ Profile] Leaf stats retrieval took: 0.006989s
      [Credal UQ Profile] Host-to-device transfer took: 0.000006s
      [Credal UQ Profile] Integration grid setup took: 0.028165s
      [Credal UQ Profile] supremum solver (bisection) took: 17.201137s
      [Credal UQ Profile] Integration & device sync took: 0.007650s
   [Credal UQ Profile] Batch [0:1000] took: 17.247730s
      [Credal UQ Profile] Leaf stats retrieval took: 0.008287s
      [Credal UQ Profile] Host-to-device transfer took: 0.000016s
      [Credal UQ Profile] Integration grid setup took: 0.028526s
      [Credal UQ Profile] supremum solver (bisection) took: 17.289814s
      [Credal UQ Profile] Integration & device sync took: 0.008748s
   [Credal UQ Profile] Batch [1000:2000] took: 17.338953s
      [Credal UQ Profile] Leaf stats retrieval took: 0.006054s
      [Credal UQ Profile] Host-to-device transfer took: 0.000007s
      [Credal UQ Profile] Integration grid setup took: 0.015015s
      [Credal UQ Profile] supremum solver (bisection) took: 8.713828s
      [Credal UQ Profile] Integration & device sync took: 0.003636s
   [Credal UQ Profile] Batch [2000:2500] took: 8.741608s
   [Credal UQ Profile] Total compute_uq execution took: 43.383330s
[TIMING] Random Forest fit/check: 0.00 ms
[TIMING] OOB/In-bag index reconstruction: 190.37 ms
[TIMING] Leaf weights & density precomputation: 335.87 ms
[TIMING] Transfer structures to backend: 0.02 ms
[TIMING] Total fit: 526.27 ms
[TIMING] Random Forest fit/check: 0.00 ms
[TIMING] OOB/In-bag index reconstruction: 189.14 ms
[TIMING] Leaf weights & density precomputation: 240.61 ms
[TIMING] Transfer structures to backend: 0.01 ms
[TIMING] Total fit: 429.77 ms
Dynamically resolved Credal batch size: 1000
   [Credal UQ Profile] Model apply (test leaf IDs) took: 0.033517s
      [Credal UQ Profile] Leaf stats retrieval took: 0.011901s
      [Credal UQ Profile] Host-to-device transfer took: 0.000008s
      [Credal UQ Profile] Integration grid setup took: 0.045520s
      [Credal UQ Profile] supremum solver (bisection) took: 16.892307s
      [Credal UQ Profile] Integration & device sync took: 0.007272s
   [Credal UQ Profile] Batch [0:1000] took: 16.960996s
      [Credal UQ Profile] Leaf stats retrieval took: 0.007915s
      [Credal UQ Profile] Host-to-device transfer took: 0.000015s
      [Credal UQ Profile] Integration grid setup took: 0.027689s
      [Credal UQ Profile] supremum solver (bisection) took: 16.939107s
      [Credal UQ Profile] Integration & device sync took: 0.008519s
   [Credal UQ Profile] Batch [1000:2000] took: 16.987003s
      [Credal UQ Profile] Leaf stats retrieval took: 0.005797s
      [Credal UQ Profile] Host-to-device transfer took: 0.000009s
      [Credal UQ Profile] Integration grid setup took: 0.017825s
      [Credal UQ Profile] supremum solver (bisection) took: 8.366642s
      [Credal UQ Profile] Integration & device sync took: 0.004248s
   [Credal UQ Profile] Batch [2000:2500] took: 8.397342s
   [Credal UQ Profile] Total compute_uq execution took: 42.378966s
    [TIMING] UQ Calculation (Hybrid_Likelihood_L20): 87.3492 s
