
======================================================================
EPISTEMIC UNCERTAINTY QUANTIFICATION - COMPREHENSIVE TEST SUITE
Started: 2026-07-14 20:04:16
Config: RF Config=5, K Neighbors=20, Gap Type=sparse, Multiplier=12, Scaling Law=linear, Runs=5, Topological Decay Lambda=None
======================================================================

[SETUP SUMMARY]
  * Functions: 1 total (5 1D, 5 2D, 5 3D, 3 4D, 3 5D, 3 6D, 3 7D, 3 8D, 3 9D, 3 10D, 1 11D, 1 12D, 1 13D, 1 14D, 1 15D)
  * Runs: 5 (total evaluations: 5)
  * Approaches: Hybrid_Shaker_Entropy_L20, Hybrid_Shaker_Entropy_L40, Hybrid_Shaker_Entropy_L70, Hybrid_Likelihood_L20, Hybrid_Likelihood_L40, Hybrid_Likelihood_L70
  * Metrics: AUROC, FPR@95TPR, Spearman, Brier, MI, JSD
  * Statistical tests: Friedman + Bonferroni-corrected Wilcoxon (alpha=0.05)
  * Proximity Device: GPU (CuPy)


######################################################################
# UNIFIED TEST: All Functions (aggregated by dimension)
######################################################################
Running 1 functions x 5 seeds = 5 evaluations (single pass)

[RUN 1/5] 
  >>> Starting: Function=abs_sin, Seed=0
    [TIMING] Data Generation: 0.0182 s
    [TIMING] Random Forest Fitting: 0.5693 s
    [TIMING] RF Predicting: 0.0547 s
    [TIMING] Base Aleatoric: 0.0004 s
Dynamically resolved Shaker batch size: 2000
   [GMM Shaker Profile] Total total_entropy calculation took: 1.222366s
[TIMING] Random Forest fit/check: 0.00 ms
[TIMING] OOB/In-bag index reconstruction: 210.22 ms
[TIMING] Leaf weights & density precomputation: 3859.15 ms
[TIMING] Transfer structures to backend: 0.02 ms
[TIMING] Total fit: 4069.38 ms
[TIMING] Random Forest fit/check: 0.01 ms
[TIMING] OOB/In-bag index reconstruction: 201.28 ms
[TIMING] Leaf weights & density precomputation: 270.38 ms
[TIMING] Transfer structures to backend: 0.02 ms
[TIMING] Total fit: 471.69 ms
Dynamically resolved Shaker batch size: 2000
   [GMM Shaker Profile] Total total_entropy calculation took: 1.380120s
    [TIMING] UQ Calculation (Hybrid_Shaker_Entropy_L20): 7.9746 s
Dynamically resolved Shaker batch size: 2000
   [GMM Shaker Profile] Total total_entropy calculation took: 1.301460s
[TIMING] Random Forest fit/check: 0.00 ms
[TIMING] OOB/In-bag index reconstruction: 214.43 ms
[TIMING] Leaf weights & density precomputation: 331.96 ms
[TIMING] Transfer structures to backend: 0.01 ms
[TIMING] Total fit: 546.40 ms
[TIMING] Random Forest fit/check: 0.00 ms
[TIMING] OOB/In-bag index reconstruction: 202.90 ms
[TIMING] Leaf weights & density precomputation: 241.45 ms
[TIMING] Transfer structures to backend: 0.02 ms
[TIMING] Total fit: 444.37 ms
Dynamically resolved Shaker batch size: 2000
   [GMM Shaker Profile] Total total_entropy calculation took: 1.358245s
    [TIMING] UQ Calculation (Hybrid_Shaker_Entropy_L40): 4.3858 s
Dynamically resolved Shaker batch size: 2000
   [GMM Shaker Profile] Total total_entropy calculation took: 1.303843s
[TIMING] Random Forest fit/check: 0.00 ms
[TIMING] OOB/In-bag index reconstruction: 199.28 ms
[TIMING] Leaf weights & density precomputation: 339.14 ms
[TIMING] Transfer structures to backend: 0.02 ms
[TIMING] Total fit: 538.43 ms
[TIMING] Random Forest fit/check: 0.00 ms
[TIMING] OOB/In-bag index reconstruction: 201.16 ms
[TIMING] Leaf weights & density precomputation: 244.67 ms
[TIMING] Transfer structures to backend: 0.02 ms
[TIMING] Total fit: 445.86 ms
Dynamically resolved Shaker batch size: 2000
   [GMM Shaker Profile] Total total_entropy calculation took: 1.312401s
    [TIMING] UQ Calculation (Hybrid_Shaker_Entropy_L70): 4.3738 s
Dynamically resolved Credal batch size: 1000
   [Credal UQ Profile] Model apply (test leaf IDs) took: 0.044620s
      [Credal UQ Profile] Leaf stats retrieval took: 0.007505s
      [Credal UQ Profile] Host-to-device transfer took: 0.000027s
      [Credal UQ Profile] Integration grid setup took: 0.028186s
      [Credal UQ Profile] supremum solver (bisection) took: 17.192615s
      [Credal UQ Profile] Integration & device sync took: 0.007093s
   [Credal UQ Profile] Batch [0:1000] took: 17.238853s
      [Credal UQ Profile] Leaf stats retrieval took: 0.009045s
      [Credal UQ Profile] Host-to-device transfer took: 0.000020s
      [Credal UQ Profile] Integration grid setup took: 0.028833s
      [Credal UQ Profile] supremum solver (bisection) took: 17.283377s
      [Credal UQ Profile] Integration & device sync took: 0.008749s
   [Credal UQ Profile] Batch [1000:2000] took: 17.333647s
      [Credal UQ Profile] Leaf stats retrieval took: 0.006742s
      [Credal UQ Profile] Host-to-device transfer took: 0.000008s
      [Credal UQ Profile] Integration grid setup took: 0.014923s
      [Credal UQ Profile] supremum solver (bisection) took: 8.665062s
      [Credal UQ Profile] Integration & device sync took: 0.004009s
   [Credal UQ Profile] Batch [2000:2500] took: 8.694110s
   [Credal UQ Profile] Total compute_uq execution took: 43.311335s
[TIMING] Random Forest fit/check: 0.03 ms
[TIMING] OOB/In-bag index reconstruction: 204.38 ms
[TIMING] Leaf weights & density precomputation: 334.96 ms
[TIMING] Transfer structures to backend: 0.02 ms
[TIMING] Total fit: 539.39 ms
[TIMING] Random Forest fit/check: 0.01 ms
[TIMING] OOB/In-bag index reconstruction: 199.54 ms
[TIMING] Leaf weights & density precomputation: 244.81 ms
[TIMING] Transfer structures to backend: 0.02 ms
[TIMING] Total fit: 444.38 ms
Dynamically resolved Credal batch size: 1000
   [Credal UQ Profile] Model apply (test leaf IDs) took: 0.056064s
      [Credal UQ Profile] Leaf stats retrieval took: 0.013237s
      [Credal UQ Profile] Host-to-device transfer took: 0.000010s
      [Credal UQ Profile] Integration grid setup took: 0.044607s
      [Credal UQ Profile] supremum solver (bisection) took: 16.874431s
      [Credal UQ Profile] Integration & device sync took: 0.006860s
   [Credal UQ Profile] Batch [0:1000] took: 16.942888s
      [Credal UQ Profile] Leaf stats retrieval took: 0.007026s
      [Credal UQ Profile] Host-to-device transfer took: 0.000010s
      [Credal UQ Profile] Integration grid setup took: 0.026855s
      [Credal UQ Profile] supremum solver (bisection) took: 16.953396s
      [Credal UQ Profile] Integration & device sync took: 0.008741s
   [Credal UQ Profile] Batch [1000:2000] took: 16.999913s
      [Credal UQ Profile] Leaf stats retrieval took: 0.007421s
      [Credal UQ Profile] Host-to-device transfer took: 0.000018s
      [Credal UQ Profile] Integration grid setup took: 0.018294s
      [Credal UQ Profile] supremum solver (bisection) took: 8.499351s
      [Credal UQ Profile] Integration & device sync took: 0.004044s
   [Credal UQ Profile] Batch [2000:2500] took: 8.531910s
   [Credal UQ Profile] Total compute_uq execution took: 42.530870s
    [TIMING] UQ Calculation (Hybrid_Likelihood_L20): 87.4674 s
