
======================================================================
EPISTEMIC UNCERTAINTY QUANTIFICATION - COMPREHENSIVE TEST SUITE
Started: 2026-07-14 20:04:16
Config: RF Config=1, K Neighbors=20, Gap Type=empty, Multiplier=12, Scaling Law=linear, Runs=5, Topological Decay Lambda=None
======================================================================

[SETUP SUMMARY]
  * Functions: 1 total (5 1D, 5 2D, 5 3D, 3 4D, 3 5D, 3 6D, 3 7D, 3 8D, 3 9D, 3 10D, 1 11D, 1 12D, 1 13D, 1 14D, 1 15D)
  * Runs: 5 (total evaluations: 5)
  * Approaches: Hybrid_Shaker_Entropy_L20, Hybrid_Shaker_Entropy_L40, Hybrid_Shaker_Entropy_L70, Hybrid_Likelihood_L20, Hybrid_Likelihood_L40, Hybrid_Likelihood_L70
  * Metrics: AUROC, FPR@95TPR, Spearman, Brier, MI, JSD
  * Statistical tests: Friedman + Bonferroni-corrected Wilcoxon (alpha=0.05)
  * Proximity Device: GPU (CuPy)


######################################################################
# UNIFIED TEST: All Functions (aggregated by dimension)
######################################################################
Running 1 functions x 5 seeds = 5 evaluations (single pass)

[RUN 1/5] 
  >>> Starting: Function=abs_sin, Seed=0
    [TIMING] Data Generation: 0.0184 s
    [TIMING] Random Forest Fitting: 0.3652 s
    [TIMING] RF Predicting: 0.0228 s
    [TIMING] Base Aleatoric: 0.0002 s
Dynamically resolved Shaker batch size: 2000
   [GMM Shaker Profile] Total total_entropy calculation took: 0.511608s
[TIMING] Random Forest fit/check: 0.00 ms
[TIMING] OOB/In-bag index reconstruction: 78.81 ms
[TIMING] Leaf weights & density precomputation: 5000.38 ms
[TIMING] Transfer structures to backend: 0.04 ms
[TIMING] Total fit: 5079.23 ms
[TIMING] Random Forest fit/check: 0.00 ms
[TIMING] OOB/In-bag index reconstruction: 74.36 ms
[TIMING] Leaf weights & density precomputation: 108.77 ms
[TIMING] Transfer structures to backend: 0.02 ms
[TIMING] Total fit: 183.16 ms
Dynamically resolved Shaker batch size: 2000
   [GMM Shaker Profile] Total total_entropy calculation took: 0.479475s
    [TIMING] UQ Calculation (Hybrid_Shaker_Entropy_L20): 6.6468 s
Dynamically resolved Shaker batch size: 2000
   [GMM Shaker Profile] Total total_entropy calculation took: 0.481695s
[TIMING] Random Forest fit/check: 0.00 ms
[TIMING] OOB/In-bag index reconstruction: 80.09 ms
[TIMING] Leaf weights & density precomputation: 303.53 ms
[TIMING] Transfer structures to backend: 0.02 ms
[TIMING] Total fit: 383.64 ms
[TIMING] Random Forest fit/check: 0.00 ms
[TIMING] OOB/In-bag index reconstruction: 73.38 ms
[TIMING] Leaf weights & density precomputation: 312.19 ms
[TIMING] Transfer structures to backend: 0.05 ms
[TIMING] Total fit: 385.61 ms
Dynamically resolved Shaker batch size: 2000
   [GMM Shaker Profile] Total total_entropy calculation took: 0.451939s
    [TIMING] UQ Calculation (Hybrid_Shaker_Entropy_L40): 2.0854 s
Dynamically resolved Shaker batch size: 2000
   [GMM Shaker Profile] Total total_entropy calculation took: 0.473267s
[TIMING] Random Forest fit/check: 0.00 ms
[TIMING] OOB/In-bag index reconstruction: 73.52 ms
[TIMING] Leaf weights & density precomputation: 276.81 ms
[TIMING] Transfer structures to backend: 0.02 ms
[TIMING] Total fit: 350.35 ms
[TIMING] Random Forest fit/check: 0.00 ms
[TIMING] OOB/In-bag index reconstruction: 70.91 ms
[TIMING] Leaf weights & density precomputation: 87.28 ms
[TIMING] Transfer structures to backend: 0.01 ms
[TIMING] Total fit: 158.21 ms
Dynamically resolved Shaker batch size: 2000
   [GMM Shaker Profile] Total total_entropy calculation took: 0.423912s
    [TIMING] UQ Calculation (Hybrid_Shaker_Entropy_L70): 1.7860 s
Dynamically resolved Credal batch size: 1000
   [Credal UQ Profile] Model apply (test leaf IDs) took: 0.024068s
      [Credal UQ Profile] Leaf stats retrieval took: 0.003173s
      [Credal UQ Profile] Host-to-device transfer took: 0.000006s
      [Credal UQ Profile] Integration grid setup took: 0.010659s
      [Credal UQ Profile] supremum solver (bisection) took: 5.255731s
      [Credal UQ Profile] Integration & device sync took: 0.002387s
   [Credal UQ Profile] Batch [0:1000] took: 5.274652s
      [Credal UQ Profile] Leaf stats retrieval took: 0.003655s
      [Credal UQ Profile] Host-to-device transfer took: 0.000007s
      [Credal UQ Profile] Integration grid setup took: 0.007938s
      [Credal UQ Profile] supremum solver (bisection) took: 5.140890s
      [Credal UQ Profile] Integration & device sync took: 0.002670s
   [Credal UQ Profile] Batch [1000:2000] took: 5.159774s
      [Credal UQ Profile] Leaf stats retrieval took: 0.003470s
      [Credal UQ Profile] Host-to-device transfer took: 0.000009s
      [Credal UQ Profile] Integration grid setup took: 0.006847s
      [Credal UQ Profile] supremum solver (bisection) took: 2.571145s
      [Credal UQ Profile] Integration & device sync took: 0.001754s
   [Credal UQ Profile] Batch [2000:2500] took: 2.586175s
   [Credal UQ Profile] Total compute_uq execution took: 13.044757s
[TIMING] Random Forest fit/check: 0.00 ms
[TIMING] OOB/In-bag index reconstruction: 72.03 ms
[TIMING] Leaf weights & density precomputation: 271.19 ms
[TIMING] Transfer structures to backend: 0.01 ms
[TIMING] Total fit: 343.23 ms
[TIMING] Random Forest fit/check: 0.00 ms
[TIMING] OOB/In-bag index reconstruction: 69.94 ms
[TIMING] Leaf weights & density precomputation: 91.51 ms
[TIMING] Transfer structures to backend: 0.01 ms
[TIMING] Total fit: 161.47 ms
Dynamically resolved Credal batch size: 1000
   [Credal UQ Profile] Model apply (test leaf IDs) took: 0.022579s
      [Credal UQ Profile] Leaf stats retrieval took: 0.002805s
      [Credal UQ Profile] Host-to-device transfer took: 0.000004s
      [Credal UQ Profile] Integration grid setup took: 0.010432s
      [Credal UQ Profile] supremum solver (bisection) took: 5.026586s
      [Credal UQ Profile] Integration & device sync took: 0.002534s
   [Credal UQ Profile] Batch [0:1000] took: 5.045212s
      [Credal UQ Profile] Leaf stats retrieval took: 0.004119s
      [Credal UQ Profile] Host-to-device transfer took: 0.000011s
      [Credal UQ Profile] Integration grid setup took: 0.010082s
      [Credal UQ Profile] supremum solver (bisection) took: 5.000988s
      [Credal UQ Profile] Integration & device sync took: 0.003280s
   [Credal UQ Profile] Batch [1000:2000] took: 5.021605s
      [Credal UQ Profile] Leaf stats retrieval took: 0.002264s
      [Credal UQ Profile] Host-to-device transfer took: 0.000006s
      [Credal UQ Profile] Integration grid setup took: 0.006948s
      [Credal UQ Profile] supremum solver (bisection) took: 2.462091s
      [Credal UQ Profile] Integration & device sync took: 0.001281s
   [Credal UQ Profile] Batch [2000:2500] took: 2.476366s
   [Credal UQ Profile] Total compute_uq execution took: 12.565861s
    [TIMING] UQ Calculation (Hybrid_Likelihood_L20): 26.4400 s
Dynamically resolved Credal batch size: 1000
   [Credal UQ Profile] Model apply (test leaf IDs) took: 0.022657s
      [Credal UQ Profile] Leaf stats retrieval took: 0.002883s
      [Credal UQ Profile] Host-to-device transfer took: 0.000004s
      [Credal UQ Profile] Integration grid setup took: 0.008536s
      [Credal UQ Profile] supremum solver (bisection) took: 5.207034s
      [Credal UQ Profile] Integration & device sync took: 0.002577s
   [Credal UQ Profile] Batch [0:1000] took: 5.224026s
      [Credal UQ Profile] Leaf stats retrieval took: 0.003953s
      [Credal UQ Profile] Host-to-device transfer took: 0.000013s
      [Credal UQ Profile] Integration grid setup took: 0.010674s
      [Credal UQ Profile] supremum solver (bisection) took: 5.197577s
      [Credal UQ Profile] Integration & device sync took: 0.002386s
   [Credal UQ Profile] Batch [1000:2000] took: 5.217487s
      [Credal UQ Profile] Leaf stats retrieval took: 0.002116s
      [Credal UQ Profile] Host-to-device transfer took: 0.000006s
      [Credal UQ Profile] Integration grid setup took: 0.005822s
      [Credal UQ Profile] supremum solver (bisection) took: 2.719015s
      [Credal UQ Profile] Integration & device sync took: 0.001373s
   [Credal UQ Profile] Batch [2000:2500] took: 2.731135s
   [Credal UQ Profile] Total compute_uq execution took: 13.195380s
[TIMING] Random Forest fit/check: 0.00 ms
[TIMING] OOB/In-bag index reconstruction: 74.53 ms
[TIMING] Leaf weights & density precomputation: 277.28 ms
[TIMING] Transfer structures to backend: 0.01 ms
[TIMING] Total fit: 351.82 ms
[TIMING] Random Forest fit/check: 0.00 ms
[TIMING] OOB/In-bag index reconstruction: 72.12 ms
[TIMING] Leaf weights & density precomputation: 86.87 ms
[TIMING] Transfer structures to backend: 0.02 ms
[TIMING] Total fit: 159.01 ms
Dynamically resolved Credal batch size: 1000
   [Credal UQ Profile] Model apply (test leaf IDs) took: 0.022897s
      [Credal UQ Profile] Leaf stats retrieval took: 0.007197s
      [Credal UQ Profile] Host-to-device transfer took: 0.000014s
      [Credal UQ Profile] Integration grid setup took: 0.015407s
      [Credal UQ Profile] supremum solver (bisection) took: 5.072442s
      [Credal UQ Profile] Integration & device sync took: 0.003324s
   [Credal UQ Profile] Batch [0:1000] took: 5.101497s
      [Credal UQ Profile] Leaf stats retrieval took: 0.003963s
      [Credal UQ Profile] Host-to-device transfer took: 0.000011s
      [Credal UQ Profile] Integration grid setup took: 0.010323s
      [Credal UQ Profile] supremum solver (bisection) took: 5.117566s
      [Credal UQ Profile] Integration & device sync took: 0.002313s
   [Credal UQ Profile] Batch [1000:2000] took: 5.137361s
      [Credal UQ Profile] Leaf stats retrieval took: 0.002012s
      [Credal UQ Profile] Host-to-device transfer took: 0.000006s
      [Credal UQ Profile] Integration grid setup took: 0.005958s
      [Credal UQ Profile] supremum solver (bisection) took: 2.495407s
      [Credal UQ Profile] Integration & device sync took: 0.001792s
   [Credal UQ Profile] Batch [2000:2500] took: 2.508298s
   [Credal UQ Profile] Total compute_uq execution took: 12.770140s
    [TIMING] UQ Calculation (Hybrid_Likelihood_L40): 26.8007 s
Dynamically resolved Credal batch size: 1000
   [Credal UQ Profile] Model apply (test leaf IDs) took: 0.022536s
      [Credal UQ Profile] Leaf stats retrieval took: 0.004000s
      [Credal UQ Profile] Host-to-device transfer took: 0.000006s
      [Credal UQ Profile] Integration grid setup took: 0.011724s
      [Credal UQ Profile] supremum solver (bisection) took: 5.170439s
      [Credal UQ Profile] Integration & device sync took: 0.002459s
   [Credal UQ Profile] Batch [0:1000] took: 5.192104s
      [Credal UQ Profile] Leaf stats retrieval took: 0.003348s
      [Credal UQ Profile] Host-to-device transfer took: 0.000020s
      [Credal UQ Profile] Integration grid setup took: 0.010574s
      [Credal UQ Profile] supremum solver (bisection) took: 5.204817s
      [Credal UQ Profile] Integration & device sync took: 0.002771s
   [Credal UQ Profile] Batch [1000:2000] took: 5.224687s
      [Credal UQ Profile] Leaf stats retrieval took: 0.003229s
      [Credal UQ Profile] Host-to-device transfer took: 0.000011s
      [Credal UQ Profile] Integration grid setup took: 0.006120s
      [Credal UQ Profile] supremum solver (bisection) took: 2.592426s
      [Credal UQ Profile] Integration & device sync took: 0.001288s
   [Credal UQ Profile] Batch [2000:2500] took: 2.606187s
   [Credal UQ Profile] Total compute_uq execution took: 13.045599s
[TIMING] Random Forest fit/check: 0.00 ms
[TIMING] OOB/In-bag index reconstruction: 71.02 ms
[TIMING] Leaf weights & density precomputation: 269.13 ms
[TIMING] Transfer structures to backend: 0.01 ms
[TIMING] Total fit: 340.16 ms
[TIMING] Random Forest fit/check: 0.00 ms
[TIMING] OOB/In-bag index reconstruction: 71.52 ms
[TIMING] Leaf weights & density precomputation: 85.42 ms
[TIMING] Transfer structures to backend: 0.01 ms
[TIMING] Total fit: 156.95 ms
Dynamically resolved Credal batch size: 1000
   [Credal UQ Profile] Model apply (test leaf IDs) took: 0.022172s
      [Credal UQ Profile] Leaf stats retrieval took: 0.003148s
      [Credal UQ Profile] Host-to-device transfer took: 0.000004s
      [Credal UQ Profile] Integration grid setup took: 0.010626s
      [Credal UQ Profile] supremum solver (bisection) took: 5.027921s
      [Credal UQ Profile] Integration & device sync took: 0.002949s
   [Credal UQ Profile] Batch [0:1000] took: 5.047663s
      [Credal UQ Profile] Leaf stats retrieval took: 0.003495s
      [Credal UQ Profile] Host-to-device transfer took: 0.000006s
      [Credal UQ Profile] Integration grid setup took: 0.010056s
      [Credal UQ Profile] supremum solver (bisection) took: 4.972931s
      [Credal UQ Profile] Integration & device sync took: 0.002350s
   [Credal UQ Profile] Batch [1000:2000] took: 4.991775s
      [Credal UQ Profile] Leaf stats retrieval took: 0.002182s
      [Credal UQ Profile] Host-to-device transfer took: 0.000006s
      [Credal UQ Profile] Integration grid setup took: 0.006330s
      [Credal UQ Profile] supremum solver (bisection) took: 2.530276s
      [Credal UQ Profile] Integration & device sync took: 0.001338s
   [Credal UQ Profile] Batch [2000:2500] took: 2.543644s
   [Credal UQ Profile] Total compute_uq execution took: 12.605312s
    [TIMING] UQ Calculation (Hybrid_Likelihood_L70): 26.4763 s
    [TIMING] Metrics Calculation: 0.1020 s
    [TIMING] Total Single Evaluation: 90.7764 s
 [OK] (90.8s, ETA: 6m remaining)
[RUN 2/5] 
  >>> Starting: Function=abs_sin, Seed=1
    [TIMING] Data Generation: 0.0011 s
    [TIMING] Random Forest Fitting: 0.1687 s
    [TIMING] RF Predicting: 0.0216 s
    [TIMING] Base Aleatoric: 0.0001 s
Dynamically resolved Shaker batch size: 2000
   [GMM Shaker Profile] Total total_entropy calculation took: 0.421230s
[TIMING] Random Forest fit/check: 0.00 ms
[TIMING] OOB/In-bag index reconstruction: 75.58 ms
[TIMING] Leaf weights & density precomputation: 275.79 ms
[TIMING] Transfer structures to backend: 0.01 ms
[TIMING] Total fit: 351.38 ms
[TIMING] Random Forest fit/check: 0.00 ms
[TIMING] OOB/In-bag index reconstruction: 69.43 ms
[TIMING] Leaf weights & density precomputation: 94.48 ms
[TIMING] Transfer structures to backend: 0.01 ms
[TIMING] Total fit: 163.91 ms
Dynamically resolved Shaker batch size: 2000
   [GMM Shaker Profile] Total total_entropy calculation took: 0.419608s
    [TIMING] UQ Calculation (Hybrid_Shaker_Entropy_L20): 1.7727 s
Dynamically resolved Shaker batch size: 2000
   [GMM Shaker Profile] Total total_entropy calculation took: 0.412127s
[TIMING] Random Forest fit/check: 0.00 ms
[TIMING] OOB/In-bag index reconstruction: 76.04 ms
[TIMING] Leaf weights & density precomputation: 273.47 ms
[TIMING] Transfer structures to backend: 0.01 ms
[TIMING] Total fit: 349.52 ms
[TIMING] Random Forest fit/check: 0.00 ms
[TIMING] OOB/In-bag index reconstruction: 76.06 ms
[TIMING] Leaf weights & density precomputation: 92.72 ms
[TIMING] Transfer structures to backend: 0.01 ms
[TIMING] Total fit: 168.79 ms
Dynamically resolved Shaker batch size: 2000
   [GMM Shaker Profile] Total total_entropy calculation took: 0.420911s
    [TIMING] UQ Calculation (Hybrid_Shaker_Entropy_L40): 1.7253 s
Dynamically resolved Shaker batch size: 2000
   [GMM Shaker Profile] Total total_entropy calculation took: 0.413414s
[TIMING] Random Forest fit/check: 0.00 ms
[TIMING] OOB/In-bag index reconstruction: 69.83 ms
[TIMING] Leaf weights & density precomputation: 277.58 ms
[TIMING] Transfer structures to backend: 0.01 ms
[TIMING] Total fit: 347.42 ms
[TIMING] Random Forest fit/check: 0.00 ms
[TIMING] OOB/In-bag index reconstruction: 69.24 ms
[TIMING] Leaf weights & density precomputation: 85.98 ms
[TIMING] Transfer structures to backend: 0.01 ms
[TIMING] Total fit: 155.24 ms
Dynamically resolved Shaker batch size: 2000
   [GMM Shaker Profile] Total total_entropy calculation took: 0.450234s
    [TIMING] UQ Calculation (Hybrid_Shaker_Entropy_L70): 1.7434 s
Dynamically resolved Credal batch size: 1000
   [Credal UQ Profile] Model apply (test leaf IDs) took: 0.023190s
      [Credal UQ Profile] Leaf stats retrieval took: 0.003031s
      [Credal UQ Profile] Host-to-device transfer took: 0.000004s
      [Credal UQ Profile] Integration grid setup took: 0.009253s
      [Credal UQ Profile] supremum solver (bisection) took: 5.287490s
      [Credal UQ Profile] Integration & device sync took: 0.003527s
   [Credal UQ Profile] Batch [0:1000] took: 5.307098s
      [Credal UQ Profile] Leaf stats retrieval took: 0.002920s
      [Credal UQ Profile] Host-to-device transfer took: 0.000007s
      [Credal UQ Profile] Integration grid setup took: 0.010110s
      [Credal UQ Profile] supremum solver (bisection) took: 5.225281s
      [Credal UQ Profile] Integration & device sync took: 0.003159s
   [Credal UQ Profile] Batch [1000:2000] took: 5.244785s
      [Credal UQ Profile] Leaf stats retrieval took: 0.002951s
      [Credal UQ Profile] Host-to-device transfer took: 0.000010s
      [Credal UQ Profile] Integration grid setup took: 0.006312s
      [Credal UQ Profile] supremum solver (bisection) took: 2.597729s
      [Credal UQ Profile] Integration & device sync took: 0.001234s
   [Credal UQ Profile] Batch [2000:2500] took: 2.611072s
   [Credal UQ Profile] Total compute_uq execution took: 13.186223s
[TIMING] Random Forest fit/check: 0.00 ms
[TIMING] OOB/In-bag index reconstruction: 71.91 ms
[TIMING] Leaf weights & density precomputation: 280.25 ms
[TIMING] Transfer structures to backend: 0.02 ms
[TIMING] Total fit: 352.17 ms
[TIMING] Random Forest fit/check: 0.00 ms
[TIMING] OOB/In-bag index reconstruction: 71.32 ms
[TIMING] Leaf weights & density precomputation: 86.77 ms
[TIMING] Transfer structures to backend: 0.02 ms
[TIMING] Total fit: 158.11 ms
Dynamically resolved Credal batch size: 1000
   [Credal UQ Profile] Model apply (test leaf IDs) took: 0.023504s
      [Credal UQ Profile] Leaf stats retrieval took: 0.003436s
      [Credal UQ Profile] Host-to-device transfer took: 0.000007s
      [Credal UQ Profile] Integration grid setup took: 0.010815s
      [Credal UQ Profile] supremum solver (bisection) took: 5.166487s
      [Credal UQ Profile] Integration & device sync took: 0.002933s
   [Credal UQ Profile] Batch [0:1000] took: 5.186823s
      [Credal UQ Profile] Leaf stats retrieval took: 0.003033s
      [Credal UQ Profile] Host-to-device transfer took: 0.000009s
      [Credal UQ Profile] Integration grid setup took: 0.012852s
      [Credal UQ Profile] supremum solver (bisection) took: 5.126541s
      [Credal UQ Profile] Integration & device sync took: 0.003449s
   [Credal UQ Profile] Batch [1000:2000] took: 5.149245s
      [Credal UQ Profile] Leaf stats retrieval took: 0.002629s
      [Credal UQ Profile] Host-to-device transfer took: 0.000006s
      [Credal UQ Profile] Integration grid setup took: 0.006531s
      [Credal UQ Profile] supremum solver (bisection) took: 2.501928s
      [Credal UQ Profile] Integration & device sync took: 0.001256s
   [Credal UQ Profile] Batch [2000:2500] took: 2.515316s
   [Credal UQ Profile] Total compute_uq execution took: 12.874965s
    [TIMING] UQ Calculation (Hybrid_Likelihood_L20): 26.8943 s
